09-06 17:17:15.201   929   929 W ContextImpl: Calling a method in the system process without a qualified user: android.app.ContextImpl.startService:1476 android.content.ContextWrapper.startService:650 com.android.commonbase.MvpBase.UIBase.BaseActivity.startAnjouDeviceService:205 com.android.commonbase.MvpBase.UIBase.BaseActivity.onCreate:32 com.vava.quickdevelop.Utils.Base.BaseNormalActivity.onCreate:44 
09-06 17:17:15.213   414   701 W ContextImpl: Calling a method in the system process without a qualified user: android.app.ContextImpl.sendBroadcast:966 com.anjou.beautysystemservice.BeautySystemService.setSystemNavigationBarVisibility:108 com.anjou.beautysystemservice.IBeautySystemService$Stub.onTransact:75 android.os.Binder.execTransact:697 <bottom of call stack> 
09-06 17:17:15.214   544   544 D StatusBar: Receiver broadcast to set navigation bar to 0
09-06 17:17:15.214   544   544 D StatusBar: conflict: Navigation is Hide Now!
09-06 17:17:15.233   929   929 W ContextImpl: Calling a method in the system process without a qualified user: android.app.ContextImpl.bindService:1556 android.content.ContextWrapper.bindService:684 com.baidu.location.LocationClient.b:107 com.baidu.location.LocationClient.p:0 com.baidu.location.LocationClient$a.handleMessage:167 
09-06 17:17:15.236  1183  1183 D baidu_location_service: baidu location service start1 ...20181201...1183
09-06 17:17:15.270   929  1279 I chatty  : uid=1000(system) com.anjou.cbl001.cn expire 8 lines
09-06 17:17:15.281  1183  1183 I baidu_location_service: LocationAuthManager Authentication AUTHENTICATE_SUCC
09-06 17:17:15.311   929  1275 I chatty  : uid=1000(system) com.anjou.cbl001.cn expire 2 lines
09-06 17:17:15.315   226   247 E BufferQueueProducer: [com.anjou.cbl001.cn/com.vava.quickdevelop.UI.Main.MainActivity#0] disconnect: not connected (req=1)
09-06 17:17:15.327  1183  1209 D baidu_location_service: baidu location service register ...
09-06 17:17:15.436  1183  1183 D baidu_location_service: baidu location service stop ...
09-06 17:17:15.479   226   247 E BufferQueueProducer: [com.anjou.cbl001.cn/com.vava.quickdevelop.UI.Main.LocationChangedDialog#0] disconnect: not connected (req=1)
09-06 17:17:15.503  1183  1209 D baidu_location_service: baidu location service has stoped ...
09-06 17:17:15.784   414   711 W ActivityManager: Duplicate finish request for ActivityRecord{a83c5ea u0 com.anjou.cbl001.cn/com.vava.quickdevelop.UI.Main.LocationChangedDialog t9 f}
09-06 17:17:15.805   528   533 I zygote  : Do partial code cache collection, code=61KB, data=38KB
09-06 17:17:15.811   528   533 I zygote  : After code cache collection, code=61KB, data=38KB
09-06 17:17:15.811   528   533 I zygote  : Increasing code cache capacity to 256KB
09-06 17:17:15.836   528   528 I zygote  : Deoptimizing void avk.setText(java.lang.CharSequence, android.widget.TextView$BufferType) due to JIT inline cache
09-06 17:17:15.841   528   528 I zygote  : Deoptimizing void com.google.android.apps.inputmethod.libs.framework.keyboard.SoftKeyView.d() due to JIT inline cache
09-06 17:17:15.926   528   528 W InputConnectionWrapper: Fixing selection indices to 0, 0
09-06 17:17:15.950   528  1294 D OpenGLRenderer: HWUI GL Pipeline
09-06 17:17:16.020   528  1294 I mali_so : [File] : hardware/rockchip/mali/mali_so_src_of_midgard/driver/product/base/src/mali_base_kbase.c; [Line] : 876; [Func] : base_context_deal_with_version_affairs_rk_ext;
09-06 17:17:16.020   528  1294 I mali_so : arm_release_ver of this mali_so is 'r18p0-01rel0', rk_so_ver is '9@0'.
09-06 17:17:16.020   528  1294 D mali_so : [File] : hardware/rockchip/mali/mali_so_src_of_midgard/driver/product/base/src/mali_base_kbase.c; [Line] : 881; [Func] : base_context_deal_with_version_affairs_rk_ext;
09-06 17:17:16.020   528  1294 D mali_so : current process is NOT sf, to bail out.
09-06 17:17:16.043   528  1294 I zygote  : android::hardware::configstore::V1_0::ISurfaceFlingerConfigs::hasWideColorDisplay retrieved: 0
09-06 17:17:16.043   528  1294 I OpenGLRenderer: Initialized EGL, version 1.4
09-06 17:17:16.043   528  1294 D OpenGLRenderer: Swap behavior 2
09-06 17:17:16.053   528  1294 D mali_winsys: EGLint new_window_surface(egl_winsys_display *, void *, EGLSurface, EGLConfig, egl_winsys_surface **, egl_color_buffer_format *, EGLBoolean) returns 0x3000
09-06 17:17:16.590  1164  1196 I zygote  : Waiting for a blocking GC ProfileSaver
09-06 17:17:17.449   929  1306 I chatty  : uid=1000(system) com.anjou.cbl001.cn expire 8 lines
09-06 17:17:17.706   929  1307 I chatty  : uid=1000(system) com.anjou.cbl001.cn expire 811 lines
09-06 17:17:17.819   929  1283 I chatty  : uid=1000(system) com.anjou.cbl001.cn expire 2 lines
09-06 17:17:18.028   929  1308 I chatty  : uid=1000(system) com.anjou.cbl001.cn expire 3541 lines
09-06 17:17:18.606   929  1282 I chatty  : uid=1000(system) com.anjou.cbl001.cn expire 9 lines
09-06 17:17:22.695   414   434 I ActivityManager: Start proc 1311:android.ext.services/u0a12 for service android.ext.services/.storage.CacheQuotaServiceImpl
09-06 17:17:22.724  1311  1311 I zygote  : The ClassLoaderContext is a special shared library.
09-06 17:17:26.957   948  1038 I chatty  : uid=1000(system) Thread-4 expire 10 lines
09-06 17:17:28.276   528   533 I zygote  : Do full code cache collection, code=125KB, data=84KB
09-06 17:17:28.277   528   533 I zygote  : After code cache collection, code=98KB, data=62KB
09-06 17:17:29.170   223   223 I WifiHAL : Got channel list with 13 channels
09-06 17:17:29.173   223   223 I WifiHAL : Got channel list with 0 channels
09-06 17:17:29.173   223   223 W WifiHAL : Ignoring invalid attribute type = 37, size = 0
09-06 17:17:29.174   223   223 I WifiHAL : Got channel list with 0 channels
09-06 17:17:29.174   223   223 W WifiHAL : Ignoring invalid attribute type = 37, size = 0
09-06 17:17:29.256   226   247 E BufferQueueProducer: [InputMethod#0] disconnect: not connected (req=1)
09-06 17:17:29.256   528  1294 W libEGL  : EGLNativeWindowType 0x907d9008 disconnect failed
09-06 17:17:29.906   528  1294 D mali_winsys: EGLint new_window_surface(egl_winsys_display *, void *, EGLSurface, EGLConfig, egl_winsys_surface **, egl_color_buffer_format *, EGLBoolean) returns 0x3000
09-06 17:17:29.959   528   528 W InputConnectionWrapper: Fixing selection indices to 0, 0
09-06 17:17:31.598   226   247 E BufferQueueProducer: [InputMethod#0] disconnect: not connected (req=1)
09-06 17:17:31.598   528  1294 W libEGL  : EGLNativeWindowType 0xa071f008 disconnect failed
09-06 17:17:32.115   414   469 I chatty  : uid=1000(system) AlarmManager expire 13 lines
09-06 17:17:32.176   929  1248 I chatty  : uid=1000(system) com.anjou.cbl001.cn expire 11 lines
09-06 17:17:32.574   929   929 I chatty  : uid=1000(system) com.anjou.cbl001.cn expire 28 lines
09-06 17:17:32.593   929  1337 I chatty  : uid=1000(system) com.anjou.cbl001.cn expire 8 lines
09-06 17:17:32.598   226   226 D SurfaceFlinger: duplicate layer name: changing com.anjou.cbl001.cn/com.vava.quickdevelop.UI.WellCome.LocationServiceActivity to com.anjou.cbl001.cn/com.vava.quickdevelop.UI.WellCome.LocationServiceActivity#1
09-06 17:17:32.605   929  1175 I chatty  : uid=1000(system) RenderThread expire 5 lines
09-06 17:17:32.693   219   264 I chatty  : uid=1000(system) HwBinder:219_3 expire 15 lines
09-06 17:17:32.703   226   246 E BufferQueueProducer: [com.anjou.cbl001.cn/com.vava.quickdevelop.UI.WellCome.LocationServiceActivity#1] disconnect: not connected (req=1)
09-06 17:17:32.721   226   246 E BufferQueueProducer: [SurfaceView - com.anjou.cbl001.cn/com.vava.quickdevelop.UI.WellCome.LocationServiceActivity#0] disconnect: not connected (req=1)
09-06 17:17:32.734   414   427 I chatty  : uid=1000(system) android.bg expire 21 lines
09-06 17:17:32.737   929  1161 I chatty  : uid=1000(system) glide-disk-cach expire 79 lines
09-06 17:17:32.778   414   711 W ContextImpl: Calling a method in the system process without a qualified user: android.app.ContextImpl.sendBroadcast:966 com.anjou.beautysystemservice.BeautySystemService.setSystemNavigationBarVisibility:108 com.anjou.beautysystemservice.IBeautySystemService$Stub.onTransact:75 android.os.Binder.execTransact:697 <bottom of call stack> 
09-06 17:17:32.780   544   544 D StatusBar: Receiver broadcast to set navigation bar to 0
09-06 17:17:32.780   544   544 D StatusBar: conflict: Navigation is Hide Now!
09-06 17:17:32.834   414   464 W ContextImpl: Calling a method in the system process without a qualified user: android.app.ContextImpl.sendBroadcast:966 com.anjou.beautysystemservice.BeautySystemService.setSystemNavigationBarVisibility:108 com.anjou.beautysystemservice.IBeautySystemService$Stub.onTransact:75 android.os.Binder.execTransact:697 <bottom of call stack> 
09-06 17:17:32.835   544   544 D StatusBar: Receiver broadcast to set navigation bar to 0
09-06 17:17:32.835   544   544 D StatusBar: conflict: Navigation is Hide Now!
09-06 17:17:32.840   929  1013 I chatty  : uid=1000(system) work_thread expire 6 lines
09-06 17:17:32.856   929  1338 I chatty  : uid=1000(system) com.anjou.cbl001.cn expire 29 lines
09-06 17:17:33.091   929   934 I chatty  : uid=1000(system) Jit thread pool expire 5 lines
09-06 17:17:33.204   226   470 E BufferQueueProducer: [com.anjou.cbl001.cn/com.vava.quickdevelop.UI.WellCome.LocationServiceActivity#0] disconnect: not connected (req=1)
09-06 17:17:33.569   414   424 W ActivityManager: Duplicate finish request for ActivityRecord{f117d9a u0 com.anjou.cbl001.cn/com.vava.quickdevelop.UI.WellCome.LocationServiceActivity t9 f}
09-06 17:17:40.428   854   968 I chatty  : uid=1000(system) RxCachedThreadS expire 12 lines
09-06 17:17:53.252   223   223 I WifiHAL : Got channel list with 13 channels
09-06 17:17:53.259   223   223 I WifiHAL : Got channel list with 0 channels
09-06 17:17:53.260   223   223 W WifiHAL : Ignoring invalid attribute type = 37, size = 0
09-06 17:17:53.265   223   223 I WifiHAL : Got channel list with 0 channels
09-06 17:17:53.265   223   223 W WifiHAL : Ignoring invalid attribute type = 37, size = 0
09-06 17:17:53.530   414  1342 I chatty  : uid=1000 system_server expire 1 line
09-06 17:18:10.350   223   223 D WifiHAL : Start get packet fate command
09-06 17:18:10.350   223   223 D WifiHAL : createRequest Get Tx packet fate request
09-06 17:18:10.351   223   223 D WifiHAL : In GetPktFateCommand::handleResponse
09-06 17:18:10.352   223   223 I WifiHAL : Id = 0, subcmd = 0, len = 8
09-06 17:18:10.352   223   223 I WifiHAL : Response recieved for get TX pkt fate command
09-06 17:18:10.352   223   223 I WifiHAL : No: of pkt fates provided is 0
09-06 17:18:10.359   223   223 D WifiHAL : Start get packet fate command
09-06 17:18:10.360   223   223 D WifiHAL : createRequest Get Rx packet fate request
09-06 17:18:10.361   223   223 D WifiHAL : In GetPktFateCommand::handleResponse
09-06 17:18:10.361   223   223 I WifiHAL : Id = 0, subcmd = 0, len = 8
09-06 17:18:10.362   223   223 I WifiHAL : Response recieved for get RX pkt fate command
09-06 17:18:10.362   223   223 I WifiHAL : No: of pkt fates provided is 32
09-06 17:18:10.426   854   968 I chatty  : uid=1000(system) RxCachedThreadS expire 12 lines
09-06 17:18:12.187   929   929 I chatty  : uid=1000(system) com.anjou.cbl001.cn expire 10 lines
09-06 17:18:33.251   223   223 I WifiHAL : Got channel list with 13 channels
09-06 17:18:33.258   223   223 I WifiHAL : Got channel list with 0 channels
09-06 17:18:33.258   223   223 W WifiHAL : Ignoring invalid attribute type = 37, size = 0
09-06 17:18:33.264   223   223 I WifiHAL : Got channel list with 0 channels
09-06 17:18:33.264   223   223 W WifiHAL : Ignoring invalid attribute type = 37, size = 0
09-06 17:18:34.116   414   424 I chatty  : uid=1000(system) Binder:414_1 expire 11 lines
09-06 17:18:40.491   854   968 I chatty  : uid=1000(system) RxCachedThreadS expire 36 lines
09-06 17:18:52.257   414   427 I chatty  : uid=1000(system) android.bg expire 10 lines
09-06 17:19:12.283   929   929 I chatty  : uid=1000(system) com.anjou.cbl001.cn expire 16 lines
09-06 17:19:53.255   223   223 I WifiHAL : Got channel list with 13 channels
09-06 17:19:53.261   223   223 I WifiHAL : Got channel list with 0 channels
09-06 17:19:53.261   223   223 W WifiHAL : Ignoring invalid attribute type = 37, size = 0
09-06 17:19:53.267   223   223 I WifiHAL : Got channel list with 0 channels
09-06 17:19:53.267   223   223 W WifiHAL : Ignoring invalid attribute type = 37, size = 0
09-06 17:19:59.980   693   693 I wpa_supplicant: wlan0: WPA: Group rekeying completed with ac:9e:17:7d:d4:20 [GTK=CCMP]
09-06 17:20:00.008   693   693 I wpa_supplicant: wlan0: WPA: Group rekeying completed with ac:9e:17:7d:d4:20 [GTK=CCMP]
09-06 17:20:10.576   854   968 I chatty  : uid=1000(system) RxCachedThreadS expire 60 lines
09-06 17:20:27.174   948  1038 I chatty  : uid=1000(system) Thread-4 expire 11 lines
09-06 17:20:52.442   929   929 I chatty  : uid=1000(system) com.anjou.cbl001.cn expire 13 lines
09-06 17:21:12.497   929  1248 I chatty  : uid=1000(system) com.anjou.cbl001.cn expire 11 lines
09-06 17:21:32.500   414   427 I chatty  : uid=1000(system) android.bg expire 11 lines
09-06 17:21:52.508   414   469 I chatty  : uid=1000(system) AlarmManager expire 11 lines
09-06 17:21:55.348   948  1052 I chatty  : uid=1000(system) com.anjou.beautydeviceservice expire 11 lines
09-06 17:22:11.312   929   929 W ContextImpl: Calling a method in the system process without a qualified user: android.app.ContextImpl.bindService:1556 android.content.ContextWrapper.bindService:684 com.baidu.location.LocationClient.b:107 com.baidu.location.LocationClient.p:0 com.baidu.location.LocationClient$a.handleMessage:167 
09-06 17:22:11.341  1183  1183 D baidu_location_service: baidu location service start1 ...20181201...1183
09-06 17:22:11.422  1183  1183 I baidu_location_service: LocationAuthManager Authentication AUTHENTICATE_SUCC
09-06 17:22:11.453  1183  1209 D baidu_location_service: baidu location service register ...
09-06 17:22:11.507  1183  1183 D baidu_location_service: baidu location service stop ...
09-06 17:22:11.543  1183  1209 D baidu_location_service: baidu location service has stoped ...
09-06 17:22:11.731   929  1348 I chatty  : uid=1000(system) com.anjou.cbl001.cn expire 28 lines
09-06 17:22:11.743   929   929 I chatty  : uid=1000(system) com.anjou.cbl001.cn expire 14 lines
09-06 17:22:33.258   223   223 I WifiHAL : Got channel list with 13 channels
09-06 17:22:33.264   223   223 I WifiHAL : Got channel list with 0 channels
09-06 17:22:33.264   223   223 W WifiHAL : Ignoring invalid attribute type = 37, size = 0
09-06 17:22:33.270   223   223 I WifiHAL : Got channel list with 0 channels
09-06 17:22:33.271   223   223 W WifiHAL : Ignoring invalid attribute type = 37, size = 0
09-06 17:22:40.730   854   968 I chatty  : uid=1000(system) RxCachedThreadS expire 60 lines
09-06 17:23:32.646   929   929 I chatty  : uid=1000(system) com.anjou.cbl001.cn expire 30 lines
09-06 17:23:45.412   948  1038 I chatty  : uid=1000(system) Thread-4 expire 10 lines
09-06 17:24:53.003   929  1248 I chatty  : uid=1000(system) com.anjou.cbl001.cn expire 11 lines
09-06 17:24:55.196   693   693 I wpa_supplicant: wlan0: WPA: Group rekeying completed with ac:9e:17:7d:d4:20 [GTK=CCMP]
09-06 17:25:05.351   948  1052 I chatty  : uid=1000(system) com.anjou.beautydeviceservice expire 13 lines
09-06 17:25:09.022   693   693 I wpa_supplicant: wlan0: WPA: Group rekeying completed with ac:9e:17:7d:d4:20 [GTK=CCMP]
09-06 17:25:10.878   854   968 I chatty  : uid=1000(system) RxCachedThreadS expire 36 lines
09-06 17:25:13.265   223   223 I WifiHAL : Got channel list with 13 channels
09-06 17:25:13.271   223   223 I WifiHAL : Got channel list with 0 channels
09-06 17:25:13.271   223   223 W WifiHAL : Ignoring invalid attribute type = 37, size = 0
09-06 17:25:13.277   223   223 I WifiHAL : Got channel list with 0 channels
09-06 17:25:13.277   223   223 W WifiHAL : Ignoring invalid attribute type = 37, size = 0
09-06 17:25:13.493   414   711 I chatty  : uid=1000(system) Binder:414_9 expire 14 lines
09-06 17:25:32.765   414   469 I chatty  : uid=1000(system) AlarmManager expire 14 lines
09-06 17:26:11.203   693   693 I wpa_supplicant: wlan0: WPA: Group rekeying completed with ac:9e:17:7d:d4:20 [GTK=CCMP]
09-06 17:26:40.950   854   968 I chatty  : uid=1000(system) RxCachedThreadS expire 12 lines
09-06 17:26:45.614   948  1038 I chatty  : uid=1000(system) Thread-4 expire 11 lines
09-06 17:26:52.877   929   929 I chatty  : uid=1000(system) com.anjou.cbl001.cn expire 10 lines
09-06 17:27:07.859   212   363 D CameraHal: camera_get_camera_info(1447): camera_get_camera_info(1447): camera_0 facing(0), orientation(0)
09-06 17:27:08.475   544   661 I zygote  : Deoptimizing void com.android.systemui.statusbar.policy.WifiSignalController.notifyListeners(com.android.systemui.statusbar.policy.NetworkController$SignalCallback) due to JIT inline cache
09-06 17:27:10.990   854   968 I chatty  : uid=1000(system) RxCachedThreadS expire 24 lines
09-06 17:27:11.332   929   929 W ContextImpl: Calling a method in the system process without a qualified user: android.app.ContextImpl.bindService:1556 android.content.ContextWrapper.bindService:684 com.baidu.location.LocationClient.b:107 com.baidu.location.LocationClient.p:0 com.baidu.location.LocationClient$a.handleMessage:167 
09-06 17:27:11.358  1183  1183 D baidu_location_service: baidu location service start1 ...20181201...1183
09-06 17:27:11.422  1183  1183 I baidu_location_service: LocationAuthManager Authentication AUTHENTICATE_SUCC
09-06 17:27:11.436  1183  1209 D baidu_location_service: baidu location service register ...
09-06 17:27:11.438   414   464 I chatty  : uid=1000(system) Binder:414_3 expire 10 lines
09-06 17:27:11.448  1183  1209 W Settings: Setting airplane_mode_on has moved from android.provider.Settings.System to android.provider.Settings.Global, returning read-only value.
09-06 17:27:11.601  1183  1358 W MessageQueue: Handler (com.baidu.location.b.h) {7b8fefd} sending message to a Handler on a dead thread
09-06 17:27:11.601  1183  1358 W MessageQueue: java.lang.IllegalStateException: Handler (com.baidu.location.b.h) {7b8fefd} sending message to a Handler on a dead thread
09-06 17:27:11.601  1183  1358 W MessageQueue: 	at android.os.MessageQueue.enqueueMessage(MessageQueue.java:545)
09-06 17:27:11.601  1183  1358 W MessageQueue: 	at android.os.Handler.enqueueMessage(Handler.java:662)
09-06 17:27:11.601  1183  1358 W MessageQueue: 	at android.os.Handler.sendMessageAtTime(Handler.java:631)
09-06 17:27:11.601  1183  1358 W MessageQueue: 	at android.os.Handler.sendMessageDelayed(Handler.java:601)
09-06 17:27:11.601  1183  1358 W MessageQueue: 	at android.os.Handler.sendEmptyMessageDelayed(Handler.java:565)
09-06 17:27:11.601  1183  1358 W MessageQueue: 	at android.os.Handler.sendEmptyMessage(Handler.java:550)
09-06 17:27:11.601  1183  1358 W MessageQueue: 	at com.baidu.location.b.g.c(Unknown Source:22)
09-06 17:27:11.601  1183  1358 W MessageQueue: 	at com.baidu.location.a.y.handleMessage(Unknown Source:21)
09-06 17:27:11.601  1183  1358 W MessageQueue: 	at android.os.Handler.dispatchMessage(Handler.java:106)
09-06 17:27:11.601  1183  1358 W MessageQueue: 	at android.os.Looper.loop(Looper.java:164)
09-06 17:27:11.601  1183  1358 W MessageQueue: 	at android.os.HandlerThread.run(HandlerThread.java:65)
09-06 17:27:14.351   223   223 I WifiHAL : Got channel list with 13 channels
09-06 17:27:14.357   223   223 I WifiHAL : Got channel list with 0 channels
09-06 17:27:14.358   223   223 W WifiHAL : Ignoring invalid attribute type = 37, size = 0
09-06 17:27:14.363   223   223 I WifiHAL : Got channel list with 0 channels
09-06 17:27:14.364   223   223 W WifiHAL : Ignoring invalid attribute type = 37, size = 0
09-06 17:27:15.370  1183  1183 D baidu_location_service: baidu location service stop ...
09-06 17:27:15.387  1183  1209 D baidu_location_service: baidu location service has stoped ...
09-06 17:27:15.734   929  1366 I chatty  : uid=1000(system) com.anjou.cbl001.cn expire 27 lines
09-06 17:27:15.738   929   929 I chatty  : uid=1000(system) com.anjou.cbl001.cn expire 14 lines
09-06 17:27:52.987   414   427 I chatty  : uid=1000(system) android.bg expire 16 lines
09-06 17:27:53.268   223   223 I WifiHAL : Got channel list with 13 channels
09-06 17:27:53.274   223   223 I WifiHAL : Got channel list with 0 channels
09-06 17:27:53.274   223   223 W WifiHAL : Ignoring invalid attribute type = 37, size = 0
09-06 17:27:53.280   223   223 I WifiHAL : Got channel list with 0 channels
09-06 17:27:53.281   223   223 W WifiHAL : Ignoring invalid attribute type = 37, size = 0
09-06 17:27:54.141   414   464 I chatty  : uid=1000(system) Binder:414_3 expire 4 lines
09-06 17:28:11.037   854   968 I chatty  : uid=1000(system) RxCachedThreadS expire 24 lines
09-06 17:28:33.058   929  1248 I chatty  : uid=1000(system) com.anjou.cbl001.cn expire 11 lines
09-06 17:28:53.066   929   929 I chatty  : uid=1000(system) com.anjou.cbl001.cn expire 16 lines
09-06 17:29:00.107   544   549 I zygote  : Do partial code cache collection, code=122KB, data=90KB
09-06 17:29:00.108   544   549 I zygote  : After code cache collection, code=120KB, data=89KB
09-06 17:29:00.108   544   549 I zygote  : Increasing code cache capacity to 512KB
09-06 17:29:05.877   693   693 I wpa_supplicant: wlan0: WPA: Group rekeying completed with ac:9e:17:7d:d4:20 [GTK=CCMP]
09-06 17:29:11.093   854   968 I chatty  : uid=1000(system) RxCachedThreadS expire 36 lines
09-06 17:30:03.836   948  1038 I chatty  : uid=1000(system) Thread-4 expire 10 lines
09-06 17:30:13.170   414   469 I chatty  : uid=1000(system) AlarmManager expire 10 lines
09-06 17:30:33.227   929   929 I chatty  : uid=1000(system) com.anjou.cbl001.cn expire 15 lines
09-06 17:30:33.265   223   223 I WifiHAL : Got channel list with 13 channels
09-06 17:30:33.271   223   223 I WifiHAL : Got channel list with 0 channels
09-06 17:30:33.271   223   223 W WifiHAL : Ignoring invalid attribute type = 37, size = 0
09-06 17:30:33.277   223   223 I WifiHAL : Got channel list with 0 channels
09-06 17:30:33.278   223   223 W WifiHAL : Ignoring invalid attribute type = 37, size = 0
09-06 17:30:41.209   854   968 I chatty  : uid=1000(system) RxCachedThreadS expire 49 lines
09-06 17:31:25.356   948  1052 I chatty  : uid=1000(system) com.anjou.beautydeviceservice expire 9 lines
09-06 17:32:11.346   929   929 W ContextImpl: Calling a method in the system process without a qualified user: android.app.ContextImpl.bindService:1556 android.content.ContextWrapper.bindService:684 com.baidu.location.LocationClient.b:107 com.baidu.location.LocationClient.p:0 com.baidu.location.LocationClient$a.handleMessage:167 
09-06 17:32:11.361  1183  1183 D baidu_location_service: baidu location service start1 ...20181201...1183
09-06 17:32:11.439  1183  1183 I baidu_location_service: LocationAuthManager Authentication AUTHENTICATE_SUCC
09-06 17:32:11.491  1183  1209 D baidu_location_service: baidu location service register ...
09-06 17:32:11.509   929   929 I chatty  : uid=1000(system) com.anjou.cbl001.cn expire 17 lines
09-06 17:32:11.515  1183  1183 D baidu_location_service: baidu location service stop ...
09-06 17:32:11.536  1183  1209 D baidu_location_service: baidu location service has stoped ...
09-06 17:32:11.643   929  1379 I chatty  : uid=1000(system) com.anjou.cbl001.cn expire 8 lines
09-06 17:32:11.649   414   424 I ActivityManager: START u0 {flg=0x10000000 cmp=com.anjou.cbl001.cn/com.vava.quickdevelop.UI.Main.LocationChangedDialog (has extras)} from uid 1000
09-06 17:32:11.653   414   424 I chatty  : uid=1000(system) Binder:414_1 expire 10 lines
09-06 17:32:11.697   929   929 W ContextImpl: Calling a method in the system process without a qualified user: android.app.ContextImpl.startService:1476 android.content.ContextWrapper.startService:650 com.android.commonbase.MvpBase.UIBase.BaseActivity.startAnjouDeviceService:205 com.android.commonbase.MvpBase.UIBase.BaseActivity.onCreate:32 com.vava.quickdevelop.Utils.Base.BaseNormalActivity.onCreate:44 
09-06 17:32:11.701   854   854 I chatty  : uid=1000(system) com.anjounail.deviceservice expire 1 line
09-06 17:32:11.837   219   219 I chatty  : uid=1000(system) composer@2.1-se expire 36 lines
09-06 17:32:13.404   929  1248 I chatty  : uid=1000(system) com.anjou.cbl001.cn expire 15 lines
09-06 17:32:55.962   854   968 I chatty  : uid=1000(system) RxCachedThreadS expire 12 lines
09-06 17:33:04.021   948  1038 I chatty  : uid=1000(system) Thread-4 expire 6 lines
09-06 17:33:13.271   223   223 I WifiHAL : Got channel list with 13 channels
09-06 17:33:13.277   223   223 I WifiHAL : Got channel list with 0 channels
09-06 17:33:13.278   223   223 W WifiHAL : Ignoring invalid attribute type = 37, size = 0
09-06 17:33:13.284   223   223 I WifiHAL : Got channel list with 0 channels
09-06 17:33:13.284   223   223 W WifiHAL : Ignoring invalid attribute type = 37, size = 0
09-06 17:33:13.464   929   929 I chatty  : uid=1000(system) com.anjou.cbl001.cn expire 28 lines
09-06 17:33:25.780   854   968 I chatty  : uid=1000(system) RxCachedThreadS expire 35 lines
09-06 17:33:33.476   414   469 I chatty  : uid=1000(system) AlarmManager expire 13 lines
09-06 17:33:33.499   414   427 I chatty  : uid=1000(system) android.bg expire 11 lines
09-06 17:34:00.050   219   264 I chatty  : uid=1000(system) HwBinder:219_3 expire 11 lines
09-06 17:34:35.358   948  1052 D print   : [V21] [virtual int NailPrintCmd::powerOffInkjet():176] 
09-06 17:34:35.358   948  1052 E print   : [V21] [setInkjetPWR:372] 
09-06 17:34:35.359   948  1052 D print   : [V21] [void InkjetBoardPowerManager::run():99] wait for inkjet board!
09-06 17:34:41.484   854   968 I chatty  : uid=1000(system) RxCachedThreadS expire 12 lines
09-06 17:34:52.132   948  1038 E stm32com: [V21] [heartbeatInner:149] 
09-06 17:35:10.151   948  1038 E stm32com: [V21] [heartbeatInner:149] 
09-06 17:35:11.489   854   968 I chatty  : uid=1000(system) RxCachedThreadS expire 12 lines
09-06 17:35:28.170   948  1038 E stm32com: [V21] [heartbeatInner:149] 
09-06 17:35:41.551   854   968 I chatty  : uid=1000(system) RxCachedThreadS expire 12 lines
09-06 17:35:46.189   948  1038 E stm32com: [V21] [heartbeatInner:149] 
09-06 17:36:04.209   948  1038 E stm32com: [V21] [heartbeatInner:149] 
09-06 17:36:10.359   948  1052 D print   : [V21] [void InkjetBoardPowerManager::run():103] need power off
09-06 17:36:10.360   948  1052 D print   : [V21] [virtual int NailPrintCmd::powerOffInkjet():176] 
09-06 17:36:10.360   948  1052 E print   : [V21] [setInkjetPWR:372] 
09-06 17:36:10.360   948  1052 D print   : [V21] [void InkjetBoardPowerManager::run():99] wait for inkjet board!
09-06 17:36:11.591   854   968 I chatty  : uid=1000(system) RxCachedThreadS expire 12 lines
09-06 17:36:13.725   929   929 I chatty  : uid=1000(system) com.anjou.cbl001.cn expire 22 lines
09-06 17:36:22.228   948  1038 E stm32com: [V21] [heartbeatInner:149] 
09-06 17:36:40.247   948  1038 E stm32com: [V21] [heartbeatInner:149] 
09-06 17:36:41.631   854   968 I chatty  : uid=1000(system) RxCachedThreadS expire 12 lines
09-06 17:36:52.684   414   427 I UsageStatsService: User[0] Flushing usage stats to disk
09-06 17:36:55.440   223   223 I WifiHAL : Got channel list with 13 channels
09-06 17:36:55.441   223   223 I WifiHAL : Got channel list with 0 channels
09-06 17:36:55.441   223   223 W WifiHAL : Ignoring invalid attribute type = 37, size = 0
09-06 17:36:55.443   223   223 I WifiHAL : Got channel list with 0 channels
09-06 17:36:55.443   223   223 W WifiHAL : Ignoring invalid attribute type = 37, size = 0
09-06 17:36:58.266   948  1038 E stm32com: [V21] [heartbeatInner:149] 
09-06 17:37:00.080   219   219 I chatty  : uid=1000(system) composer@2.1-se expire 11 lines
09-06 17:37:07.993   212   363 D CameraHal: camera_get_camera_info(1447): camera_get_camera_info(1447): camera_0 facing(0), orientation(0)
09-06 17:37:11.361   929   929 W ContextImpl: Calling a method in the system process without a qualified user: android.app.ContextImpl.bindService:1556 android.content.ContextWrapper.bindService:684 com.baidu.location.LocationClient.b:107 com.baidu.location.LocationClient.p:0 com.baidu.location.LocationClient$a.handleMessage:167 
09-06 17:37:11.387  1183  1183 D baidu_location_service: baidu location service start1 ...20181201...1183
09-06 17:37:11.444  1183  1183 I baidu_location_service: LocationAuthManager Authentication AUTHENTICATE_SUCC
09-06 17:37:11.459  1183  1209 D baidu_location_service: baidu location service register ...
09-06 17:37:11.649  1183  1183 D baidu_location_service: baidu location service stop ...
09-06 17:37:11.665   854   968 I chatty  : uid=1000(system) RxCachedThreadS expire 12 lines
09-06 17:37:11.671  1183  1209 D baidu_location_service: baidu location service has stoped ...
09-06 17:37:11.837   929  1397 I chatty  : uid=1000(system) com.anjou.cbl001.cn expire 8 lines
09-06 17:37:14.010   929  1248 I chatty  : uid=1000(system) com.anjou.cbl001.cn expire 12 lines
09-06 17:37:16.286   948  1038 E stm32com: [V21] [heartbeatInner:149] 
09-06 17:37:33.848   414   427 I chatty  : uid=1000(system) android.bg expire 10 lines
09-06 17:37:34.305   948  1038 E stm32com: [V21] [heartbeatInner:149] 
09-06 17:37:41.712   854   968 I chatty  : uid=1000(system) RxCachedThreadS expire 12 lines
09-06 17:37:45.361   948  1052 D print   : [V21] [void InkjetBoardPowerManager::run():103] need power off
09-06 17:37:45.361   948  1052 D print   : [V21] [virtual int NailPrintCmd::powerOffInkjet():176] 
09-06 17:37:45.361   948  1052 E print   : [V21] [setInkjetPWR:372] 
09-06 17:37:45.361   948  1052 D print   : [V21] [void InkjetBoardPowerManager::run():99] wait for inkjet board!
09-06 17:37:52.324   948  1038 E stm32com: [V21] [heartbeatInner:149] 
09-06 17:37:53.854   414   469 I chatty  : uid=1000(system) AlarmManager expire 16 lines
09-06 17:38:10.343   948  1038 E stm32com: [V21] [heartbeatInner:149] 
09-06 17:38:11.741   854   968 I chatty  : uid=1000(system) RxCachedThreadS expire 12 lines
09-06 17:38:13.911   929   929 I chatty  : uid=1000(system) com.anjou.cbl001.cn expire 16 lines
09-06 17:38:28.362   948  1038 E stm32com: [V21] [heartbeatInner:149] 
09-06 17:38:41.781   854   968 I chatty  : uid=1000(system) RxCachedThreadS expire 12 lines
09-06 17:38:46.382   948  1038 E stm32com: [V21] [heartbeatInner:149] 
09-06 17:39:04.401   948  1038 E stm32com: [V21] [heartbeatInner:149] 
09-06 17:39:11.818   854   968 I chatty  : uid=1000(system) RxCachedThreadS expire 12 lines
09-06 17:39:20.362   948  1052 D print   : [V21] [void InkjetBoardPowerManager::run():103] need power off
09-06 17:39:20.362   948  1052 D print   : [V21] [virtual int NailPrintCmd::powerOffInkjet():176] 
09-06 17:39:20.363   948  1052 E print   : [V21] [setInkjetPWR:372] 
09-06 17:39:20.363   948  1052 D print   : [V21] [void InkjetBoardPowerManager::run():99] wait for inkjet board!
09-06 17:39:22.420   948  1038 E stm32com: [V21] [heartbeatInner:149] 
09-06 17:39:35.448   223   223 I WifiHAL : Got channel list with 13 channels
09-06 17:39:35.454   223   223 I WifiHAL : Got channel list with 0 channels
09-06 17:39:35.454   223   223 W WifiHAL : Ignoring invalid attribute type = 37, size = 0
09-06 17:39:35.460   223   223 I WifiHAL : Got channel list with 0 channels
09-06 17:39:35.461   223   223 W WifiHAL : Ignoring invalid attribute type = 37, size = 0
09-06 17:39:40.438   948  1038 E stm32com: [V21] [heartbeatInner:149] 
09-06 17:39:41.858   854   968 I chatty  : uid=1000(system) RxCachedThreadS expire 12 lines
09-06 17:39:54.062   929   929 I chatty  : uid=1000(system) com.anjou.cbl001.cn expire 15 lines
09-06 17:39:57.798   693   693 I wpa_supplicant: wlan0: WPA: Group rekeying completed with ac:9e:17:7d:d4:20 [GTK=CCMP]
09-06 17:39:57.811   693   693 I wpa_supplicant: wlan0: WPA: Group rekeying completed with ac:9e:17:7d:d4:20 [GTK=CCMP]
09-06 17:39:58.456   948  1038 E stm32com: [V21] [heartbeatInner:149] 
09-06 17:40:02.792   219   219 I chatty  : uid=1000(system) composer@2.1-se expire 14 lines
09-06 17:40:09.139   693   693 I wpa_supplicant: wlan0: WPA: Group rekeying completed with ac:9e:17:7d:d4:20 [GTK=CCMP]
09-06 17:40:11.867   854   968 I chatty  : uid=1000(system) RxCachedThreadS expire 12 lines
09-06 17:40:16.475   948  1038 E stm32com: [V21] [heartbeatInner:149] 
09-06 17:40:34.495   948  1038 E stm32com: [V21] [heartbeatInner:149] 
09-06 17:40:41.907   854   968 I chatty  : uid=1000(system) RxCachedThreadS expire 12 lines
09-06 17:40:52.516   948  1038 E stm32com: [V21] [heartbeatInner:149] 
09-06 17:40:55.363   948  1052 D print   : [V21] [void InkjetBoardPowerManager::run():103] need power off
09-06 17:40:55.364   948  1052 D print   : [V21] [virtual int NailPrintCmd::powerOffInkjet():176] 
09-06 17:40:55.364   948  1052 E print   : [V21] [setInkjetPWR:372] 
09-06 17:40:55.364   948  1052 D print   : [V21] [void InkjetBoardPowerManager::run():99] wait for inkjet board!
09-06 17:41:10.537   948  1038 E stm32com: [V21] [heartbeatInner:149] 
09-06 17:41:11.947   854   968 I chatty  : uid=1000(system) RxCachedThreadS expire 12 lines
09-06 17:41:14.287   929  1248 I chatty  : uid=1000(system) com.anjou.cbl001.cn expire 13 lines
09-06 17:41:28.558   948  1038 E stm32com: [V21] [heartbeatInner:149] 
09-06 17:41:34.213   414   427 I chatty  : uid=1000(system) android.bg expire 18 lines
09-06 17:41:34.217   929   929 I chatty  : uid=1000(system) com.anjou.cbl001.cn expire 11 lines
09-06 17:41:41.967   854   968 I chatty  : uid=1000(system) RxCachedThreadS expire 12 lines
09-06 17:41:46.579   948  1038 E stm32com: [V21] [heartbeatInner:149] 
09-06 17:42:04.600   948  1038 E stm32com: [V21] [heartbeatInner:149] 
09-06 17:42:11.379   929   929 W ContextImpl: Calling a method in the system process without a qualified user: android.app.ContextImpl.bindService:1556 android.content.ContextWrapper.bindService:684 com.baidu.location.LocationClient.b:107 com.baidu.location.LocationClient.p:0 com.baidu.location.LocationClient$a.handleMessage:167 
09-06 17:42:11.408  1183  1183 D baidu_location_service: baidu location service start1 ...20181201...1183
09-06 17:42:11.482  1183  1183 I baidu_location_service: LocationAuthManager Authentication AUTHENTICATE_SUCC
09-06 17:42:11.510  1183  1209 D baidu_location_service: baidu location service register ...
09-06 17:42:11.841  1183  1183 D baidu_location_service: baidu location service stop ...
09-06 17:42:11.846  1183  1209 D baidu_location_service: baidu location service has stoped ...
09-06 17:42:11.987   854   968 I chatty  : uid=1000(system) RxCachedThreadS expire 12 lines
09-06 17:42:12.201   929  1412 I chatty  : uid=1000(system) com.anjou.cbl001.cn expire 8 lines
09-06 17:42:15.451   223   223 I WifiHAL : Got channel list with 13 channels
09-06 17:42:15.457   223   223 I WifiHAL : Got channel list with 0 channels
09-06 17:42:15.458   223   223 W WifiHAL : Ignoring invalid attribute type = 37, size = 0
09-06 17:42:15.464   223   223 I WifiHAL : Got channel list with 0 channels
09-06 17:42:15.464   223   223 W WifiHAL : Ignoring invalid attribute type = 37, size = 0
09-06 17:42:22.622   948  1038 E stm32com: [V21] [heartbeatInner:149] 
09-06 17:42:30.364   948  1052 D print   : [V21] [void InkjetBoardPowerManager::run():103] need power off
09-06 17:42:30.364   948  1052 D print   : [V21] [virtual int NailPrintCmd::powerOffInkjet():176] 
09-06 17:42:30.364   948  1052 E print   : [V21] [setInkjetPWR:372] 
09-06 17:42:30.364   948  1052 D print   : [V21] [void InkjetBoardPowerManager::run():99] wait for inkjet board!
09-06 17:42:34.302   929   929 I chatty  : uid=1000(system) com.anjou.cbl001.cn expire 13 lines
09-06 17:42:40.644   948  1038 E stm32com: [V21] [heartbeatInner:149] 
09-06 17:42:42.053   854   968 I chatty  : uid=1000(system) RxCachedThreadS expire 12 lines
09-06 17:42:58.665   948  1038 E stm32com: [V21] [heartbeatInner:149] 
09-06 17:43:12.089   854   968 I chatty  : uid=1000(system) RxCachedThreadS expire 12 lines
09-06 17:43:14.342   414   469 I chatty  : uid=1000(system) AlarmManager expire 14 lines
09-06 17:43:16.686   948  1038 E stm32com: [V21] [heartbeatInner:149] 
09-06 17:43:34.707   948  1038 E stm32com: [V21] [heartbeatInner:149] 
09-06 17:43:42.096   854   968 I chatty  : uid=1000(system) RxCachedThreadS expire 12 lines
09-06 17:43:52.727   948  1038 E stm32com: [V21] [heartbeatInner:149] 
09-06 17:43:54.430   929   929 I chatty  : uid=1000(system) com.anjou.cbl001.cn expire 17 lines
09-06 17:44:05.365   948  1052 D print   : [V21] [void InkjetBoardPowerManager::run():103] need power off
09-06 17:44:05.365   948  1052 D print   : [V21] [virtual int NailPrintCmd::powerOffInkjet():176] 
09-06 17:44:05.365   948  1052 E print   : [V21] [setInkjetPWR:372] 
09-06 17:44:05.366   948  1052 D print   : [V21] [void InkjetBoardPowerManager::run():99] wait for inkjet board!
09-06 17:44:10.748   948  1038 E stm32com: [V21] [heartbeatInner:149] 
09-06 17:44:12.117   854   968 I chatty  : uid=1000(system) RxCachedThreadS expire 12 lines
09-06 17:44:28.768   948  1038 E stm32com: [V21] [heartbeatInner:149] 
09-06 17:44:42.158   854   968 I chatty  : uid=1000(system) RxCachedThreadS expire 24 lines
09-06 17:44:46.787   948  1038 E stm32com: [V21] [heartbeatInner:149] 
09-06 17:45:00.070   219   219 I chatty  : uid=1000(system) composer@2.1-se expire 10 lines
09-06 17:45:04.808   948  1038 E stm32com: [V21] [heartbeatInner:149] 
09-06 17:45:22.828   948  1038 E stm32com: [V21] [heartbeatInner:149] 
09-06 17:45:34.761   929  1248 I chatty  : uid=1000(system) com.anjou.cbl001.cn expire 10 lines
09-06 17:45:40.366   948  1052 D print   : [V21] [void InkjetBoardPowerManager::run():103] need power off
09-06 17:45:40.367   948  1052 D print   : [V21] [virtual int NailPrintCmd::powerOffInkjet():176] 
09-06 17:45:40.367   948  1052 E print   : [V21] [setInkjetPWR:372] 
09-06 17:45:40.367   948  1052 D print   : [V21] [void InkjetBoardPowerManager::run():99] wait for inkjet board!
09-06 17:45:40.848   948  1038 E stm32com: [V21] [heartbeatInner:149] 
09-06 17:45:42.237   854   968 I chatty  : uid=1000(system) RxCachedThreadS expire 12 lines
09-06 17:45:54.610   929   929 I chatty  : uid=1000(system) com.anjou.cbl001.cn expire 15 lines
09-06 17:45:58.869   948  1038 E stm32com: [V21] [heartbeatInner:149] 
09-06 17:46:02.827   219   219 I chatty  : uid=1000(system) composer@2.1-se expire 10 lines
09-06 17:46:12.239   854   968 I chatty  : uid=1000(system) RxCachedThreadS expire 12 lines
09-06 17:46:16.889   948  1038 E stm32com: [V21] [heartbeatInner:149] 
09-06 17:46:34.909   948  1038 E stm32com: [V21] [heartbeatInner:149] 
09-06 17:46:39.032   223   223 D WifiHAL : In DebugCommand::handleResponse
09-06 17:46:39.032   223   223 D WifiHAL : len = 4, expected len = 4
09-06 17:46:39.033   223   223 D WifiHAL : In DebugCommand::handleResponse
09-06 17:46:39.033   223   223 D WifiHAL : len = 4, expected len = 4
09-06 17:46:39.049   414   431 E BatteryExternalStatsWorker: no controller energy info supplied for bluetooth
09-06 17:46:39.050   582   582 E PhoneInterfaceManager: [PhoneIntfMgr] queryModemActivityInfo: Empty response
09-06 17:46:39.056   414   431 E BatteryExternalStatsWorker: modem info is invalid: ModemActivityInfo{ mTimestamp=0 mSleepTimeMs=0 mIdleTimeMs=0 mTxTimeMs[]=[0, 0, 0, 0, 0] mRxTimeMs=0 mEnergyUsed=0}
09-06 17:46:42.279   854   968 I chatty  : uid=1000(system) RxCachedThreadS expire 12 lines
09-06 17:46:52.929   948  1038 E stm32com: [V21] [heartbeatInner:149] 
09-06 17:46:53.715   223   223 I WifiHAL : Got channel list with 13 channels
09-06 17:46:53.720   223   223 I WifiHAL : Got channel list with 0 channels
09-06 17:46:53.720   223   223 W WifiHAL : Ignoring invalid attribute type = 37, size = 0
09-06 17:46:53.724   223   223 I WifiHAL : Got channel list with 0 channels
09-06 17:46:53.724   223   223 W WifiHAL : Ignoring invalid attribute type = 37, size = 0
09-06 17:47:00.047   219   264 I chatty  : uid=1000(system) HwBinder:219_3 expire 29 lines
09-06 17:47:08.083   212   363 D CameraHal: camera_get_camera_info(1447): camera_get_camera_info(1447): camera_0 facing(0), orientation(0)
09-06 17:47:10.947   948  1038 E stm32com: [V21] [heartbeatInner:149] 
09-06 17:47:11.398   929   929 W ContextImpl: Calling a method in the system process without a qualified user: android.app.ContextImpl.bindService:1556 android.content.ContextWrapper.bindService:684 com.baidu.location.LocationClient.b:107 com.baidu.location.LocationClient.p:0 com.baidu.location.LocationClient$a.handleMessage:167 
09-06 17:47:11.420  1183  1183 D baidu_location_service: baidu location service start1 ...20181201...1183
09-06 17:47:11.447   414   596 I chatty  : uid=1000(system) Binder:414_5 expire 6 lines
09-06 17:47:11.492  1183  1183 I baidu_location_service: LocationAuthManager Authentication AUTHENTICATE_SUCC
09-06 17:47:11.522  1183  1209 D baidu_location_service: baidu location service register ...
09-06 17:47:11.578  1183  1183 D baidu_location_service: baidu location service stop ...
09-06 17:47:11.581   414   711 I ActivityManager: Killing 599:com.android.settings/1000 (adj 906): empty for 1801s
09-06 17:47:11.611  1183  1209 D baidu_location_service: baidu location service has stoped ...
09-06 17:47:11.665   414   435 W ActivityManager: setHasOverlayUi called on unknown pid: 599
09-06 17:47:12.052   929  1425 I chatty  : uid=1000(system) com.anjou.cbl001.cn expire 8 lines
09-06 17:47:12.054   929   929 I chatty  : uid=1000(system) com.anjou.cbl001.cn expire 16 lines
09-06 17:47:12.316   854   968 I chatty  : uid=1000(system) RxCachedThreadS expire 12 lines
09-06 17:47:15.367   948  1052 D print   : [V21] [void InkjetBoardPowerManager::run():103] need power off
09-06 17:47:15.368   948  1052 D print   : [V21] [virtual int NailPrintCmd::powerOffInkjet():176] 
09-06 17:47:15.368   948  1052 E print   : [V21] [setInkjetPWR:372] 
09-06 17:47:15.368   948  1052 D print   : [V21] [void InkjetBoardPowerManager::run():99] wait for inkjet board!
09-06 17:47:28.966   948  1038 E stm32com: [V21] [heartbeatInner:149] 
09-06 17:47:42.349   854   968 I chatty  : uid=1000(system) RxCachedThreadS expire 24 lines
09-06 17:47:46.985   948  1038 E stm32com: [V21] [heartbeatInner:149] 
09-06 17:47:54.763   414   469 I chatty  : uid=1000(system) AlarmManager expire 13 lines
09-06 17:47:54.800   414   427 I chatty  : uid=1000(system) android.bg expire 18 lines
09-06 17:48:05.005   948  1038 E stm32com: [V21] [heartbeatInner:149] 
09-06 17:48:23.024   948  1038 E stm32com: [V21] [heartbeatInner:149] 
09-06 17:48:41.044   948  1038 E stm32com: [V21] [heartbeatInner:149] 
09-06 17:48:42.376   854   968 I chatty  : uid=1000(system) RxCachedThreadS expire 12 lines
09-06 17:48:50.369   948  1052 D print   : [V21] [void InkjetBoardPowerManager::run():103] need power off
09-06 17:48:50.369   948  1052 D print   : [V21] [virtual int NailPrintCmd::powerOffInkjet():176] 
09-06 17:48:50.369   948  1052 E print   : [V21] [setInkjetPWR:372] 
09-06 17:48:50.369   948  1052 D print   : [V21] [void InkjetBoardPowerManager::run():99] wait for inkjet board!
09-06 17:48:54.862   929   929 I chatty  : uid=1000(system) com.anjou.cbl001.cn expire 15 lines
09-06 17:48:54.878   414   427 I chatty  : uid=1000(system) android.bg expire 10 lines
09-06 17:48:55.060   929  1248 I chatty  : uid=1000(system) com.anjou.cbl001.cn expire 10 lines
09-06 17:48:59.064   948  1038 E stm32com: [V21] [heartbeatInner:149] 
09-06 17:49:02.808   219   219 I chatty  : uid=1000(system) composer@2.1-se expire 19 lines
09-06 17:49:10.130   693   693 I wpa_supplicant: wlan0: WPA: Group rekeying completed with ac:9e:17:7d:d4:20 [GTK=CCMP]
09-06 17:49:12.416   854   968 I chatty  : uid=1000(system) RxCachedThreadS expire 12 lines
09-06 17:49:17.083   948  1038 E stm32com: [V21] [heartbeatInner:149] 
09-06 17:49:33.718   223   223 I WifiHAL : Got channel list with 13 channels
09-06 17:49:33.724   223   223 I WifiHAL : Got channel list with 0 channels
09-06 17:49:33.724   223   223 W WifiHAL : Ignoring invalid attribute type = 37, size = 0
09-06 17:49:33.730   223   223 I WifiHAL : Got channel list with 0 channels
09-06 17:49:33.730   223   223 W WifiHAL : Ignoring invalid attribute type = 37, size = 0
09-06 17:49:34.558   414  1429 I chatty  : uid=1000(system) Binder:414_B expire 13 lines
09-06 17:49:35.103   948  1038 E stm32com: [V21] [heartbeatInner:149] 
09-06 17:49:42.419   854   968 I chatty  : uid=1000(system) RxCachedThreadS expire 12 lines
09-06 17:49:53.123   948  1038 E stm32com: [V21] [heartbeatInner:149] 
09-06 17:50:11.142   948  1038 E stm32com: [V21] [heartbeatInner:149] 
09-06 17:50:12.460   854   968 I chatty  : uid=1000(system) RxCachedThreadS expire 12 lines
09-06 17:50:25.370   948  1052 D print   : [V21] [void InkjetBoardPowerManager::run():103] need power off
09-06 17:50:25.370   948  1052 D print   : [V21] [virtual int NailPrintCmd::powerOffInkjet():176] 
09-06 17:50:25.370   948  1052 E print   : [V21] [setInkjetPWR:372] 
09-06 17:50:25.371   948  1052 D print   : [V21] [void InkjetBoardPowerManager::run():99] wait for inkjet board!
09-06 17:50:29.162   948  1038 E stm32com: [V21] [heartbeatInner:149] 
09-06 17:50:35.015   929   929 I chatty  : uid=1000(system) com.anjou.cbl001.cn expire 16 lines
09-06 17:50:42.487   854   968 I chatty  : uid=1000(system) RxCachedThreadS expire 12 lines
09-06 17:50:47.183   948  1038 E stm32com: [V21] [heartbeatInner:149] 
09-06 17:51:00.086   219   219 I chatty  : uid=1000(system) composer@2.1-se expire 11 lines
09-06 17:51:05.204   948  1038 E stm32com: [V21] [heartbeatInner:149] 
09-06 17:51:12.486   854   968 I chatty  : uid=1000(system) RxCachedThreadS expire 12 lines
09-06 17:51:23.224   948  1038 E stm32com: [V21] [heartbeatInner:149] 
09-06 17:51:35.085   414   427 I chatty  : uid=1000(system) android.bg expire 15 lines
09-06 17:51:41.243   948  1038 E stm32com: [V21] [heartbeatInner:149] 
09-06 17:51:42.537   854   968 I chatty  : uid=1000(system) RxCachedThreadS expire 12 lines
09-06 17:51:59.264   948  1038 E stm32com: [V21] [heartbeatInner:149] 
09-06 17:52:00.371   948  1052 D print   : [V21] [void InkjetBoardPowerManager::run():103] need power off
09-06 17:52:00.371   948  1052 D print   : [V21] [virtual int NailPrintCmd::powerOffInkjet():176] 
09-06 17:52:00.372   948  1052 E print   : [V21] [setInkjetPWR:372] 
09-06 17:52:00.372   948  1052 D print   : [V21] [void InkjetBoardPowerManager::run():99] wait for inkjet board!
09-06 17:52:11.416   929   929 W ContextImpl: Calling a method in the system process without a qualified user: android.app.ContextImpl.bindService:1556 android.content.ContextWrapper.bindService:684 com.baidu.location.LocationClient.b:107 com.baidu.location.LocationClient.p:0 com.baidu.location.LocationClient$a.handleMessage:167 
09-06 17:52:11.425   414   711 I chatty  : uid=1000(system) Binder:414_9 expire 7 lines
09-06 17:52:11.443  1183  1183 D baidu_location_service: baidu location service start1 ...20181201...1183
09-06 17:52:11.509  1183  1183 I baidu_location_service: LocationAuthManager Authentication AUTHENTICATE_SUCC
09-06 17:52:11.538  1183  1209 D baidu_location_service: baidu location service register ...
09-06 17:52:11.588   929   929 I chatty  : uid=1000(system) com.anjou.cbl001.cn expire 12 lines
09-06 17:52:11.605  1183  1183 D baidu_location_service: baidu location service stop ...
09-06 17:52:11.624  1183  1209 D baidu_location_service: baidu location service has stoped ...
09-06 17:52:11.774   929  1441 I chatty  : uid=1000(system) com.anjou.cbl001.cn expire 8 lines
09-06 17:52:12.567   854   968 I chatty  : uid=1000(system) RxCachedThreadS expire 12 lines
09-06 17:52:13.724   223   223 I WifiHAL : Got channel list with 13 channels
09-06 17:52:13.730   223   223 I WifiHAL : Got channel list with 0 channels
09-06 17:52:13.730   223   223 W WifiHAL : Ignoring invalid attribute type = 37, size = 0
09-06 17:52:13.735   223   223 I WifiHAL : Got channel list with 0 channels
09-06 17:52:13.736   223   223 W WifiHAL : Ignoring invalid attribute type = 37, size = 0
09-06 17:52:15.119   414   469 I chatty  : uid=1000(system) AlarmManager expire 11 lines
09-06 17:52:15.174   929  1248 I chatty  : uid=1000(system) com.anjou.cbl001.cn expire 10 lines
09-06 17:52:17.284   948  1038 E stm32com: [V21] [heartbeatInner:149] 
09-06 17:52:35.305   948  1038 E stm32com: [V21] [heartbeatInner:149] 
09-06 17:52:42.616   854   968 I chatty  : uid=1000(system) RxCachedThreadS expire 12 lines
09-06 17:52:53.326   948  1038 E stm32com: [V21] [heartbeatInner:149] 
09-06 17:53:11.347   948  1038 E stm32com: [V21] [heartbeatInner:149] 
09-06 17:53:12.644   854   968 I chatty  : uid=1000(system) RxCachedThreadS expire 12 lines
09-06 17:53:15.234   929   929 I chatty  : uid=1000(system) com.anjou.cbl001.cn expire 12 lines
09-06 17:53:29.369   948  1038 E stm32com: [V21] [heartbeatInner:149] 
09-06 17:53:35.372   948  1052 D print   : [V21] [void InkjetBoardPowerManager::run():103] need power off
09-06 17:53:35.372   948  1052 D print   : [V21] [virtual int NailPrintCmd::powerOffInkjet():176] 
09-06 17:53:35.372   948  1052 E print   : [V21] [setInkjetPWR:372] 
09-06 17:53:35.373   948  1052 D print   : [V21] [void InkjetBoardPowerManager::run():99] wait for inkjet board!
09-06 17:53:42.682   854   968 I chatty  : uid=1000(system) RxCachedThreadS expire 12 lines
09-06 17:53:47.391   948  1038 E stm32com: [V21] [heartbeatInner:149] 
09-06 17:54:05.414   948  1038 E stm32com: [V21] [heartbeatInner:149] 
09-06 17:54:12.724   854   968 I chatty  : uid=1000(system) RxCachedThreadS expire 12 lines
09-06 17:54:23.437   948  1038 E stm32com: [V21] [heartbeatInner:149] 
09-06 17:54:35.347   929   929 I chatty  : uid=1000(system) com.anjou.cbl001.cn expire 15 lines
09-06 17:54:41.458   948  1038 E stm32com: [V21] [heartbeatInner:149] 
09-06 17:54:42.761   854   968 I chatty  : uid=1000(system) RxCachedThreadS expire 12 lines
