09-06 18:21:45.198   854   968 D AnjoudService:      "action": "0"
09-06 18:21:45.198   854   968 D AnjoudService:    }
09-06 18:21:45.198   854   968 D AnjoudService:  }
09-06 18:21:45.199   854   968 D AnjoudService: 
09-06 18:21:55.450   414   469 E ActivityManager: Sending non-protected broadcast MqttService.pingSender.ClientId_Pad_App_CN_e4937a14f91c05a3 from system uid 1000 pkg com.anjou.cbl001.cn
09-06 18:21:55.450   414   469 E ActivityManager: java.lang.Throwable
09-06 18:21:55.450   414   469 E ActivityManager: 	at com.android.server.am.ActivityManagerService.checkBroadcastFromSystem(ActivityManagerService.java:19131)
09-06 18:21:55.450   414   469 E ActivityManager: 	at com.android.server.am.ActivityManagerService.broadcastIntentLocked(ActivityManagerService.java:19731)
09-06 18:21:55.450   414   469 E ActivityManager: 	at com.android.server.am.ActivityManagerService.broadcastIntentInPackage(ActivityManagerService.java:19895)
09-06 18:21:55.450   414   469 E ActivityManager: 	at com.android.server.am.PendingIntentRecord.sendInner(PendingIntentRecord.java:357)
09-06 18:21:55.450   414   469 E ActivityManager: 	at com.android.server.am.PendingIntentRecord.sendWithResult(PendingIntentRecord.java:240)
09-06 18:21:55.450   414   469 E ActivityManager: 	at com.android.server.am.ActivityManagerService.sendIntentSender(ActivityManagerService.java:7749)
09-06 18:21:55.450   414   469 E ActivityManager: 	at android.app.PendingIntent.send(PendingIntent.java:874)
09-06 18:21:55.450   414   469 E ActivityManager: 	at com.android.server.AlarmManagerService$DeliveryTracker.deliverLocked(AlarmManagerService.java:3195)
09-06 18:21:55.450   414   469 E ActivityManager: 	at com.android.server.AlarmManagerService.deliverAlarmsLocked(AlarmManagerService.java:2596)
09-06 18:21:55.450   414   469 E ActivityManager: 	at com.android.server.AlarmManagerService$AlarmThread.run(AlarmManagerService.java:2719)
09-06 18:21:55.471   929   929 D AlarmPingSender: Sending Ping at:1567765315471
09-06 18:21:55.473   414   427 E memtrack: Couldn't load memtrack module
09-06 18:21:55.473   414   427 W android.os.Debug: failed to get memory consumption info: -1
09-06 18:21:55.476   929   929 D AlarmPingSender: Schedule next alarm at 1567765335476
09-06 18:21:55.476   929   929 D AlarmPingSender: Alarm scheule using setExactAndAllowWhileIdle, next: 20000
09-06 18:21:55.491   929  1516 D AlarmPingSender: Success. Release lock(MqttService.client.ClientId_Pad_App_CN_e4937a14f91c05a3):1567765315490
09-06 18:22:01.373   948  1038 E stm32com: [V21] [heartbeatInner:149] 
09-06 18:22:05.390   948  1052 D print   : [V21] [void InkjetBoardPowerManager::run():103] need power off
09-06 18:22:05.390   948  1052 D print   : [V21] [virtual int NailPrintCmd::powerOffInkjet():176] 
09-06 18:22:05.390   948  1052 E print   : [V21] [setInkjetPWR:372] 
09-06 18:22:05.390   948  1052 D print   : [V21] [void InkjetBoardPowerManager::run():99] wait for inkjet board!
09-06 18:22:11.500   929   929 W ContextImpl: Calling a method in the system process without a qualified user: android.app.ContextImpl.bindService:1556 android.content.ContextWrapper.bindService:684 com.baidu.location.LocationClient.b:107 com.baidu.location.LocationClient.p:0 com.baidu.location.LocationClient$a.handleMessage:167 
09-06 18:22:11.509   414   745 I WifiService: getConnectionInfo uid=1000
09-06 18:22:11.521  1183  1183 D baidu_location_service: baidu location service start1 ...20181201...1183
09-06 18:22:11.526   929   929 D baidu_location_client: baidu location connected ...
09-06 18:22:11.551   414   745 I WifiService: getConnectionInfo uid=1000
09-06 18:22:11.584  1183  1183 I baidu_location_service: LocationAuthManager Authentication AUTHENTICATE_SUCC
09-06 18:22:11.614  1183  1209 D baidu_location_service: baidu location service register ...
09-06 18:22:11.617   414   577 I WifiService: getWifiEnabledState uid=1000
09-06 18:22:11.652   414   577 I WifiService: getConnectionInfo uid=1000
09-06 18:22:11.654   414   577 I WifiService: getConnectionInfo uid=1000
09-06 18:22:11.655   414   577 I WifiService: getDhcpInfo uid=1000
09-06 18:22:11.665   929   929 D myvava  : Common-->baidu location :
09-06 18:22:11.666   929   929 I getSn   : getsn from share preference sn:e4937a14f91c05a3
09-06 18:22:11.678  1183  1183 D baidu_location_service: baidu location service stop ...
09-06 18:22:11.709  1183  1209 D baidu_location_service: baidu location service has stoped ...
09-06 18:22:11.790   929  1625 D myvava  : LoggingInterceptor-->url:https://mi-api.nailtutu.com/imi/cmsShopInfo/queryCmsShopInfoBySN?&access_token=6883cbe9-c40a-4e4d-83e9-f737a582bce6&timeStamp=20190906182211&clientVersionInfo=android_1.0.34&lang=zh
09-06 18:22:11.790   929  1625 D myvava  : {"stateCode":200,"stateMsg":"OK","data":null}
09-06 18:22:11.794   929  1625 D myvava  : 
09-06 18:22:11.798   929  1625 D myvava  :  {
09-06 18:22:11.798   929  1625 D myvava  :    "stateCode": 200,
09-06 18:22:11.798   929  1625 D myvava  :    "stateMsg": "OK",
09-06 18:22:11.799   929  1625 D myvava  :    "data": null
09-06 18:22:11.799   929  1625 D myvava  :  }
09-06 18:22:11.799   929  1625 D myvava  : 
09-06 18:22:11.808   929   929 E myvava  : Common-->Have No ShopInfo, Dont Check Location
09-06 18:22:11.812   414   745 I ActivityManager: START u0 {flg=0x10000000 cmp=com.anjou.cbl001.cn/com.vava.quickdevelop.UI.Main.LocationChangedDialog (has extras)} from uid 1000
09-06 18:22:11.821   414   745 E ActivityManager: getPackageFerformanceMode--ComponentInfo{com.anjou.cbl001.cn/com.vava.quickdevelop.UI.Main.LocationChangedDialog}----com.anjou.cbl001.cn
09-06 18:22:11.836   929   929 I OfflineStatistics: pauseOfflineStatistics
09-06 18:22:11.837   929   929 I ImageManager: pauseDownload
09-06 18:22:11.837   929   929 D myvava  : Common-->ImageLoad  MainActivity  onPause
09-06 18:22:11.843   414   745 E ActivityManager: getPackageFerformanceMode--ComponentInfo{com.anjou.cbl001.cn/com.vava.quickdevelop.UI.Main.LocationChangedDialog}----com.anjou.cbl001.cn
09-06 18:22:11.883   929   929 W ContextImpl: Calling a method in the system process without a qualified user: android.app.ContextImpl.startService:1476 android.content.ContextWrapper.startService:650 com.android.commonbase.MvpBase.UIBase.BaseActivity.startAnjouDeviceService:205 com.android.commonbase.MvpBase.UIBase.BaseActivity.onCreate:32 com.vava.quickdevelop.Utils.Base.BaseNormalActivity.onCreate:44 
09-06 18:22:11.887   854   854 I AnjouDeviceService: AnjouDeviceService onStartCommand.
09-06 18:22:11.893   929   929 D myvava  : Common-->ImageLoad  LocationChangedDialog  onResume
09-06 18:22:11.907   929  1013 I MobclickAgent: Extend current session: F1188E1DB124C98186AEBE11A995237B
09-06 18:22:11.912   929  1013 D UMLog   :  https://developer.umeng.com/docs/66632/detail/66976?um_channel=sdk
09-06 18:22:11.912   929  1013 D MobclickAgent: Report policy : ReportAtLaunch
09-06 18:22:11.932   929  1175 D mali_winsys: EGLint new_window_surface(egl_winsys_display *, void *, EGLSurface, EGLConfig, egl_winsys_surface **, egl_color_buffer_format *, EGLBoolean) returns 0x3000
09-06 18:22:11.971   414   435 I ActivityManager: Displayed com.anjou.cbl001.cn/com.vava.quickdevelop.UI.Main.LocationChangedDialog: +119ms
09-06 18:22:12.013   219   219 E hwc_rk  : hwc_get_handle_layername:cann't get value from gralloc
09-06 18:22:12.313   219   219 I chatty  : uid=1000(system) composer@2.1-se identical 18 lines
09-06 18:22:12.330   219   219 E hwc_rk  : hwc_get_handle_layername:cann't get value from gralloc
09-06 18:22:13.713   223   223 I WifiHAL : Got channel list with 13 channels
09-06 18:22:13.714   223   223 I WifiHAL : Got channel list with 0 channels
09-06 18:22:13.714   223   223 W WifiHAL : Ignoring invalid attribute type = 37, size = 0
09-06 18:22:13.715   223   223 I WifiHAL : Got channel list with 0 channels
09-06 18:22:13.715   223   223 W WifiHAL : Ignoring invalid attribute type = 37, size = 0
09-06 18:22:13.926   414   699 D WificondControl: Scan result ready event
09-06 18:22:14.340   854   968 D AnjoudService: LoggingInterceptor-->POST:https://env-proxy.nailtutu.com/api/heartbeat?&timeStamp=20190906182214&clientVersionInfo=android_1.0.0&lang=zh
09-06 18:22:14.340   854   968 D AnjoudService: body:{"client_time":"1567765334319","sn":"e4937a14f91c05a3"}
09-06 18:22:15.058   219   219 E hwc_rk  : hwc_get_handle_layername:cann't get value from gralloc
09-06 18:22:15.286   854   968 D AnjoudService: LoggingInterceptor-->url:https://env-proxy.nailtutu.com/api/heartbeat?&timeStamp=20190906182214&clientVersionInfo=android_1.0.0&lang=zh
09-06 18:22:15.286   854   968 D AnjoudService: {"stateCode":200,"stateMsg":"OK","data":{"cicycle":"30000","action":"0"}}
09-06 18:22:15.286   854   968 D AnjoudService: 
09-06 18:22:15.287   854   968 D AnjoudService:  {
09-06 18:22:15.287   854   968 D AnjoudService:    "stateCode": 200,
09-06 18:22:15.287   854   968 D AnjoudService:    "stateMsg": "OK",
09-06 18:22:15.287   854   968 D AnjoudService:    "data": {
09-06 18:22:15.287   854   968 D AnjoudService:      "cicycle": "30000",
09-06 18:22:15.287   854   968 D AnjoudService:      "action": "0"
09-06 18:22:15.287   854   968 D AnjoudService:    }
09-06 18:22:15.287   854   968 D AnjoudService:  }
09-06 18:22:15.287   854   968 D AnjoudService: 
09-06 18:22:15.480   414   469 E ActivityManager: Sending non-protected broadcast MqttService.pingSender.ClientId_Pad_App_CN_e4937a14f91c05a3 from system uid 1000 pkg com.anjou.cbl001.cn
09-06 18:22:15.480   414   469 E ActivityManager: java.lang.Throwable
09-06 18:22:15.480   414   469 E ActivityManager: 	at com.android.server.am.ActivityManagerService.checkBroadcastFromSystem(ActivityManagerService.java:19131)
09-06 18:22:15.480   414   469 E ActivityManager: 	at com.android.server.am.ActivityManagerService.broadcastIntentLocked(ActivityManagerService.java:19731)
09-06 18:22:15.480   414   469 E ActivityManager: 	at com.android.server.am.ActivityManagerService.broadcastIntentInPackage(ActivityManagerService.java:19895)
09-06 18:22:15.480   414   469 E ActivityManager: 	at com.android.server.am.PendingIntentRecord.sendInner(PendingIntentRecord.java:357)
09-06 18:22:15.480   414   469 E ActivityManager: 	at com.android.server.am.PendingIntentRecord.sendWithResult(PendingIntentRecord.java:240)
09-06 18:22:15.480   414   469 E ActivityManager: 	at com.android.server.am.ActivityManagerService.sendIntentSender(ActivityManagerService.java:7749)
09-06 18:22:15.480   414   469 E ActivityManager: 	at android.app.PendingIntent.send(PendingIntent.java:874)
09-06 18:22:15.480   414   469 E ActivityManager: 	at com.android.server.AlarmManagerService$DeliveryTracker.deliverLocked(AlarmManagerService.java:3195)
09-06 18:22:15.480   414   469 E ActivityManager: 	at com.android.server.AlarmManagerService.deliverAlarmsLocked(AlarmManagerService.java:2596)
09-06 18:22:15.480   414   469 E ActivityManager: 	at com.android.server.AlarmManagerService$AlarmThread.run(AlarmManagerService.java:2719)
09-06 18:22:15.501   929   929 D AlarmPingSender: Sending Ping at:1567765335501
09-06 18:22:15.506   929   929 D AlarmPingSender: Schedule next alarm at 1567765355506
09-06 18:22:15.506   929   929 D AlarmPingSender: Alarm scheule using setExactAndAllowWhileIdle, next: 20000
09-06 18:22:15.522   929  1516 D AlarmPingSender: Success. Release lock(MqttService.client.ClientId_Pad_App_CN_e4937a14f91c05a3):1567765335522
09-06 18:22:19.393   948  1038 E stm32com: [V21] [heartbeatInner:149] 
09-06 18:22:35.510   414   469 E ActivityManager: Sending non-protected broadcast MqttService.pingSender.ClientId_Pad_App_CN_e4937a14f91c05a3 from system uid 1000 pkg com.anjou.cbl001.cn
09-06 18:22:35.510   414   469 E ActivityManager: java.lang.Throwable
09-06 18:22:35.510   414   469 E ActivityManager: 	at com.android.server.am.ActivityManagerService.checkBroadcastFromSystem(ActivityManagerService.java:19131)
09-06 18:22:35.510   414   469 E ActivityManager: 	at com.android.server.am.ActivityManagerService.broadcastIntentLocked(ActivityManagerService.java:19731)
09-06 18:22:35.510   414   469 E ActivityManager: 	at com.android.server.am.ActivityManagerService.broadcastIntentInPackage(ActivityManagerService.java:19895)
09-06 18:22:35.510   414   469 E ActivityManager: 	at com.android.server.am.PendingIntentRecord.sendInner(PendingIntentRecord.java:357)
09-06 18:22:35.510   414   469 E ActivityManager: 	at com.android.server.am.PendingIntentRecord.sendWithResult(PendingIntentRecord.java:240)
09-06 18:22:35.510   414   469 E ActivityManager: 	at com.android.server.am.ActivityManagerService.sendIntentSender(ActivityManagerService.java:7749)
09-06 18:22:35.510   414   469 E ActivityManager: 	at android.app.PendingIntent.send(PendingIntent.java:874)
09-06 18:22:35.510   414   469 E ActivityManager: 	at com.android.server.AlarmManagerService$DeliveryTracker.deliverLocked(AlarmManagerService.java:3195)
09-06 18:22:35.510   414   469 E ActivityManager: 	at com.android.server.AlarmManagerService.deliverAlarmsLocked(AlarmManagerService.java:2596)
09-06 18:22:35.510   414   469 E ActivityManager: 	at com.android.server.AlarmManagerService$AlarmThread.run(AlarmManagerService.java:2719)
09-06 18:22:35.530   929   929 D AlarmPingSender: Sending Ping at:1567765355530
09-06 18:22:35.535   929   929 D AlarmPingSender: Schedule next alarm at 1567765375535
09-06 18:22:35.536   929   929 D AlarmPingSender: Alarm scheule using setExactAndAllowWhileIdle, next: 20000
09-06 18:22:35.580   929  1516 D AlarmPingSender: Success. Release lock(MqttService.client.ClientId_Pad_App_CN_e4937a14f91c05a3):1567765355580
09-06 18:22:37.414   948  1038 E stm32com: [V21] [heartbeatInner:149] 
09-06 18:22:39.065   219   219 E hwc_rk  : hwc_get_handle_layername:cann't get value from gralloc
09-06 18:22:41.785   219   219 I chatty  : uid=1000(system) composer@2.1-se identical 1 line
09-06 18:22:42.121   219   219 E hwc_rk  : hwc_get_handle_layername:cann't get value from gralloc
09-06 18:22:44.348   854   968 D AnjoudService: LoggingInterceptor-->POST:https://env-proxy.nailtutu.com/api/heartbeat?&timeStamp=20190906182244&clientVersionInfo=android_1.0.0&lang=zh
09-06 18:22:44.348   854   968 D AnjoudService: body:{"client_time":"1567765364326","sn":"e4937a14f91c05a3"}
09-06 18:22:44.853   219   219 E hwc_rk  : hwc_get_handle_layername:cann't get value from gralloc
09-06 18:22:55.436   948  1038 E stm32com: [V21] [heartbeatInner:149] 
09-06 18:22:55.539   414   469 E ActivityManager: Sending non-protected broadcast MqttService.pingSender.ClientId_Pad_App_CN_e4937a14f91c05a3 from system uid 1000 pkg com.anjou.cbl001.cn
09-06 18:22:55.539   414   469 E ActivityManager: java.lang.Throwable
09-06 18:22:55.539   414   469 E ActivityManager: 	at com.android.server.am.ActivityManagerService.checkBroadcastFromSystem(ActivityManagerService.java:19131)
09-06 18:22:55.539   414   469 E ActivityManager: 	at com.android.server.am.ActivityManagerService.broadcastIntentLocked(ActivityManagerService.java:19731)
09-06 18:22:55.539   414   469 E ActivityManager: 	at com.android.server.am.ActivityManagerService.broadcastIntentInPackage(ActivityManagerService.java:19895)
09-06 18:22:55.539   414   469 E ActivityManager: 	at com.android.server.am.PendingIntentRecord.sendInner(PendingIntentRecord.java:357)
09-06 18:22:55.539   414   469 E ActivityManager: 	at com.android.server.am.PendingIntentRecord.sendWithResult(PendingIntentRecord.java:240)
09-06 18:22:55.539   414   469 E ActivityManager: 	at com.android.server.am.ActivityManagerService.sendIntentSender(ActivityManagerService.java:7749)
09-06 18:22:55.539   414   469 E ActivityManager: 	at android.app.PendingIntent.send(PendingIntent.java:874)
09-06 18:22:55.539   414   469 E ActivityManager: 	at com.android.server.AlarmManagerService$DeliveryTracker.deliverLocked(AlarmManagerService.java:3195)
09-06 18:22:55.539   414   469 E ActivityManager: 	at com.android.server.AlarmManagerService.deliverAlarmsLocked(AlarmManagerService.java:2596)
09-06 18:22:55.539   414   469 E ActivityManager: 	at com.android.server.AlarmManagerService$AlarmThread.run(AlarmManagerService.java:2719)
09-06 18:22:55.547   929   929 D AlarmPingSender: Sending Ping at:1567765375547
09-06 18:22:55.548   929   929 D AlarmPingSender: Schedule next alarm at 1567765395548
09-06 18:22:55.548   929   929 D AlarmPingSender: Alarm scheule using setExactAndAllowWhileIdle, next: 20000
09-06 18:22:55.549   414   427 E memtrack: Couldn't load memtrack module
09-06 18:22:55.549   414   427 W android.os.Debug: failed to get memory consumption info: -1
09-06 18:22:55.558   929  1516 D AlarmPingSender: Success. Release lock(MqttService.client.ClientId_Pad_App_CN_e4937a14f91c05a3):1567765375558
09-06 18:22:58.921   854   968 D AnjoudService: LoggingInterceptor-->url:https://env-proxy.nailtutu.com/api/heartbeat?&timeStamp=20190906182244&clientVersionInfo=android_1.0.0&lang=zh
09-06 18:22:58.921   854   968 D AnjoudService: {"stateCode":200,"stateMsg":"OK","data":{"cicycle":"30000","action":"0"}}
09-06 18:22:58.925   854   968 D AnjoudService: 
09-06 18:22:58.928   854   968 D AnjoudService:  {
09-06 18:22:58.928   854   968 D AnjoudService:    "stateCode": 200,
09-06 18:22:58.929   854   968 D AnjoudService:    "stateMsg": "OK",
09-06 18:22:58.929   854   968 D AnjoudService:    "data": {
09-06 18:22:58.929   854   968 D AnjoudService:      "cicycle": "30000",
09-06 18:22:58.929   854   968 D AnjoudService:      "action": "0"
09-06 18:22:58.929   854   968 D AnjoudService:    }
09-06 18:22:58.930   854   968 D AnjoudService:  }
09-06 18:22:58.930   854   968 D AnjoudService: 
09-06 18:23:00.075   219   219 E hwc_rk  : hwc_get_handle_layername:cann't get value from gralloc
09-06 18:23:12.106   219   219 I chatty  : uid=1000(system) composer@2.1-se identical 7 lines
09-06 18:23:12.441   219   219 E hwc_rk  : hwc_get_handle_layername:cann't get value from gralloc
09-06 18:23:13.457   948  1038 E stm32com: [V21] [heartbeatInner:149] 
09-06 18:23:14.388   854   968 D AnjoudService: LoggingInterceptor-->POST:https://env-proxy.nailtutu.com/api/heartbeat?&timeStamp=20190906182314&clientVersionInfo=android_1.0.0&lang=zh
09-06 18:23:14.388   854   968 D AnjoudService: body:{"client_time":"1567765394366","sn":"e4937a14f91c05a3"}
09-06 18:23:15.169   219   219 E hwc_rk  : hwc_get_handle_layername:cann't get value from gralloc
09-06 18:23:15.203   854   968 D AnjoudService: LoggingInterceptor-->url:https://env-proxy.nailtutu.com/api/heartbeat?&timeStamp=20190906182314&clientVersionInfo=android_1.0.0&lang=zh
09-06 18:23:15.203   854   968 D AnjoudService: {"stateCode":200,"stateMsg":"OK","data":{"cicycle":"30000","action":"0"}}
09-06 18:23:15.204   854   968 D AnjoudService: 
09-06 18:23:15.204   854   968 D AnjoudService:  {
09-06 18:23:15.204   854   968 D AnjoudService:    "stateCode": 200,
09-06 18:23:15.204   854   968 D AnjoudService:    "stateMsg": "OK",
09-06 18:23:15.204   854   968 D AnjoudService:    "data": {
09-06 18:23:15.204   854   968 D AnjoudService:      "cicycle": "30000",
09-06 18:23:15.204   854   968 D AnjoudService:      "action": "0"
09-06 18:23:15.204   854   968 D AnjoudService:    }
09-06 18:23:15.204   854   968 D AnjoudService:  }
09-06 18:23:15.204   854   968 D AnjoudService: 
09-06 18:23:15.552   414   469 E ActivityManager: Sending non-protected broadcast MqttService.pingSender.ClientId_Pad_App_CN_e4937a14f91c05a3 from system uid 1000 pkg com.anjou.cbl001.cn
09-06 18:23:15.552   414   469 E ActivityManager: java.lang.Throwable
09-06 18:23:15.552   414   469 E ActivityManager: 	at com.android.server.am.ActivityManagerService.checkBroadcastFromSystem(ActivityManagerService.java:19131)
09-06 18:23:15.552   414   469 E ActivityManager: 	at com.android.server.am.ActivityManagerService.broadcastIntentLocked(ActivityManagerService.java:19731)
09-06 18:23:15.552   414   469 E ActivityManager: 	at com.android.server.am.ActivityManagerService.broadcastIntentInPackage(ActivityManagerService.java:19895)
09-06 18:23:15.552   414   469 E ActivityManager: 	at com.android.server.am.PendingIntentRecord.sendInner(PendingIntentRecord.java:357)
09-06 18:23:15.552   414   469 E ActivityManager: 	at com.android.server.am.PendingIntentRecord.sendWithResult(PendingIntentRecord.java:240)
09-06 18:23:15.552   414   469 E ActivityManager: 	at com.android.server.am.ActivityManagerService.sendIntentSender(ActivityManagerService.java:7749)
09-06 18:23:15.552   414   469 E ActivityManager: 	at android.app.PendingIntent.send(PendingIntent.java:874)
09-06 18:23:15.552   414   469 E ActivityManager: 	at com.android.server.AlarmManagerService$DeliveryTracker.deliverLocked(AlarmManagerService.java:3195)
09-06 18:23:15.552   414   469 E ActivityManager: 	at com.android.server.AlarmManagerService.deliverAlarmsLocked(AlarmManagerService.java:2596)
09-06 18:23:15.552   414   469 E ActivityManager: 	at com.android.server.AlarmManagerService$AlarmThread.run(AlarmManagerService.java:2719)
09-06 18:23:15.573   929   929 D AlarmPingSender: Sending Ping at:1567765395573
09-06 18:23:15.578   929   929 D AlarmPingSender: Schedule next alarm at 1567765415577
09-06 18:23:15.578   929   929 D AlarmPingSender: Alarm scheule using setExactAndAllowWhileIdle, next: 20000
09-06 18:23:15.813   929  1516 D AlarmPingSender: Success. Release lock(MqttService.client.ClientId_Pad_App_CN_e4937a14f91c05a3):1567765395813
09-06 18:23:24.576   219   219 E hwc_rk  : hwc_get_handle_layername:cann't get value from gralloc
09-06 18:23:27.299   414   577 I ActivityManager: START u0 {cmp=com.anjou.cbl001.cn/com.vava.quickdevelop.UI.WellCome.LocationServiceActivity (has extras)} from uid 1000
09-06 18:23:27.287   219   219 E hwc_rk  : hwc_get_handle_layername:cann't get value from gralloc
09-06 18:23:27.301   414   577 E ActivityManager: getPackageFerformanceMode--ComponentInfo{com.anjou.cbl001.cn/com.vava.quickdevelop.UI.WellCome.LocationServiceActivity}----com.anjou.cbl001.cn
09-06 18:23:27.320   219   219 E hwc_rk  : hwc_get_handle_layername:cann't get value from gralloc
09-06 18:23:27.337   219   219 E hwc_rk  : hwc_get_handle_layername:cann't get value from gralloc
09-06 18:23:27.338   929   929 D myvava  : Common-->ImageLoad  LocationChangedDialog  onPause
09-06 18:23:27.339   414   699 E ActivityManager: getPackageFerformanceMode--ComponentInfo{com.anjou.cbl001.cn/com.vava.quickdevelop.UI.WellCome.LocationServiceActivity}----com.anjou.cbl001.cn
09-06 18:23:27.354   219   219 E hwc_rk  : hwc_get_handle_layername:cann't get value from gralloc
09-06 18:23:27.608   929   929 W ContextImpl: Calling a method in the system process without a qualified user: android.app.ContextImpl.startService:1476 android.content.ContextWrapper.startService:650 com.android.commonbase.MvpBase.UIBase.BaseActivity.startAnjouDeviceService:205 com.android.commonbase.MvpBase.UIBase.BaseActivity.onCreate:32 com.vava.quickdevelop.Utils.Base.BaseNormalActivity.onCreate:44 
09-06 18:23:27.587   219   219 I chatty  : uid=1000(system) composer@2.1-se identical 13 lines
09-06 18:23:27.603   219   219 E hwc_rk  : hwc_get_handle_layername:cann't get value from gralloc
09-06 18:23:27.610   854   854 I AnjouDeviceService: AnjouDeviceService onStartCommand.
09-06 18:23:27.612   929   929 I getSn   : getsn from share preference sn:e4937a14f91c05a3
09-06 18:23:27.617   414   577 W ContextImpl: Calling a method in the system process without a qualified user: android.app.ContextImpl.sendBroadcast:966 com.anjou.beautysystemservice.BeautySystemService.setSystemNavigationBarVisibility:108 com.anjou.beautysystemservice.IBeautySystemService$Stub.onTransact:75 android.os.Binder.execTransact:697 <bottom of call stack> 
09-06 18:23:27.618   544   544 D StatusBar: Receiver broadcast to set navigation bar to 0
09-06 18:23:27.618   544   544 D StatusBar: conflict: Navigation is Hide Now!
09-06 18:23:27.619   929   929 D AnjouSystemSDK: testChangeInputMethod: com.android.inputmethod.latin
09-06 18:23:27.619   929   929 D AnjouSystemSDK: testChangeInputMethod: com.google.android.inputmethod.pinyin
09-06 18:23:27.620   219   219 E hwc_rk  : hwc_get_handle_layername:cann't get value from gralloc
09-06 18:23:27.620   929   929 D myvava  : Common-->ImageLoad  LocationServiceActivity  onResume
09-06 18:23:27.630   929  1013 I MobclickAgent: Extend current session: F1188E1DB124C98186AEBE11A995237B
09-06 18:23:27.633   929   929 W ContextImpl: Calling a method in the system process without a qualified user: android.app.ContextImpl.bindService:1556 android.content.ContextWrapper.bindService:684 com.baidu.location.LocationClient.b:107 com.baidu.location.LocationClient.p:0 com.baidu.location.LocationClient$a.handleMessage:167 
09-06 18:23:27.633   929  1013 D UMLog   :  https://developer.umeng.com/docs/66632/detail/66976?um_channel=sdk
09-06 18:23:27.633   929  1013 D MobclickAgent: Report policy : ReportAtLaunch
09-06 18:23:27.634   414   699 I WifiService: getConnectionInfo uid=1000
09-06 18:23:27.636  1183  1183 D baidu_location_service: baidu location service start1 ...20181201...1183
09-06 18:23:27.637   219   219 E hwc_rk  : hwc_get_handle_layername:cann't get value from gralloc
09-06 18:23:27.653   219   219 I chatty  : uid=1000(system) composer@2.1-se identical 1 line
09-06 18:23:27.670   219   219 E hwc_rk  : hwc_get_handle_layername:cann't get value from gralloc
09-06 18:23:27.672   929  1175 D mali_winsys: EGLint new_window_surface(egl_winsys_display *, void *, EGLSurface, EGLConfig, egl_winsys_surface **, egl_color_buffer_format *, EGLBoolean) returns 0x3000
09-06 18:23:27.681  1183  1183 I baidu_location_service: LocationAuthManager Authentication AUTHENTICATE_SUCC
09-06 18:23:27.687   219   219 E hwc_rk  : hwc_get_handle_layername:cann't get value from gralloc
09-06 18:23:27.692   929  1635 D mali_winsys: EGLint new_window_surface(egl_winsys_display *, void *, EGLSurface, EGLConfig, egl_winsys_surface **, egl_color_buffer_format *, EGLBoolean) returns 0x3000
09-06 18:23:27.696   929  1639 D myvava  : LoggingInterceptor-->url:https://mi-api.nailtutu.com/imi/cmsShopInfo/queryCmsShopInfoBySN?&access_token=6883cbe9-c40a-4e4d-83e9-f737a582bce6&timeStamp=20190906182327&clientVersionInfo=android_1.0.34&lang=zh
09-06 18:23:27.696   929  1639 D myvava  : {"stateCode":200,"stateMsg":"OK","data":null}
09-06 18:23:27.697   929  1639 D myvava  : 
09-06 18:23:27.698   226   695 E BufferQueueProducer: [com.anjou.cbl001.cn/com.vava.quickdevelop.UI.Main.MainActivity#0] disconnect: not connected (req=1)
09-06 18:23:27.698   929  1175 W libEGL  : EGLNativeWindowType 0xaa57c008 disconnect failed
09-06 18:23:27.698   929  1639 D myvava  :  {
09-06 18:23:27.698   929  1639 D myvava  :    "stateCode": 200,
09-06 18:23:27.698   929  1639 D myvava  :    "stateMsg": "OK",
09-06 18:23:27.698   929  1639 D myvava  :    "data": null
09-06 18:23:27.698   929  1639 D myvava  :  }
09-06 18:23:27.698   929  1639 D myvava  : 
09-06 18:23:27.704   219   219 E hwc_rk  : hwc_get_handle_layername:cann't get value from gralloc
09-06 18:23:27.708   929   929 D baidu_location_client: baidu location connected ...
09-06 18:23:27.712  1183  1209 D baidu_location_service: baidu location service register ...
09-06 18:23:27.720   219   219 E hwc_rk  : hwc_get_handle_layername:cann't get value from gralloc
09-06 18:23:27.737   219   219 I chatty  : uid=1000(system) composer@2.1-se identical 1 line
09-06 18:23:27.755   219   219 E hwc_rk  : hwc_get_handle_layername:cann't get value from gralloc
09-06 18:23:27.764   414   577 I WifiService: getWifiEnabledState uid=1000
09-06 18:23:27.771   219   219 E hwc_rk  : hwc_get_handle_layername:cann't get value from gralloc
09-06 18:23:27.805   219   219 I chatty  : uid=1000(system) composer@2.1-se identical 2 lines
09-06 18:23:27.820   219   219 E hwc_rk  : hwc_get_handle_layername:cann't get value from gralloc
09-06 18:23:27.824   528   528 W InputConnectionWrapper: Fixing selection indices to 0, 0
09-06 18:23:27.838   219   219 E hwc_rk  : hwc_get_handle_layername:cann't get value from gralloc
09-06 18:23:27.838   226   247 E BufferQueueProducer: [com.anjou.cbl001.cn/com.vava.quickdevelop.UI.Main.LocationChangedDialog#0] disconnect: not connected (req=1)
09-06 18:23:27.839   929  1175 W libEGL  : EGLNativeWindowType 0x8d8a7808 disconnect failed
09-06 18:23:27.839   414   435 I ActivityManager: Displayed com.anjou.cbl001.cn/com.vava.quickdevelop.UI.WellCome.LocationServiceActivity: +450ms
09-06 18:23:27.846  1183  1209 W Settings: Setting airplane_mode_on has moved from android.provider.Settings.System to android.provider.Settings.Global, returning read-only value.
09-06 18:23:27.848   414   745 I WifiService: getWifiEnabledState uid=1000
09-06 18:23:27.848   414   745 I WifiService: getConnectionInfo uid=1000
09-06 18:23:27.849   414   745 I WifiService: getDhcpInfo uid=1000
09-06 18:23:27.854   219   219 E hwc_rk  : hwc_get_handle_layername:cann't get value from gralloc
09-06 18:23:27.871   219   219 I chatty  : uid=1000(system) composer@2.1-se identical 1 line
09-06 18:23:27.887   219   219 E hwc_rk  : hwc_get_handle_layername:cann't get value from gralloc
09-06 18:23:27.899   528  1294 D mali_winsys: EGLint new_window_surface(egl_winsys_display *, void *, EGLSurface, EGLConfig, egl_winsys_surface **, egl_color_buffer_format *, EGLBoolean) returns 0x3000
09-06 18:23:27.904   219   219 E hwc_rk  : hwc_get_handle_layername:cann't get value from gralloc
09-06 18:23:27.922   219   219 I chatty  : uid=1000(system) composer@2.1-se identical 1 line
09-06 18:23:27.938   219   219 E hwc_rk  : hwc_get_handle_layername:cann't get value from gralloc
09-06 18:23:27.944   929   929 D myvava  : Common-->baidu location :null
09-06 18:23:27.955   219   219 E hwc_rk  : hwc_get_handle_layername:cann't get value from gralloc
09-06 18:23:28.143   414   711 W ActivityManager: Duplicate finish request for ActivityRecord{622ac54 u0 com.anjou.cbl001.cn/com.vava.quickdevelop.UI.Main.LocationChangedDialog t9 f}
09-06 18:23:28.054   219   219 I chatty  : uid=1000(system) composer@2.1-se identical 6 lines
09-06 18:23:28.071   219   219 E hwc_rk  : hwc_get_handle_layername:cann't get value from gralloc
09-06 18:23:30.547   226   246 E BufferQueueProducer: [InputMethod#0] disconnect: not connected (req=1)
09-06 18:23:30.547   528  1294 W libEGL  : EGLNativeWindowType 0xa071f008 disconnect failed
09-06 18:23:30.633   414   711 I WifiService: getWifiEnabledState uid=1000
09-06 18:23:30.634   414   711 I WifiService: startScan uid=1000
09-06 18:23:30.640   223   223 I WifiHAL : Got channel list with 13 channels
09-06 18:23:30.641   223   223 I WifiHAL : Got channel list with 0 channels
09-06 18:23:30.641   223   223 W WifiHAL : Ignoring invalid attribute type = 37, size = 0
09-06 18:23:30.642   223   223 I WifiHAL : Got channel list with 0 channels
09-06 18:23:30.642   223   223 W WifiHAL : Ignoring invalid attribute type = 37, size = 0
09-06 18:23:31.055   528   528 W InputConnectionWrapper: Fixing selection indices to 0, 0
09-06 18:23:31.082   528  1294 D mali_winsys: EGLint new_window_surface(egl_winsys_display *, void *, EGLSurface, EGLConfig, egl_winsys_surface **, egl_color_buffer_format *, EGLBoolean) returns 0x3000
09-06 18:23:31.476   948  1038 E stm32com: [V21] [heartbeatInner:149] 
09-06 18:23:31.490   414   699 D WificondControl: Scan result ready event
09-06 18:23:31.513   414   699 I WifiService: getConnectionInfo uid=1000
09-06 18:23:31.514   414   699 I WifiService: getConnectionInfo uid=1000
09-06 18:23:31.515   414   699 I WifiService: getDhcpInfo uid=1000
09-06 18:23:31.556   929   929 D myvava  : Common-->baidu location :
09-06 18:23:31.556   929   929 D myvava  : Common-->curShopLat : 22.610014  curShopLng : 114.064284   from:synLatLng  curLocation
09-06 18:23:31.558   929   929 D myvava  : Common-->curShopLat : 22.610014  curShopLng : 114.064284   from:setAddress BDLocation
09-06 18:23:31.575  1183  1183 D baidu_location_service: baidu location service stop ...
09-06 18:23:31.581  1183  1209 D baidu_location_service: baidu location service has stoped ...
09-06 18:23:31.912   226   247 E BufferQueueProducer: [InputMethod#0] disconnect: not connected (req=1)
09-06 18:23:31.912   528  1294 W libEGL  : EGLNativeWindowType 0xa0711808 disconnect failed
09-06 18:23:32.703   528   528 W InputConnectionWrapper: Fixing selection indices to 0, 0
09-06 18:23:32.731   528  1294 D mali_winsys: EGLint new_window_surface(egl_winsys_display *, void *, EGLSurface, EGLConfig, egl_winsys_surface **, egl_color_buffer_format *, EGLBoolean) returns 0x3000
09-06 18:23:34.110   226   247 E BufferQueueProducer: [InputMethod#0] disconnect: not connected (req=1)
09-06 18:23:34.110   528  1294 W libEGL  : EGLNativeWindowType 0xa0711808 disconnect failed
09-06 18:23:35.177   929   929 I getSn   : getsn from share preference sn:e4937a14f91c05a3
09-06 18:23:35.179   929   929 E myvava  : Common-->shopInfo  {"address":"","area":"","city":"","province":"","shopName":"","sn":"e4937a14f91c05a3","tel":"555555","x":"114.064284","y":"22.610014"}
09-06 18:23:35.209   226   226 D SurfaceFlinger: duplicate layer name: changing com.anjou.cbl001.cn/com.vava.quickdevelop.UI.WellCome.LocationServiceActivity to com.anjou.cbl001.cn/com.vava.quickdevelop.UI.WellCome.LocationServiceActivity#1
09-06 18:23:35.215   929  1175 D mali_winsys: EGLint new_window_surface(egl_winsys_display *, void *, EGLSurface, EGLConfig, egl_winsys_surface **, egl_color_buffer_format *, EGLBoolean) returns 0x3000
09-06 18:23:35.288   219   219 E hwc_rk  : hwc_get_handle_layername:cann't get value from gralloc
09-06 18:23:35.297   929  1655 D myvava  : LoggingInterceptor-->url:https://mi-api.nailtutu.com/imi/cmsShopInfo/addCmsShopInfo?&access_token=6883cbe9-c40a-4e4d-83e9-f737a582bce6&timeStamp=20190906182335&clientVersionInfo=android_1.0.34&lang=zh
09-06 18:23:35.297   929  1655 D myvava  : {"stateCode":200,"stateMsg":"OK"}
09-06 18:23:35.298   929  1655 D myvava  : 
09-06 18:23:35.299   929  1655 D myvava  :  {
09-06 18:23:35.299   929  1655 D myvava  :    "stateCode": 200,
09-06 18:23:35.299   929  1655 D myvava  :    "stateMsg": "OK"
09-06 18:23:35.299   929  1655 D myvava  :  }
09-06 18:23:35.299   929  1655 D myvava  : 
09-06 18:23:35.302   226   634 E BufferQueueProducer: [com.anjou.cbl001.cn/com.vava.quickdevelop.UI.WellCome.LocationServiceActivity#1] disconnect: not connected (req=1)
09-06 18:23:35.303   929  1175 W libEGL  : EGLNativeWindowType 0x8d70a808 disconnect failed
09-06 18:23:35.305   219   219 E hwc_rk  : hwc_get_handle_layername:cann't get value from gralloc
09-06 18:23:35.321   219   219 E hwc_rk  : hwc_get_handle_layername:cann't get value from gralloc
09-06 18:23:35.334   226   246 E BufferQueueProducer: [SurfaceView - com.anjou.cbl001.cn/com.vava.quickdevelop.UI.WellCome.LocationServiceActivity#0] disconnect: not connected (req=1)
09-06 18:23:35.334   929  1635 W libEGL  : EGLNativeWindowType 0x8bee3008 disconnect failed
09-06 18:23:35.336   929   929 D myvava  : Common-->ImageLoad  LocationServiceActivity  onPause
09-06 18:23:35.337   414   745 E ActivityManager: getPackageFerformanceMode--ComponentInfo{com.anjou.cbl001.cn/com.vava.quickdevelop.UI.Main.MainActivity}----com.anjou.cbl001.cn
09-06 18:23:35.338   219   219 E hwc_rk  : hwc_get_handle_layername:cann't get value from gralloc
09-06 18:23:35.350   414   711 W ContextImpl: Calling a method in the system process without a qualified user: android.app.ContextImpl.sendBroadcast:966 com.anjou.beautysystemservice.BeautySystemService.setSystemNavigationBarVisibility:108 com.anjou.beautysystemservice.IBeautySystemService$Stub.onTransact:75 android.os.Binder.execTransact:697 <bottom of call stack> 
09-06 18:23:35.351   929   929 E myvava  : Common-->----------------------------------------checkUserStatus--------------------------------------
09-06 18:23:35.351   544   544 D StatusBar: Receiver broadcast to set navigation bar to 0
09-06 18:23:35.351   544   544 D StatusBar: conflict: Navigation is Hide Now!
09-06 18:23:35.355   219   219 E hwc_rk  : hwc_get_handle_layername:cann't get value from gralloc
09-06 18:23:35.359   929   929 I OfflineStatistics: resumeOfflineStatistics
09-06 18:23:35.359   929   929 I OfflineStatistics: startOfflineStatistics
09-06 18:23:35.359   929   929 I OfflineStatistics: initStatisticsInfo
09-06 18:23:35.360   929   929 I OfflineStatistics: initStatisticsInfo,mStatisticsInfoList size:0
09-06 18:23:35.361   929   929 I ImageManager: resumeDownload
09-06 18:23:35.371   219   219 E hwc_rk  : hwc_get_handle_layername:cann't get value from gralloc
09-06 18:23:35.378   929   929 I ImageManager: allDownloadImageSize;687
09-06 18:23:35.378   929   929 I ImageManager: unDownloadImageSize;0
09-06 18:23:35.379   929   929 I ImageManager: downloadImageSize;687
09-06 18:23:35.379   929   929 D myvava  : Common-->ImageLoad  MainActivity  onResume
09-06 18:23:35.383   544   544 D StatusBar: Receiver broadcast to set navigation bar to 0
09-06 18:23:35.383   544   544 D StatusBar: conflict: Navigation is Hide Now!
09-06 18:23:35.388   929  1013 I MobclickAgent: Extend current session: F1188E1DB124C98186AEBE11A995237B
09-06 18:23:35.389   219   219 E hwc_rk  : hwc_get_handle_layername:cann't get value from gralloc
09-06 18:23:35.391   929  1013 D UMLog   :  https://developer.umeng.com/docs/66632/detail/66976?um_channel=sdk
09-06 18:23:35.392   929  1013 D MobclickAgent: Report policy : ReportAtLaunch
09-06 18:23:35.405   219   219 E hwc_rk  : hwc_get_handle_layername:cann't get value from gralloc
09-06 18:23:35.411   929  1175 D mali_winsys: EGLint new_window_surface(egl_winsys_display *, void *, EGLSurface, EGLConfig, egl_winsys_surface **, egl_color_buffer_format *, EGLBoolean) returns 0x3000
09-06 18:23:35.421   219   219 E hwc_rk  : hwc_get_handle_layername:cann't get value from gralloc
09-06 18:23:35.422   929  1656 D myvava  : LoggingInterceptor-->url:https://mi-api.nailtutu.com/users/detail?&access_token=6883cbe9-c40a-4e4d-83e9-f737a582bce6&timeStamp=20190906182335&clientVersionInfo=android_1.0.34&lang=zh
09-06 18:23:35.422   929  1656 D myvava  : {"stateCode":200,"stateMsg":"OK","data":{"userId":"053b0897215d4606bf75154b4b6c01ad","uid":90000041,"username":"13417335080","nickname":"","lastName":"","firstName":"","headPortrait":"/tutu/system/20190426171239301_338333.png","sex":0,"birthday":"","country":"","province":"","city":"","address":"","industry":"","productLineId":"b74ba81ad5de48dd9fab250f911b9157","tenantId":"61bf9fc4a862452c8e7f09ef0b4e9a42","email":null,"mobile":null,"area":""}}
09-06 18:23:35.423   929  1656 D myvava  : 
09-06 18:23:35.423   929  1656 D myvava  :  {
09-06 18:23:35.423   929  1656 D myvava  :    "stateCode": 200,
09-06 18:23:35.424   929  1656 D myvava  :    "stateMsg": "OK",
09-06 18:23:35.424   929  1656 D myvava  :    "data": {
09-06 18:23:35.424   929  1656 D myvava  :      "userId": "053b0897215d4606bf75154b4b6c01ad",
09-06 18:23:35.424   929  1656 D myvava  :      "uid": 90000041,
09-06 18:23:35.424   929  1656 D myvava  :      "username": "13417335080",
09-06 18:23:35.424   929  1656 D myvava  :      "nickname": "",
09-06 18:23:35.424   929  1656 D myvava  :      "lastName": "",
09-06 18:23:35.424   929  1656 D myvava  :      "firstName": "",
09-06 18:23:35.424   929  1656 D myvava  :      "headPortrait": "\/tutu\/system\/20190426171239301_338333.png",
09-06 18:23:35.424   929  1656 D myvava  :      "sex": 0,
09-06 18:23:35.424   929  1656 D myvava  :      "birthday": "",
09-06 18:23:35.424   929  1656 D myvava  :      "country": "",
09-06 18:23:35.424   929  1656 D myvava  :      "province": "",
09-06 18:23:35.424   929  1656 D myvava  :      "city": "",
09-06 18:23:35.424   929  1656 D myvava  :      "address": "",
09-06 18:23:35.424   929  1656 D myvava  :      "industry": "",
09-06 18:23:35.424   929  1656 D myvava  :      "productLineId": "b74ba81ad5de48dd9fab250f911b9157",
09-06 18:23:35.424   929  1656 D myvava  :      "tenantId": "61bf9fc4a862452c8e7f09ef0b4e9a42",
09-06 18:23:35.424   929  1656 D myvava  :      "email": null,
09-06 18:23:35.424   929  1656 D myvava  :      "mobile": null,
09-06 18:23:35.424   929  1656 D myvava  :      "area": ""
09-06 18:23:35.424   929  1656 D myvava  :    }
09-06 18:23:35.424   929  1656 D myvava  :  }
09-06 18:23:35.424   929  1656 D myvava  : 
09-06 18:23:35.438   219   219 E hwc_rk  : hwc_get_handle_layername:cann't get value from gralloc
09-06 18:23:35.455   219   219 I chatty  : uid=1000(system) composer@2.1-se identical 1 line
09-06 18:23:35.472   219   219 E hwc_rk  : hwc_get_handle_layername:cann't get value from gralloc
09-06 18:23:35.482   226   470 E BufferQueueProducer: [com.anjou.cbl001.cn/com.vava.quickdevelop.UI.WellCome.LocationServiceActivity#0] disconnect: not connected (req=1)
09-06 18:23:35.482   929  1175 W libEGL  : EGLNativeWindowType 0x8e2df008 disconnect failed
09-06 18:23:35.489   219   219 E hwc_rk  : hwc_get_handle_layername:cann't get value from gralloc
09-06 18:23:35.522   219   219 I chatty  : uid=1000(system) composer@2.1-se identical 2 lines
09-06 18:23:35.538   219   219 E hwc_rk  : hwc_get_handle_layername:cann't get value from gralloc
09-06 18:23:35.577   414   469 E ActivityManager: Sending non-protected broadcast MqttService.pingSender.ClientId_Pad_App_CN_e4937a14f91c05a3 from system uid 1000 pkg com.anjou.cbl001.cn
09-06 18:23:35.577   414   469 E ActivityManager: java.lang.Throwable
09-06 18:23:35.577   414   469 E ActivityManager: 	at com.android.server.am.ActivityManagerService.checkBroadcastFromSystem(ActivityManagerService.java:19131)
09-06 18:23:35.577   414   469 E ActivityManager: 	at com.android.server.am.ActivityManagerService.broadcastIntentLocked(ActivityManagerService.java:19731)
09-06 18:23:35.577   414   469 E ActivityManager: 	at com.android.server.am.ActivityManagerService.broadcastIntentInPackage(ActivityManagerService.java:19895)
09-06 18:23:35.577   414   469 E ActivityManager: 	at com.android.server.am.PendingIntentRecord.sendInner(PendingIntentRecord.java:357)
09-06 18:23:35.577   414   469 E ActivityManager: 	at com.android.server.am.PendingIntentRecord.sendWithResult(PendingIntentRecord.java:240)
09-06 18:23:35.577   414   469 E ActivityManager: 	at com.android.server.am.ActivityManagerService.sendIntentSender(ActivityManagerService.java:7749)
09-06 18:23:35.577   414   469 E ActivityManager: 	at android.app.PendingIntent.send(PendingIntent.java:874)
09-06 18:23:35.577   414   469 E ActivityManager: 	at com.android.server.AlarmManagerService$DeliveryTracker.deliverLocked(AlarmManagerService.java:3195)
09-06 18:23:35.577   414   469 E ActivityManager: 	at com.android.server.AlarmManagerService.deliverAlarmsLocked(AlarmManagerService.java:2596)
09-06 18:23:35.577   414   469 E ActivityManager: 	at com.android.server.AlarmManagerService$AlarmThread.run(AlarmManagerService.java:2719)
09-06 18:23:35.582   929   929 D AlarmPingSender: Sending Ping at:1567765415582
09-06 18:23:35.582   929   929 D AlarmPingSender: Schedule next alarm at 1567765435582
09-06 18:23:35.583   929   929 D AlarmPingSender: Alarm scheule using setExactAndAllowWhileIdle, next: 20000
09-06 18:23:35.627   929  1516 D AlarmPingSender: Success. Release lock(MqttService.client.ClientId_Pad_App_CN_e4937a14f91c05a3):1567765415627
09-06 18:23:35.381   414   711 W ContextImpl: Calling a method in the system process without a qualified user: android.app.ContextImpl.sendBroadcast:966 com.anjou.beautysystemservice.BeautySystemService.setSystemNavigationBarVisibility:108 com.anjou.beautysystemservice.IBeautySystemService$Stub.onTransact:75 android.os.Binder.execTransact:697 <bottom of call stack> 
09-06 18:23:35.833   414   711 W ActivityManager: Duplicate finish request for ActivityRecord{b1511ab u0 com.anjou.cbl001.cn/com.vava.quickdevelop.UI.WellCome.LocationServiceActivity t9 f}
09-06 18:23:35.954   929   929 W Bitmap  : Called hasAlpha() on a recycle()'d bitmap! This is undefined behavior!
09-06 18:23:35.954   929   929 I chatty  : uid=1000(system) com.anjou.cbl001.cn identical 1 line
09-06 18:23:35.954   929   929 W Bitmap  : Called hasAlpha() on a recycle()'d bitmap! This is undefined behavior!
09-06 18:23:40.391   948  1052 D print   : [V21] [void InkjetBoardPowerManager::run():103] need power off
09-06 18:23:40.391   948  1052 D print   : [V21] [virtual int NailPrintCmd::powerOffInkjet():176] 
09-06 18:23:40.391   948  1052 E print   : [V21] [setInkjetPWR:372] 
09-06 18:23:40.391   948  1052 D print   : [V21] [void InkjetBoardPowerManager::run():99] wait for inkjet board!
09-06 18:23:44.432   854   968 D AnjoudService: LoggingInterceptor-->POST:https://env-proxy.nailtutu.com/api/heartbeat?&timeStamp=20190906182344&clientVersionInfo=android_1.0.0&lang=zh
09-06 18:23:44.432   854   968 D AnjoudService: body:{"client_time":"1567765424406","sn":"e4937a14f91c05a3"}
09-06 18:23:45.314   854   968 D AnjoudService: LoggingInterceptor-->url:https://env-proxy.nailtutu.com/api/heartbeat?&timeStamp=20190906182344&clientVersionInfo=android_1.0.0&lang=zh
09-06 18:23:45.314   854   968 D AnjoudService: {"stateCode":200,"stateMsg":"OK","data":{"cicycle":"30000","action":"0"}}
09-06 18:23:45.318   854   968 D AnjoudService: 
09-06 18:23:45.321   854   968 D AnjoudService:  {
09-06 18:23:45.322   854   968 D AnjoudService:    "stateCode": 200,
09-06 18:23:45.322   854   968 D AnjoudService:    "stateMsg": "OK",
09-06 18:23:45.322   854   968 D AnjoudService:    "data": {
09-06 18:23:45.323   854   968 D AnjoudService:      "cicycle": "30000",
09-06 18:23:45.323   854   968 D AnjoudService:      "action": "0"
09-06 18:23:45.323   854   968 D AnjoudService:    }
09-06 18:23:45.323   854   968 D AnjoudS