09-06 17:54:53.721   223   223 I WifiHAL : Got channel list with 13 channels
09-06 17:54:53.727   223   223 I WifiHAL : Got channel list with 0 channels
09-06 17:54:53.727   223   223 W WifiHAL : Ignoring invalid attribute type = 37, size = 0
09-06 17:54:53.732   223   223 I WifiHAL : Got channel list with 0 channels
09-06 17:54:53.732   223   223 W WifiHAL : Ignoring invalid attribute type = 37, size = 0
09-06 17:54:59.478   948  1038 E stm32com: [V21] [heartbeatInner:149] 
09-06 17:55:10.373   948  1052 D print   : [V21] [void InkjetBoardPowerManager::run():103] need power off
09-06 17:55:10.373   948  1052 D print   : [V21] [virtual int NailPrintCmd::powerOffInkjet():176] 
09-06 17:55:10.373   948  1052 E print   : [V21] [setInkjetPWR:372] 
09-06 17:55:10.373   948  1052 D print   : [V21] [void InkjetBoardPowerManager::run():99] wait for inkjet board!
09-06 17:55:12.803   854   968 I chatty  : uid=1000(system) RxCachedThreadS expire 12 lines
09-06 17:55:17.500   948  1038 E stm32com: [V21] [heartbeatInner:149] 
09-06 17:55:35.520   948  1038 E stm32com: [V21] [heartbeatInner:149] 
09-06 17:55:35.665   929  1248 I chatty  : uid=1000(system) com.anjou.cbl001.cn expire 12 lines
09-06 17:55:42.816   854   968 I chatty  : uid=1000(system) RxCachedThreadS expire 12 lines
09-06 17:55:53.541   948  1038 E stm32com: [V21] [heartbeatInner:149] 
09-06 17:55:55.431   414   469 I chatty  : uid=1000(system) AlarmManager expire 12 lines
09-06 17:56:00.086   219   219 I chatty  : uid=1000(system) composer@2.1-se expire 19 lines
09-06 17:56:11.563   948  1038 E stm32com: [V21] [heartbeatInner:149] 
09-06 17:56:12.847   854   968 I chatty  : uid=1000(system) RxCachedThreadS expire 12 lines
09-06 17:56:15.461   929   929 I chatty  : uid=1000(system) com.anjou.cbl001.cn expire 10 lines
09-06 17:56:29.584   948  1038 E stm32com: [V21] [heartbeatInner:149] 
09-06 17:56:42.888   854   968 I chatty  : uid=1000(system) RxCachedThreadS expire 12 lines
09-06 17:56:45.373   948  1052 D print   : [V21] [void InkjetBoardPowerManager::run():103] need power off
09-06 17:56:45.374   948  1052 D print   : [V21] [virtual int NailPrintCmd::powerOffInkjet():176] 
09-06 17:56:45.374   948  1052 E print   : [V21] [setInkjetPWR:372] 
09-06 17:56:45.374   948  1052 D print   : [V21] [void InkjetBoardPowerManager::run():99] wait for inkjet board!
09-06 17:56:47.606   948  1038 E stm32com: [V21] [heartbeatInner:149] 
09-06 17:57:05.628   948  1038 E stm32com: [V21] [heartbeatInner:149] 
09-06 17:57:08.209   212   363 D CameraHal: camera_get_camera_info(1447): camera_get_camera_info(1447): camera_0 facing(0), orientation(0)
09-06 17:57:11.430   929   929 W ContextImpl: Calling a method in the system process without a qualified user: android.app.ContextImpl.bindService:1556 android.content.ContextWrapper.bindService:684 com.baidu.location.LocationClient.b:107 com.baidu.location.LocationClient.p:0 com.baidu.location.LocationClient$a.handleMessage:167 
09-06 17:57:11.445  1183  1183 D baidu_location_service: baidu location service start1 ...20181201...1183
09-06 17:57:11.479   414   427 I UsageStatsService: User[0] Flushing usage stats to disk
09-06 17:57:11.511  1183  1183 I baidu_location_service: LocationAuthManager Authentication AUTHENTICATE_SUCC
09-06 17:57:11.547  1183  1209 D baidu_location_service: baidu location service register ...
09-06 17:57:11.722   929   929 I chatty  : uid=1000(system) com.anjou.cbl001.cn expire 16 lines
09-06 17:57:11.756  1183  1183 D baidu_location_service: baidu location service stop ...
09-06 17:57:11.762  1183  1209 D baidu_location_service: baidu location service has stoped ...
09-06 17:57:11.922   929  1457 I chatty  : uid=1000(system) com.anjou.cbl001.cn expire 8 lines
09-06 17:57:12.928   854   968 I chatty  : uid=1000(system) RxCachedThreadS expire 12 lines
09-06 17:57:23.649   948  1038 E stm32com: [V21] [heartbeatInner:149] 
09-06 17:57:33.728   223   223 I WifiHAL : Got channel list with 13 channels
09-06 17:57:33.733   223   223 I WifiHAL : Got channel list with 0 channels
09-06 17:57:33.734   223   223 W WifiHAL : Ignoring invalid attribute type = 37, size = 0
09-06 17:57:33.738   223   223 I WifiHAL : Got channel list with 0 channels
09-06 17:57:33.739   223   223 W WifiHAL : Ignoring invalid attribute type = 37, size = 0
09-06 17:57:41.671   948  1038 E stm32com: [V21] [heartbeatInner:149] 
09-06 17:57:42.955   854   968 I chatty  : uid=1000(system) RxCachedThreadS expire 12 lines
09-06 17:57:55.570   414   427 I chatty  : uid=1000(system) android.bg expire 13 lines
09-06 17:57:59.693   948  1038 E stm32com: [V21] [heartbeatInner:149] 
09-06 17:58:13.006   854   968 I chatty  : uid=1000(system) RxCachedThreadS expire 12 lines
09-06 17:58:17.714   948  1038 E stm32com: [V21] [heartbeatInner:149] 
09-06 17:58:20.374   948  1052 D print   : [V21] [void InkjetBoardPowerManager::run():103] need power off
09-06 17:58:20.375   948  1052 D print   : [V21] [virtual int NailPrintCmd::powerOffInkjet():176] 
09-06 17:58:20.375   948  1052 E print   : [V21] [setInkjetPWR:372] 
09-06 17:58:20.375   948  1052 D print   : [V21] [void InkjetBoardPowerManager::run():99] wait for inkjet board!
09-06 17:58:35.627   929   929 I chatty  : uid=1000(system) com.anjou.cbl001.cn expire 17 lines
09-06 17:58:35.735   948  1038 E stm32com: [V21] [heartbeatInner:149] 
09-06 17:58:43.011   854   968 I chatty  : uid=1000(system) RxCachedThreadS expire 12 lines
09-06 17:58:53.757   948  1038 E stm32com: [V21] [heartbeatInner:149] 
09-06 17:59:00.039   219   219 I chatty  : uid=1000(system) composer@2.1-se expire 26 lines
09-06 17:59:11.778   948  1038 E stm32com: [V21] [heartbeatInner:149] 
09-06 17:59:13.049   854   968 I chatty  : uid=1000(system) RxCachedThreadS expire 12 lines
09-06 17:59:29.800   948  1038 E stm32com: [V21] [heartbeatInner:149] 
09-06 17:59:35.896   929  1248 I chatty  : uid=1000(system) com.anjou.cbl001.cn expire 10 lines
09-06 17:59:37.787   693   693 I wpa_supplicant: wlan0: WPA: Group rekeying completed with ac:9e:17:7d:d4:20 [GTK=CCMP]
09-06 17:59:37.811   693   693 I wpa_supplicant: wlan0: WPA: Group rekeying completed with ac:9e:17:7d:d4:20 [GTK=CCMP]
09-06 17:59:43.089   854   968 I chatty  : uid=1000(system) RxCachedThreadS expire 12 lines
09-06 17:59:47.822   948  1038 E stm32com: [V21] [heartbeatInner:149] 
09-06 17:59:55.376   948  1052 D print   : [V21] [void InkjetBoardPowerManager::run():103] need power off
09-06 17:59:55.376   948  1052 D print   : [V21] [virtual int NailPrintCmd::powerOffInkjet():176] 
09-06 17:59:55.376   948  1052 E print   : [V21] [setInkjetPWR:372] 
09-06 17:59:55.377   948  1052 D print   : [V21] [void InkjetBoardPowerManager::run():99] wait for inkjet board!
09-06 17:59:55.721   414   469 I chatty  : uid=1000(system) AlarmManager expire 12 lines
09-06 18:00:00.028   219   264 I chatty  : uid=1000(system) HwBinder:219_3 expire 9 lines
09-06 18:00:05.845   948  1038 E stm32com: [V21] [heartbeatInner:149] 
09-06 18:00:13.117   854   968 I chatty  : uid=1000(system) RxCachedThreadS expire 12 lines
09-06 18:00:13.727   223   223 I WifiHAL : Got channel list with 13 channels
09-06 18:00:13.731   223   223 I WifiHAL : Got channel list with 0 channels
09-06 18:00:13.731   223   223 W WifiHAL : Ignoring invalid attribute type = 37, size = 0
09-06 18:00:13.734   223   223 I WifiHAL : Got channel list with 0 channels
09-06 18:00:13.734   223   223 W WifiHAL : Ignoring invalid attribute type = 37, size = 0
09-06 18:00:23.868   948  1038 E stm32com: [V21] [heartbeatInner:149] 
09-06 18:00:35.757   929   929 I chatty  : uid=1000(system) com.anjou.cbl001.cn expire 19 lines
09-06 18:00:41.890   948  1038 E stm32com: [V21] [heartbeatInner:149] 
09-06 18:00:43.138   854   968 I chatty  : uid=1000(system) RxCachedThreadS expire 12 lines
09-06 18:00:55.218   767   767 I adbd    : Calling send_auth_request...
09-06 18:00:56.221   767   767 I adbd    : Calling send_auth_request...
09-06 18:00:56.235   767   767 I adbd    : Loading keys from /data/misc/adb/adb_keys
09-06 18:00:56.248   767   767 E adbd    : Invalid base64 key  in /data/misc/adb/adb_keys
09-06 18:00:56.248   767   767 I adbd    : Calling send_auth_request...
09-06 18:00:56.249   414   793 D UsbDebuggingManager: Received public key: QAAAAMFfo1G/T08gEib8U9C6+4gLo83DzeJ1r4mw4Wrd9LmcFgZ6aDYNkKswu6Sh4/9npH1Sc6WaGRqXKp3P/tmlQNUDlZMr2SKUuY1P28IjU7PQ1sfm5iKHHHdpJYJ+Wi8Oj1BTqHdAbw/n+/R28LQxErB0OoapBLO6Zurj0ZW5xiTjgdxry0QIe9cENLZZ7yhewEE0Y3EiIvNscK3+eP0be8VetxO8lx0PQnMIQPQDRoACZBWKd5KPsuLLEzNbJGMCzvWLn6o0m+jTYttJx+ZYrH3mEQgJuk8L2vCpfGEGhqJ0qaesFeeFjJ/uk7+flSo/6X7YbK5HRt/BQYZ7R21IdDCxBezH0Ppi6RHMzizSd7y/Iv6ZM1mBA8ixiTF2+yP0MmYGhQl/WjhOA89DAV25srET1g/MBmAHBdPXHDByqTami2gN0XJ9imXlpoYPe75rn1qoI5lS4OKnqdoeQ/Yz4ozwlK2HJUUjYu5yIVWQjDsufFUKnlldRydAfZzHL8ooKDrxRgBax80Ob/rHEiUcaGDAaRs67LEObxvHv7AE7IHiHY6WOcDuGXPsYaI5w9m9zWpmwgmTOSfOdS03JHXETZysqHgL6legj4yDCBmNU5pZ46Q4Ttp671DyZ3oIrzt4HTq5hv7dPBg5o4EaV70KOrN/d2m57X+6QT0bAY/G4NMd5aYBxAEAAQA= @unknown
09-06 18:00:56.250   414   433 D UsbDebuggingManager: Setup wizard Not complete! start setup wizard now...
09-06 18:00:56.250   414   433 I ActivityManager: START u0 {cmp=com.android.provision/.DefaultActivity} from uid 1000
09-06 18:00:56.251   414   433 I ActivityManager: START u0 {flg=0x10000000 cmp=com.android.systemui/.usb.UsbDebuggingActivity (has extras)} from uid 1000
09-06 18:00:56.263   767   767 I adbd    : Loading keys from /data/misc/adb/adb_keys
09-06 18:00:56.266   767   767 I adbd    : adb client authorized
09-06 18:00:56.376   544   673 D mali_winsys: EGLint new_window_surface(egl_winsys_display *, void *, EGLSurface, EGLConfig, egl_winsys_surface **, egl_color_buffer_format *, EGLBoolean) returns 0x3000
09-06 18:00:59.912   948  1038 E stm32com: [V21] [heartbeatInner:149] 
09-06 18:01:13.186   854   968 I chatty  : uid=1000(system) RxCachedThreadS expire 12 lines
09-06 18:01:17.935   948  1038 E stm32com: [V21] [heartbeatInner:149] 
09-06 18:01:30.377   948  1052 D print   : [V21] [void InkjetBoardPowerManager::run():103] need power off
09-06 18:01:30.377   948  1052 D print   : [V21] [virtual int NailPrintCmd::powerOffInkjet():176] 
09-06 18:01:30.378   948  1052 E print   : [V21] [setInkjetPWR:372] 
09-06 18:01:30.378   948  1052 D print   : [V21] [void InkjetBoardPowerManager::run():99] wait for inkjet board!
09-06 18:01:35.955   948  1038 E stm32com: [V21] [heartbeatInner:149] 
09-06 18:01:43.221   854   968 I chatty  : uid=1000(system) RxCachedThreadS expire 12 lines
09-06 18:01:53.976   948  1038 E stm32com: [V21] [heartbeatInner:149] 
09-06 18:02:11.449   929   929 W ContextImpl: Calling a method in the system process without a qualified user: android.app.ContextImpl.bindService:1556 android.content.ContextWrapper.bindService:684 com.baidu.location.LocationClient.b:107 com.baidu.location.LocationClient.p:0 com.baidu.location.LocationClient$a.handleMessage:167 
09-06 18:02:11.475  1183  1183 D baidu_location_service: baidu location service start1 ...20181201...1183
09-06 18:02:11.548  1183  1183 I baidu_location_service: LocationAuthManager Authentication AUTHENTICATE_SUCC
09-06 18:02:11.574  1183  1209 D baidu_location_service: baidu location service register ...
09-06 18:02:11.894  1183  1183 D baidu_location_service: baidu location service stop ...
09-06 18:02:11.918  1183  1209 D baidu_location_service: baidu location service has stoped ...
09-06 18:02:11.997   948  1038 E stm32com: [V21] [heartbeatInner:149] 
09-06 18:02:12.207   929  1475 I chatty  : uid=1000(system) com.anjou.cbl001.cn expire 8 lines
09-06 18:02:12.223   929   929 I chatty  : uid=1000(system) com.anjou.cbl001.cn expire 14 lines
09-06 18:02:13.257   854   968 I chatty  : uid=1000(system) RxCachedThreadS expire 12 lines
09-06 18:02:13.536   219   219 E hwc_rk  : hwc_get_handle_layername:cann't get value from gralloc
09-06 18:02:16.545   219   219 E hwc_rk  : hwc_get_handle_layername:cann't get value from gralloc
09-06 18:02:22.654   219   219 E hwc_rk  : hwc_get_handle_layername:cann't get value from gralloc
09-06 18:02:30.019   948  1038 E stm32com: [V21] [heartbeatInner:149] 
09-06 18:02:37.822   219   219 E hwc_rk  : hwc_get_handle_layername:cann't get value from gralloc
09-06 18:02:43.280   854   968 I chatty  : uid=1000(system) RxCachedThreadS expire 12 lines
09-06 18:02:48.040   948  1038 E stm32com: [V21] [heartbeatInner:149] 
09-06 18:02:53.730   223   223 I WifiHAL : Got channel list with 13 channels
09-06 18:02:53.735   223   223 I WifiHAL : Got channel list with 0 channels
09-06 18:02:53.735   223   223 W WifiHAL : Ignoring invalid attribute type = 37, size = 0
09-06 18:02:53.740   223   223 I WifiHAL : Got channel list with 0 channels
09-06 18:02:53.740   223   223 W WifiHAL : Ignoring invalid attribute type = 37, size = 0
09-06 18:02:55.976   414   427 I chatty  : uid=1000(system) android.bg expire 12 lines
09-06 18:02:55.980   929  1248 I chatty  : uid=1000(system) com.anjou.cbl001.cn expire 10 lines
09-06 18:02:59.042   219   219 E hwc_rk  : hwc_get_handle_layername:cann't get value from gralloc
09-06 18:03:02.092   219   219 E hwc_rk  : hwc_get_handle_layername:cann't get value from gralloc
09-06 18:03:05.378   948  1052 D print   : [V21] [void InkjetBoardPowerManager::run():103] need power off
09-06 18:03:05.379   948  1052 D print   : [V21] [virtual int NailPrintCmd::powerOffInkjet():176] 
09-06 18:03:05.379   948  1052 E print   : [V21] [setInkjetPWR:372] 
09-06 18:03:05.379   948  1052 D print   : [V21] [void InkjetBoardPowerManager::run():99] wait for inkjet board!
09-06 18:03:06.061   948  1038 E stm32com: [V21] [heartbeatInner:149] 
09-06 18:03:13.321   854   968 I chatty  : uid=1000(system) RxCachedThreadS expire 12 lines
09-06 18:03:23.328   219   219 E hwc_rk  : hwc_get_handle_layername:cann't get value from gralloc
09-06 18:03:24.083   948  1038 E stm32com: [V21] [heartbeatInner:149] 
09-06 18:03:36.017   929   929 I chatty  : uid=1000(system) com.anjou.cbl001.cn expire 12 lines
09-06 18:03:42.104   948  1038 E stm32com: [V21] [heartbeatInner:149] 
09-06 18:03:43.333   854   968 I chatty  : uid=1000(system) RxCachedThreadS expire 12 lines
09-06 18:03:47.581   219   219 E hwc_rk  : hwc_get_handle_layername:cann't get value from gralloc
09-06 18:03:56.021   414   469 I chatty  : uid=1000(system) AlarmManager expire 10 lines
09-06 18:04:00.058   219   219 E hwc_rk  : hwc_get_handle_layername:cann't get value from gralloc
09-06 18:04:00.091   219   219 E hwc_rk  : hwc_get_handle_layername:cann't get value from gralloc
09-06 18:04:00.124   948  1038 E stm32com: [V21] [heartbeatInner:149] 
09-06 18:04:08.817   219   219 E hwc_rk  : hwc_get_handle_layername:cann't get value from gralloc
09-06 18:04:13.352   854   968 I chatty  : uid=1000(system) RxCachedThreadS expire 12 lines
09-06 18:04:18.145   948  1038 E stm32com: [V21] [heartbeatInner:149] 
09-06 18:04:27.036   219   219 E hwc_rk  : hwc_get_handle_layername:cann't get value from gralloc
09-06 18:04:33.104   219   219 E hwc_rk  : hwc_get_handle_layername:cann't get value from gralloc
09-06 18:04:36.166   948  1038 E stm32com: [V21] [heartbeatInner:149] 
09-06 18:04:40.379   948  1052 D print   : [V21] [void InkjetBoardPowerManager::run():103] need power off
09-06 18:04:40.379   948  1052 D print   : [V21] [virtual int NailPrintCmd::powerOffInkjet():176] 
09-06 18:04:40.379   948  1052 E print   : [V21] [setInkjetPWR:372] 
09-06 18:04:40.380   948  1052 D print   : [V21] [void InkjetBoardPowerManager::run():99] wait for inkjet board!
09-06 18:04:43.380   854   968 I chatty  : uid=1000(system) RxCachedThreadS expire 12 lines
09-06 18:04:51.322   219   219 E hwc_rk  : hwc_get_handle_layername:cann't get value from gralloc
09-06 18:04:54.187   948  1038 E stm32com: [V21] [heartbeatInner:149] 
09-06 18:04:54.356   219   219 E hwc_rk  : hwc_get_handle_layername:cann't get value from gralloc
09-06 18:04:56.140   929   929 I chatty  : uid=1000(system) com.anjou.cbl001.cn expire 11 lines
09-06 18:05:00.075   219   219 E hwc_rk  : hwc_get_handle_layername:cann't get value from gralloc
09-06 18:05:03.457   219   219 E hwc_rk  : hwc_get_handle_layername:cann't get value from gralloc
09-06 18:05:12.208   948  1038 E stm32com: [V21] [heartbeatInner:149] 
09-06 18:05:13.419   854   968 I chatty  : uid=1000(system) RxCachedThreadS expire 12 lines
09-06 18:05:21.603   219   219 E hwc_rk  : hwc_get_handle_layername:cann't get value from gralloc
09-06 18:05:30.229   948  1038 E stm32com: [V21] [heartbeatInner:149] 
09-06 18:05:30.744   219   219 E hwc_rk  : hwc_get_handle_layername:cann't get value from gralloc
09-06 18:05:33.725   223   223 I WifiHAL : Got channel list with 13 channels
09-06 18:05:33.726   223   223 I WifiHAL : Got channel list with 0 channels
09-06 18:05:33.726   223   223 W WifiHAL : Ignoring invalid attribute type = 37, size = 0
09-06 18:05:33.728   223   223 I WifiHAL : Got channel list with 0 channels
09-06 18:05:33.728   223   223 W WifiHAL : Ignoring invalid attribute type = 37, size = 0
09-06 18:05:36.197   414   427 I chatty  : uid=1000(system) android.bg expire 10 lines
09-06 18:05:43.432   854   968 I chatty  : uid=1000(system) RxCachedThreadS expire 12 lines
09-06 18:05:48.250   948  1038 E stm32com: [V21] [heartbeatInner:149] 
09-06 18:06:00.081   219   219 E hwc_rk  : hwc_get_handle_layername:cann't get value from gralloc
09-06 18:06:00.102   219   219 I chatty  : uid=1000(system) composer@2.1-se identical 11 lines
09-06 18:06:06.272   948  1038 E stm32com: [V21] [heartbeatInner:149] 
09-06 18:06:13.471   854   968 I chatty  : uid=1000(system) RxCachedThreadS expire 12 lines
09-06 18:06:15.380   948  1052 D print   : [V21] [void InkjetBoardPowerManager::run():103] need power off
09-06 18:06:15.380   948  1052 D print   : [V21] [virtual int NailPrintCmd::powerOffInkjet():176] 
09-06 18:06:15.380   948  1052 E print   : [V21] [setInkjetPWR:372] 
09-06 18:06:15.381   948  1052 D print   : [V21] [void InkjetBoardPowerManager::run():99] wait for inkjet board!
09-06 18:06:16.257   929   929 I chatty  : uid=1000(system) com.anjou.cbl001.cn expire 10 lines
09-06 18:06:16.288   929  1248 I chatty  : uid=1000(system) com.anjou.cbl001.cn expire 10 lines
09-06 18:06:24.294   948  1038 E stm32com: [V21] [heartbeatInner:149] 
09-06 18:06:34.453   219   219 I chatty  : uid=1000(system) composer@2.1-se expire 10 lines
09-06 18:06:42.318   948  1038 E stm32com: [V21] [heartbeatInner:149] 
09-06 18:06:43.478   854   968 I chatty  : uid=1000(system) RxCachedThreadS expire 12 lines
09-06 18:07:00.340   948  1038 E stm32com: [V21] [heartbeatInner:149] 
09-06 18:07:08.299   212   363 D CameraHal: camera_get_camera_info(1447): camera_get_camera_info(1447): camera_0 facing(0), orientation(0)
09-06 18:07:11.461   929   929 W ContextImpl: Calling a method in the system process without a qualified user: android.app.ContextImpl.bindService:1556 android.content.ContextWrapper.bindService:684 com.baidu.location.LocationClient.b:107 com.baidu.location.LocationClient.p:0 com.baidu.location.LocationClient$a.handleMessage:167 
09-06 18:07:11.486  1183  1183 D baidu_location_service: baidu location service start1 ...20181201...1183
09-06 18:07:11.580  1183  1183 I baidu_location_service: LocationAuthManager Authentication AUTHENTICATE_SUCC
09-06 18:07:11.607  1183  1209 D baidu_location_service: baidu location service register ...
09-06 18:07:11.688   929   929 I chatty  : uid=1000(system) com.anjou.cbl001.cn expire 12 lines
09-06 18:07:11.701  1183  1183 D baidu_location_service: baidu location service stop ...
09-06 18:07:11.713  1183  1209 D baidu_location_service: baidu location service has stoped ...
09-06 18:07:11.872   929  1490 I chatty  : uid=1000(system) com.anjou.cbl001.cn expire 8 lines
09-06 18:07:13.490   854   968 I chatty  : uid=1000(system) RxCachedThreadS expire 12 lines
09-06 18:07:16.307   414   469 I chatty  : uid=1000(system) AlarmManager expire 11 lines
09-06 18:07:18.363   948  1038 E stm32com: [V21] [heartbeatInner:149] 
09-06 18:07:36.386   948  1038 E stm32com: [V21] [heartbeatInner:149] 
09-06 18:07:43.520   854   968 I chatty  : uid=1000(system) RxCachedThreadS expire 12 lines
09-06 18:07:50.381   948  1052 D print   : [V21] [void InkjetBoardPowerManager::run():103] need power off
09-06 18:07:50.381   948  1052 D print   : [V21] [virtual int NailPrintCmd::powerOffInkjet():176] 
09-06 18:07:50.382   948  1052 E print   : [V21] [setInkjetPWR:372] 
09-06 18:07:50.382   948  1052 D print   : [V21] [void InkjetBoardPowerManager::run():99] wait for inkjet board!
09-06 18:07:54.409   948  1038 E stm32com: [V21] [heartbeatInner:149] 
09-06 18:07:59.446   219   219 I chatty  : uid=1000(system) composer@2.1-se expire 10 lines
09-06 18:08:12.432   948  1038 E stm32com: [V21] [heartbeatInner:149] 
09-06 18:08:13.560   854   968 I chatty  : uid=1000(system) RxCachedThreadS expire 12 lines
09-06 18:08:13.734   223   223 I WifiHAL : Got channel list with 13 channels
09-06 18:08:13.740   223   223 I WifiHAL : Got channel list with 0 channels
09-06 18:08:13.740   223   223 W WifiHAL : Ignoring invalid attribute type = 37, size = 0
09-06 18:08:13.744   223   223 I WifiHAL : Got channel list with 0 channels
09-06 18:08:13.745   223   223 W WifiHAL : Ignoring invalid attribute type = 37, size = 0
09-06 18:08:14.583   414   699 I chatty  : uid=1000(system) Binder:414_7 expire 4 lines
09-06 18:08:16.389   929   929 I chatty  : uid=1000(system) com.anjou.cbl001.cn expire 12 lines
09-06 18:08:30.455   948  1038 E stm32com: [V21] [heartbeatInner:149] 
09-06 18:08:43.602   854   968 I chatty  : uid=1000(system) RxCachedThreadS expire 12 lines
09-06 18:08:48.478   948  1038 E stm32com: [V21] [heartbeatInner:149] 
09-06 18:09:06.500   948  1038 E stm32com: [V21] [heartbeatInner:149] 
09-06 18:09:13.634   854   968 I chatty  : uid=1000(system) RxCachedThreadS expire 12 lines
09-06 18:09:24.522   948  1038 E stm32com: [V21] [heartbeatInner:149] 
09-06 18:09:25.382   948  1052 D print   : [V21] [void InkjetBoardPowerManager::run():103] need power off
09-06 18:09:25.383   948  1052 D print   : [V21] [virtual int NailPrintCmd::powerOffInkjet():176] 
09-06 18:09:25.383   948  1052 E print   : [V21] [setInkjetPWR:372] 
09-06 18:09:25.383   948  1052 D print   : [V21] [void InkjetBoardPowerManager::run():99] wait for inkjet board!
09-06 18:09:33.475   219   219 I chatty  : uid=1000(system) composer@2.1-se expire 10 lines
09-06 18:09:36.482   929   929 I chatty  : uid=1000(system) com.anjou.cbl001.cn expire 12 lines
09-06 18:09:36.802   929  1248 I chatty  : uid=1000(system) com.anjou.cbl001.cn expire 11 lines
09-06 18:09:42.546   948  1038 E stm32com: [V21] [heartbeatInner:149] 
09-06 18:09:43.637   854   968 I chatty  : uid=1000(system) RxCachedThreadS expire 12 lines
09-06 18:10:00.567   948  1038 E stm32com: [V21] [heartbeatInner:149] 
09-06 18:10:13.668   854   968 I chatty  : uid=1000(system) RxCachedThreadS expire 12 lines
09-06 18:10:18.588   948  1038 E stm32com: [V21] [heartbeatInner:149] 
09-06 18:10:36.609   948  1038 E stm32com: [V21] [heartbeatInner:149] 
09-06 18:10:43.682   854   968 I chatty  : uid=1000(system) RxCachedThreadS expire 12 lines
09-06 18:10:53.741   223   223 I WifiHAL : Got channel list with 13 channels
09-06 18:10:53.746   223   223 I WifiHAL : Got channel list with 0 channels
09-06 18:10:53.747   223   223 W WifiHAL : Ignoring invalid attribute type = 37, size = 0
09-06 18:10:53.751   223   223 I WifiHAL : Got channel list with 0 channels
09-06 18:10:53.752   223   223 W WifiHAL : Ignoring invalid attribute type = 37, size = 0
09-06 18:10:54.630   948  1038 E stm32com: [V21] [heartbeatInner:149] 
09-06 18:10:56.535   414   469 I chatty  : uid=1000(system) AlarmManager expire 11 lines
09-06 18:10:56.556   929   929 I chatty  : uid=1000(system) com.anjou.cbl001.cn expire 12 lines
09-06 18:11:00.383   948  1052 D print   : [V21] [void InkjetBoardPowerManager::run():103] need power off
09-06 18:11:00.384   948  1052 D print   : [V21] [virtual int NailPrintCmd::powerOffInkjet():176] 
09-06 18:11:00.384   948  1052 E print   : [V21] [setInkjetPWR:372] 
09-06 18:11:00.384   948  1052 D print   : [V21] [void InkjetBoardPowerManager::run():99] wait for inkjet board!
09-06 18:11:12.650   948  1038 E stm32com: [V21] [heartbeatInner:149] 
09-06 18:11:13.723   854   968 I chatty  : uid=1000(system) RxCachedThreadS expire 12 lines
09-06 18:11:30.672   948  1038 E stm32com: [V21] [heartbeatInner:149] 
09-06 18:11:43.763   854   968 I chatty  : uid=1000(system) RxCachedThreadS expire 12 lines
09-06 18:11:48.692   948  1038 E stm32com: [V21] [heartbeatInner:149] 
09-06 18:11:50.008   219   219 I chatty  : uid=1000(system) composer@2.1-se expire 11 lines
09-06 18:12:06.711   948  1038 E stm32com: [V21] [heartbeatInner:149] 
09-06 18:12:11.462   929   929 W ContextImpl: Calling a method in the system process without a qualified user: android.app.ContextImpl.bindService:1556 android.content.ContextWrapper.bindService:684 com.baidu.location.LocationClient.b:107 com.baidu.location.LocationClient.p:0 com.baidu.location.LocationClient$a.handleMessage:167 
09-06 18:12:11.465  1183  1183 D baidu_location_service: baidu location service start1 ...20181201...1183
09-06 18:12:11.466   929   929 I chatty  : uid=1000(system) com.anjou.cbl001.cn expire 13 lines
09-06 18:12:11.514  1183  1183 I baidu_location_service: LocationAuthManager Authentication AUTHENTICATE_SUCC
09-06 18:12:11.540  1183  1209 D baidu_location_service: baidu location service register ...
09-06 18:12:11.543   414  1429 I chatty  : uid=1000(system) Binder:414_B expire 5 lines
09-06 18:12:11.600  1183  1183 D baidu_location_service: baidu location service stop ...
09-06 18:12:11.642  1183  1209 D baidu_location_service: baidu location service has stoped ...
09-06 18:12:11.778   929  1503 I chatty  : uid=1000(system) com.anjou.cbl001.cn expire 8 lines
09-06 18:12:13.791   854   968 I chatty  : uid=1000(system) RxCachedThreadS expire 10 lines
09-06 18:12:24.732   948  1038 E stm32com: [V21] [heartbeatInner:149] 
09-06 18:12:29.467   854   968 I chatty  : uid=1000(system) RxCachedThreadS expire 10 lines
09-06 18:12:32.489   219   219 I chatty  : uid=1000(system) composer@2.1-se expire 10 lines
09-06 18:12:35.384   948  1052 D print   : [V21] [void InkjetBoardPowerManager::run():103] need power off
09-06 18:12:35.385   948  1052 D print   : [V21] [virtual int NailPrintCmd::powerOffInkjet():176] 
09-06 18:12:35.385   948  1052 E print   : [V21] [setInkjetPWR:372] 
09-06 18:12:35.385   948  1052 D print   : [V21] [void InkjetBoardPowerManager::run():99] wait for inkjet board!
09-06 18:12:42.752   948  1038 E stm32com: [V21] [heartbeatInner:149] 
09-06 18:12:56.727   414   427 I chatty  : uid=1000(system) android.bg expire 4 lines
09-06 18:12:57.166   854   968 I chatty  : uid=1000(system) RxCachedThreadS expire 16 lines
09-06 18:13:00.772   948  1038 E stm32com: [V21] [heartbeatInner:149] 
09-06 18:13:16.741   929   929 I chatty  : uid=1000(system) com.anjou.cbl001.cn expire 10 lines
09-06 18:13:18.792   948  1038 E stm32com: [V21] [heartbeatInner:149] 
09-06 18:13:28.067   929  1244 I chatty  : uid=1000(system) com.anjou.cbl001.cn expire 2 lines
09-06 18:13:28.133   929  1512 I chatty  : uid=1000(system) com.anjou.cbl001.cn expire 1 line
09-06 18:13:33.744   223   223 I WifiHAL : Got channel list with 13 channels
09-06 18:13:33.750   223   223 I WifiHAL : Got channel list with 0 channels
09-06 18:13:33.750   223   223 W WifiHAL : Ignoring invalid attribute type = 37, size = 0
09-06 18:13:33.756   223   223 I WifiHAL : Got channel list with 0 channels
09-06 18:13:33.756   223   223 W WifiHAL : Ignoring invalid attribute type = 37, size = 0
09-06 18:13:34.769   929  1515 I chatty  : uid=1000(system) MQTT Snd: Clien expire 1 line
09-06 18:13:34.801   929  1514 I chatty  : uid=1000(system) MQTT Rec: Clien expire 3 lines
09-06 18:13:36.813   948  1038 E stm32com: [V21] [heartbeatInner:149] 
09-06 18:13:43.844   854   968 I chatty  : uid=1000(system) RxCachedThreadS expire 10 lines
09-06 18:13:54.833   948  1038 E stm32com: [V21] [heartbeatInner:149] 
09-06 18:13:55.442   929  1516 I chatty  : uid=1000(system) MQTT Call: Clie expire 5 lines
09-06 18:13:56.217   854   968 I chatty  : uid=1000(system) RxCachedThreadS expire 14 lines
09-06 18:14:00.076   219   219 I chatty  : uid=1000(system) composer@2.1-se expire 11 lines
09-06 18:14:01.314   693   693 I wpa_supplicant: wlan0: WPA: Group rekeying completed with ac:9e:17:7d:d4:20 [GTK=CCMP]
09-06 18:14:10.385   948  1052 D print   : [V21] [void InkjetBoardPowerManager::run():103] need power off
09-06 18:14:10.386   948  1052 D print   : [V21] [virtual int NailPrintCmd::powerOffInkjet():176] 
09-06 18:14:10.386   948  1052 E print   : [V21] [setInkjetPWR:372] 
09-06 18:14:10.386   948  1052 D print   : [V21] [void InkjetBoardPowerManager::run():99] wait for inkjet board!
09-06 18:14:12.852   948  1038 E stm32com: [V21] [heartbeatInner:149] 
09-06 18:14:14.867   929   929 I chatty  : uid=1000(system) com.anjou.cbl001.cn expire 10 lines
09-06 18:14:30.871   948  1038 E stm32com: [V21] [heartbeatInner:149] 
09-06 18:14:43.924   854   968 I chatty  : uid=1000(system) RxCachedThreadS expire 12 lines
09-06 18:14:46.047   219   219 I chatty  : uid=1000(system) composer@2.1-se expire 10 lines
09-06 18:14:48.890   948  1038 E stm32com: [V21] [heartbeatInner:149] 
09-06 18:14:54.906   414   469 I chatty  : uid=1000(system) AlarmManager expire 6 lines
09-06 18:15:06.910   948  1038 E stm32com: [V21] [heartbeatInner:149] 
09-06 18:15:13.965   854   968 I chatty  : uid=1000(system) RxCachedThreadS expire 12 lines
09-06 18:15:14.962   929   929 I chatty  : uid=1000(system) com.anjou.cbl001.cn expire 12 lines
09-06 18:15:24.930   948  1038 E stm32com: [V21] [heartbeatInner:149] 
09-06 18:15:35.068   929  1516 I chatty  : uid=1000(system) MQTT Call: Clie expire 4 lines
09-06 18:15:42.951   948  1038 E stm32com: [V21] [heartbeatInner:149] 
09-06 18:15:43.991   854   968 I chatty  : uid=1000(system) RxCachedThreadS expire 12 lines
09-06 18:15:45.386   948  1052 D print   : [V21] [void InkjetBoardPowerManager::run():103] need power off
09-06 18:15:45.387   948  1052 D print   : [V21] [virtual int NailPrintCmd::powerOffInkjet():176] 
09-06 18:15:45.387   948  1052 E print   : [V21] [setInkjetPWR:372] 
09-06 18:15:45.387   948  1052 D print   : [V21] [void InkjetBoardPowerManager::run():99] wait for inkjet board!
09-06 18:15:52.805   219   219 E hwc_rk  : hwc_get_handle_layername:cann't get value from gralloc
09-06 18:15:55.012   414   427 I chatty  : uid=1000(system) android.bg expire 2 lines
09-06 18:15:55.839   219   219 E hwc_rk  : hwc_get_handle_layername:cann't get value from gralloc
09-06 18:16:00.073   219   219 E hwc_rk  : hwc_get_handle_layername:cann't get value from gralloc
09-06 18:16:00.103   219   219 I chatty  : uid=1000(system) composer@2.1-se identical 1 line
09-06 18:16:00.114   219   219 E hwc_rk  : hwc_get_handle_layername:cann't get value from gralloc
09-06 18:16:00.970   948  1038 E stm32com: [V21] [heartbeatInner:149] 
09-06 18:16:11.025   219   219 E hwc_rk  : hwc_get_handle_layername:cann't get value from gralloc
09-06 18:16:14.042   854   968 I chatty  : uid=1000(system) RxCachedThreadS expire 12 lines
09-06 18:16:14.054   219   219 E hwc_rk  : hwc_get_handle_layername:cann't get value from gralloc
09-06 18:16:17.052   219   219 E hwc_rk  : hwc_get_handle_layername:cann't get value from gralloc
09-06 18:16:18.989   948  1038 E stm32com: [V21] [heartbeatInner:149] 
09-06 18:16:20.125   219   219 E hwc_rk  : hwc_get_handle_layername:cann't get value from gralloc
09-06 18:16:35.073   929   929 I chatty  : uid=1000(system) com.anjou.cbl001.cn expire 12 lines
09-06 18:16:37.010   948  1038 E stm32com: [V21] [heartbeatInner:149] 
09-06 18:16:39.020   414   431 I chatty  : uid=1000(system) batterystats-wo expire 3 lines
09-06 18:16:39.020   223   223 D WifiHAL : In DebugCommand::handleResponse
09-06 18:16:39.021   223   223 D WifiHAL : len = 4, expected len = 4
09-06 18:16:39.021   223   223 D WifiHAL : In DebugCommand::handleResponse
09-06 18:16:39.021   223   223 D WifiHAL : len = 4, expected len = 4
09-06 18:16:39.035   414   431 E BatteryExternalStatsWorker: no controller energy info supplied for bluetooth
09-06 18:16:39.036   582   582 E PhoneInterfaceManager: [PhoneIntfMgr] queryModemActivityInfo: Empty response
09-06 18:16:39.041   414   431 E BatteryExternalStatsWorker: modem info is invalid: ModemActivityInfo{ mTimestamp=0 mSleepTimeMs=0 mIdleTimeMs=0 mTxTimeMs[]=[0, 0, 0, 0, 0] mRxTimeMs=0 mEnergyUsed=0}
09-06 18:16:44.033   854   968 I chatty  : uid=1000(system) RxCachedThreadS expire 12 lines
09-06 18:16:53.706   414   479 I chatty  : uid=1000(system) NetworkStats expire 2 lines
09-06 18:16:53.709   223   223 I WifiHAL : Got channel list with 13 channels
09-06 18:16:53.715   223   223 I WifiHAL : Got channel list with 0 channels
09-06 18:16:53.715   223   223 W WifiHAL : Ignoring invalid attribute type = 37, size = 0
09-06 18:16:53.724   223   223 I WifiHAL : Got channel list with 0 channels
09-06 18:16:53.724   223   223 W WifiHAL : Ignoring invalid attribute type = 37, size = 0
09-06 18:16:54.567   414   699 I chatty  : uid=1000(system) Binder:414_7 expire 1 line
09-06 18:16:55.029   948  1038 E stm32com: [V21] [heartbeatInner:149] 
09-06 18:16:55.073   414   469 I chatty  : uid=1000(system) AlarmManager expire 1 line
09-06 18:16:55.091   929  1516 I chatty  : uid=1000(system) MQTT Call: Clie expire 4 lines
09-06 18:17:00.056   219   219 E hwc_rk  : hwc_get_handle_layername:cann't get value from gralloc
09-06 18:17:00.072   219   219 I chatty  : uid=1000(system) composer@2.1-se identical 35 lines
09-06 18:17:00.089   219   219 E hwc_rk  : hwc_get_handle_layername:cann't get value from gralloc
09-06 18:17:08.441   212   363 D CameraHal: camera_get_camera_info(1447): camera_get_camera_info(1447): camera_0 facing(0), orientation(0)
09-06 18:17:08.759   219   219 E hwc_rk  : hwc_get_handle_layername:cann't get value from gralloc
09-06 18:17:08.775   219   219 E hwc_rk  : hwc_get_handle_layername:cann't get value from gralloc
09-06 18:17:11.482   929   929 W ContextImpl: Calling a method in the system process without a qualified user: android.app.ContextImpl.bindService:1556 android.content.ContextWrapper.bindService:684 com.baidu.location.LocationClient.b:107 com.baidu.location.LocationClient.p:0 com.baidu.location.LocationClient$a.handleMessage:167 
09-06 18:17:11.491   414   596 I chatty  : uid=1000(system) Binder:414_5 expire 1 line
09-06 18:17:11.505  1183  1183 D baidu_location_service: baidu location service start1 ...20181201...1183
09-06 18:17:11.523   414  1429 I chatty  : uid=1000(system) Binder:414_B expire 5 lines
09-06 18:17:11.545   414   427 I UsageStatsService: User[0] Flushing usage stats to disk
09-06 18:17:11.570  1183  1183 I baidu_location_service: LocationAuthManager Authentication AUTHENTICATE_SUCC
09-06 18:17:11.583  1183  1209 D baidu_location_service: baidu location service register ...
09-06 18:17:11.657  1183  1183 D baidu_location_service: baidu location service stop ...
09-06 18:17:11.662  1183  1209 D baidu_location_service: baidu location service has stoped ...
09-06 18:17:11.834   929  1526 I chatty  : uid=1000(system) com.anjou.cbl001.cn expire 8 lines
09-06 18:17:13.048   948  1038 E stm32com: [V21] [heartbeatInner:149] 
09-06 18:17:14.060   854   968 I chatty  : uid=1000(system) RxCachedThreadS expire 1 line
09-06 18:17:14.064   854   859 I chatty  : uid=1000(system) Jit thread pool expire 2 lines
09-06 18:17:14.628   219   219 E hwc_rk  : hwc_get_handle_layername:cann't get value from gralloc
09-06 18:17:15.084   414   469 I chatty  : uid=1000(system) AlarmManager expire 1 line
09-06 18:17:17.683   219   219 E hwc_rk  : hwc_get_handle_layername:cann't get value from gralloc
09-06 18:17:20.387   948  1052 D print   : [V21] [void InkjetBoardPowerManager::run():103] need power off
09-06 18:17:20.387   948  1052 D print   : [V21] [virtual int NailPrintCmd::powerOffInkjet():176] 
09-06 18:17:20.387   948  1052 E print   : [V21] [setInkjetPWR:372] 
09-06 18:17:20.387   948  1052 D print   : [V21] [void InkjetBoardPowerManager::run():99] wait for inkjet board!
09-06 18:17:20.716   219   219 E hwc_rk  : hwc_get_handle_layername:cann't get value from gralloc
09-06 18:17:26.934   854   968 I chatty  : uid=1000(system) RxCachedThreadS expire 11 lines
09-06 18:17:31.067   948  1038 E stm32com: [V21] [heartbeatInner:149] 
09-06 18:17:32.860   219   219 E hwc_rk  : hwc_get_handle_layername:cann't get value from gralloc
09-06 18:17:33.443   219   219 E hwc_rk  : hwc_get_handle_layername:cann't get value from gralloc
09-06 18:17:33.445   767   767 I adbd    : adb client authorized
09-06 18:17:33.460   219   219 E hwc_rk  : hwc_get_handle_layername:cann't get value from gralloc
09-06 18:17:33.461   414   699 I chatty  : uid=1000(system) Binder:414_7 expire 5 lines
09-06 18:17:33.476   219   219 E hwc_rk  : hwc_get_handle_layername:cann't get value from gralloc
09-06 18:17:33.478   226   470 D PermissionCache: checking android.permission.READ_FRAME_BUFFER for uid=1000 => granted (2010 us)
09-06 18:17:33.529   219   219 E hwc_rk  : hwc_get_handle_layername:cann't get value from gralloc
09-06 18:17:33.543   219   219 E hwc_rk  : hwc_get_handle_layername:cann't get value from gralloc
09-06 18:17:33.546   929   929 I chatty  : uid=1000(system) com.anjou.cbl001.cn expire 18 lines
09-06 18:17:33.560   219   219 E hwc_rk  : hwc_get_handle_layername:cann't get value from gralloc
09-06 18:17:33.566   226   470 E BufferQueueProducer: [com.android.systemui/com.android.systemui.usb.UsbDebuggingActivity#0] disconnect: not connected (req=1)
09-06 18:17:33.566   544   673 W libEGL  : EGLNativeWindowType 0xa0710808 disconnect failed
09-06 18:17:33.576   219   219 E hwc_rk  : hwc_get_handle_layername:cann't get value from gralloc
09-06 18:17:33.589   929  1013 I chatty  : uid=1000(system) work_thread expire 12 lines
09-06 18:17:33.593   219   219 E hwc_rk  : hwc_get_handle_layername:cann't get value from gralloc
09-06 18:17:33.626   219   219 I chatty  : uid=1000(system) composer@2.1-se identical 15 lines
09-06 18:17:33.643   219   219 E hwc_rk  : hwc_get_handle_layername:cann't get value from gralloc
09-06 18:17:33.647   929  1017 I chatty  : uid=1000(system) NetWorkSender expire 6 lines
09-06 18:17:33.660   219   219 E hwc_rk  : hwc_get_handle_layername:cann't get value from gralloc
09-06 18:17:33.694   219   219 E hwc_rk  : hwc_get_handle_layername:cann't get value from gralloc
09-06 18:17:33.711   219   219 E hwc_rk  : hwc_get_handle_layername:cann't get value from gralloc
09-06 18:17:33.726   219   219 E hwc_rk  : hwc_get_handle_layername:cann't get value from gralloc
09-06 18:17:33.759   219   219 E hwc_rk  : hwc_get_handle_layername:cann't get value from gralloc
09-06 18:17:35.095   414   469 I chatty  : uid=1000(system) AlarmManager expire 1 line
09-06 18:17:36.111   414   699 I ActivityManager: START u0 {cmp=com.anjou.cbl001.cn/com.vava.quickdevelop.UI.WellCome.LocationServiceActivity (has extras)} from uid 1000
09-06 18:17:36.120   219   219 E hwc_rk  : hwc_get_handle_layername:cann't get value from gralloc
09-06 18:17:36.143   219   219 E hwc_rk  : hwc_get_handle_layername:cann't get value from gralloc
09-06 18:17:36.160   219   219 E hwc_rk  : hwc_get_handle_layername:cann't get value from gralloc
09-06 18:17:36.196   219   219 E hwc_rk  : hwc_get_handle_layername:cann't get value from gralloc
09-06 18:17:36.198   414   427 I chatty  : uid=1000(system) android.bg expire 12 lines
09-06 18:17:36.226   219   219 E hwc_rk  : hwc_get_handle_layername:cann't get value from gralloc
09-06 18:17:36.243   219   219 E hwc_rk  : hwc_get_handle_layername:cann't get value from gralloc
09-06 18:17:36.260   219   219 E hwc_rk  : hwc_get_handle_layername:cann't get value from gralloc
09-06 18:17:36.276   219   219 E hwc_rk  : hwc_get_handle_layername:cann't get value from gralloc
09-06 18:17:36.293   219   219 E hwc_rk  : hwc_get_handle_layername:cann't get value from gralloc
09-06 18:17:36.310   219   219 E hwc_rk  : hwc_get_handle_layername:cann't get value from gralloc
09-06 18:17:36.326   219   219 E hwc_rk  : hwc_get_handle_layername:cann't get value from gralloc
09-06 18:17:36.343   219   219 E hwc_rk  : hwc_get_handle_layername:cann't get value from gralloc
09-06 18:17:36.360   219   219 E hwc_rk  : hwc_get_handle_layername:cann't get value from gralloc
09-06 18:17:36.376   219   219 E hwc_rk  : hwc_get_handle_layername:cann't get value from gralloc
09-06 18:17:36.393   219   219 E hwc_rk  : hwc_get_handle_layername:cann't get value from gralloc
09-06 18:17:36.443   219   219 E hwc_rk  : hwc_get_handle_layername:cann't get value from gralloc
09-06 18:17:36.451   929   929 W ContextImpl: Calling a method in the system process without a qualified user: android.app.ContextImpl.startService:1476 android.content.ContextWrapper.startService:650 com.android.commonbase.MvpBase.UIBase.BaseActivity.startAnjouDeviceService:205 com.android.commonbase.MvpBase.UIBase.BaseActivity.onCreate:32 com.vava.quickdevelop.Utils.Base.BaseNormalActivity.onCreate:44 
09-06 18:17:36.453   854   854 I chatty  : uid=1000(system) com.anjounail.deviceservice expire 1 line
09-06 18:17:36.460   219   219 E hwc_rk  : hwc_get_handle_layername:cann't get value from gralloc
09-06 18:17:36.461   414   745 W ContextImpl: Calling a method in the system process without a qualified user: android.app.ContextImpl.sendBroadcast:966 com.anjou.beautysystemservice.BeautySystemService.setSystemNavigationBarVisibility:108 com.anjou.beautysystemservice.IBeautySystemService$Stub.onTransact:75 android.os.Binder.execTransact:697 <bottom of call stack> 
09-06 18:17:36.462   544   544 D StatusBar: Receiver broadcast to set navigation bar to 0
09-06 18:17:36.462   544   544 D StatusBar: conflict: Navigation is Hide Now!
09-06 18:17:36.476   929   929 W ContextImpl: Calling a method in the system process without a qualified user: android.app.ContextImpl.bindService:1556 android.content.ContextWrapper.bindService:684 com.baidu.location.LocationClient.b:107 com.baidu.location.LocationClient.p:0 com.baidu.location.LocationClient$a.handleMessage:167 
09-06 18:17:36.476   219   219 E hwc_rk  : hwc_get_handle_layername:cann't get value from gralloc
09-06 18:17:36.480  1183  1183 D baidu_location_service: baidu location service start1 ...20181201...1183
09-06 18:17:36.488   414   745 I chatty  : uid=1000(system) Binder:414_A expire 8 lines
09-06 18:17:36.493   219   219 E hwc_rk  : hwc_get_handle_layername:cann't get value from gralloc
09-06 18:17:36.510   219   219 E hwc_rk  : hwc_get_handle_layername:cann't get value from gralloc
09-06 18:17:36.512   929  1175 I chatty  : uid=1000(system) RenderThread expire 9 lines
09-06 18:17:36.526   219   219 E hwc_rk  : hwc_get_handle_layername:cann't get value from gralloc
09-06 18:17:36.529   929  1536 I chatty  : uid=1000(system) com.anjou.cbl001.cn expire 2 lines
09-06 18:17:36.530  1183  1183 I baidu_location_service: LocationAuthManager Authentication AUTHENTICATE_SUCC
09-06 18:17:36.534   226   470 E BufferQueueProducer: [com.anjou.cbl001.cn/com.vava.quickdevelop.UI.Main.MainActivity#0] disconnect: not connected (req=1)
09-06 18:17:36.543   219   219 E hwc_rk  : hwc_get_handle_layername:cann't get value from gralloc
09-06 18:17:36.560   219   219 E hwc_rk  : hwc_get_handle_layername:cann't get value from gralloc
09-06 18:17:36.563  1183  1209 D baidu_location_service: baidu location service register ...
09-06 18:17:36.577   219   219 E hwc_rk  : hwc_get_handle_layername:cann't get value from gralloc
09-06 18:17:36.585   929  1540 I chatty  : uid=1000(system) com.anjou.cbl001.cn expire 8 lines
09-06 18:17:36.594   219   219 E hwc_rk  : hwc_get_handle_layername:cann't get value from gralloc
09-06 18:17:36.610   219   219 E hwc_rk  : hwc_get_handle_layername:cann't get value from gralloc
09-06 18:17:36.613   528   528 W InputConnectionWrapper: Fixing selection indices to 0, 0
09-06 18:17:36.627   219   219 E hwc_rk  : hwc_get_handle_layername:cann't get value from gralloc
09-06 18:17:36.628   414   435 I chatty  : uid=1000(system) android.display expire 2 lines
09-06 18:17:36.630   226   470 E BufferQueueProducer: [com.anjou.cbl001.cn/com.vava.quickdevelop.UI.Main.LocationChangedDialog#0] disconnect: not connected (req=1)
09-06 18:17:36.645   219   219 E hwc_rk  : hwc_get_handle_layername:cann't get value from gralloc
09-06 18:17:36.694   219   219 E hwc_rk  : hwc_get_handle_layername:cann't get value from gralloc
09-06 18:17:36.704   528  1294 D mali_winsys: EGLint new_window_surface(egl_winsys_display *, void *, EGLSurface, EGLConfig, egl_winsys_surface **, egl_color_buffer_format *, EGLBoolean) returns 0x3000
09-06 18:17:36.710   219   219 E hwc_rk  : hwc_get_handle_layername:cann't get value from gralloc
09-06 18:17:36.714  1183  1183 D baidu_location_service: baidu location service stop ...
09-06 18:17:36.727   219   219 E hwc_rk  : hwc_get_handle_layername:cann't get value from gralloc
09-06 18:17:36.734  1183  1209 D baidu_location_service: baidu location service has stoped ...
09-06 18:17:36.744   219   219 E hwc_rk  : hwc_get_handle_layername:cann't get value from gralloc
09-06 18:17:36.896   219   219 E hwc_rk  : hwc_get_handle_layername:cann't get value from gralloc
09-06 18:17:36.974   414   699 W ActivityManager: Duplicate finish request for ActivityRecord{2c94052 u0 com.anjou.cbl001.cn/com.vava.quickdevelop.UI.Main.LocationChangedDialog t9 f}
09-06 18:17:37.567   226   247 E BufferQueueProducer: [InputMethod#0] disconnect: not connected (req=1)
09-06 18:17:37.567   528  1294 W libEGL  : EGLNativeWindowType 0x90aa9008 disconnect failed
09-06 18:17:39.522   528   528 W InputConnectionWrapper: Fixing selection indices to 0, 0
09-06 18:17:39.551   528  1294 D mali_winsys: EGLint new_window_surface(egl_winsys_display *, void *, EGLSurface, EGLConfig, egl_winsys_surface **, egl_color_buffer_format *, EGLBoolean) returns 0x3000
09-06 18:17:40.303   528   533 I zygote  : Do partial code cache collection, code=113KB, data=76KB
09-06 18:17:40.304   528   533 I zygote  : After code cache collection, code=113KB, data=76KB
09-06 18:17:40.304   528   533 I zygote  : Increasing code cache capacity to 512KB
09-06 18:17:41.166   226   246 E BufferQueueProducer: [InputMethod#0] disconnect: not connected (req=1)
09-06 18:17:41.166   528  1294 W libEGL  : EGLNativeWindowType 0x91e75008 disconnect failed
09-06 18:17:41.627   528   528 W InputConnectionWrapper: Fixing selection indices to 0, 0
09-06 18:17:41.690   528  1294 D mali_winsys: EGLint new_window_surface(egl_winsys_display *, void *, EGLSurface, EGLConfig, egl_winsys_surface **, egl_color_buffer_format *, EGLBoolean) returns 0x3000
09-06 18:17:42.883   226   247 E BufferQueueProducer: [InputMethod#0] disconnect: not connected (req=1)
09-06 18:17:42.883   528  1294 W libEGL  : EGLNativeWindowType 0xa071f008 disconnect failed
09-06 18:17:43.398   226   226 D SurfaceFlinger: duplicate layer name: changing com.anjou.cbl001.cn/com.vava.quickdevelop.UI.WellCome.LocationServiceActivity to com.anjou.cbl001.cn/com.vava.quickdevelop.UI.WellCome.LocationServiceActivity#1
09-06 18:17:43.495   219   219 E hwc_rk  : hwc_get_handle_layername:cann't get value from gralloc
09-06 18:17:43.511   219   219 E hwc_rk  : hwc_get_handle_layername:cann't get value from gralloc
09-06 18:17:43.514   929  1556 I chatty  : uid=1000(system) com.anjou.cbl001.cn expire 7 lines
09-06 18:17:43.518   226   246 E BufferQueueProducer: [com.anjou.cbl001.cn/com.vava.quickdevelop.UI.WellCome.LocationServiceActivity#1] disconnect: not connected (req=1)
09-06 18:17:43.528   219   219 E hwc_rk  : hwc_get_handle_layername:cann't get value from gralloc
09-06 18:17:43.541   226   247 E BufferQueueProducer: [SurfaceView - com.anjou.cbl001.cn/com.vava.quickdevelop.UI.WellCome.LocationServiceActivity#0] disconnect: not connected (req=1)
09-06 18:17:43.544   219   219 E hwc_rk  : hwc_get_handle_layername:cann't get value from gralloc
09-06 18:17:43.556   414   745 W ContextImpl: Calling a method in the system process without a qualified user: android.app.ContextImpl.sendBroadcast:966 com.anjou.beautysystemservice.BeautySystemService.setSystemNavigationBarVisibility:108 com.anjou.beautysystemservice.IBeautySystemService$Stub.onTransact:75 android.os.Binder.execTransact:697 <bottom of call stack> 
09-06 18:17:43.557   544   544 D StatusBar: Receiver broadcast to set navigation bar to 0
09-06 18:17:43.557   544   544 D StatusBar: conflict: Navigation is Hide Now!
09-06 18:17:43.558   929   929 I chatty  : uid=1000(system) com.anjou.cbl001.cn expire 38 lines
09-06 18:17:43.561   219   219 E hwc_rk  : hwc_get_handle_layername:cann't get value from gralloc
09-06 18:17:43.578   219   219 E hwc_rk  : hwc_get_handle_layername:cann't get value from gralloc
09-06 18:17:43.594   219   219 E hwc_rk  : hwc_get_handle_layername:cann't get value from gralloc
09-06 18:17:43.606   414   699 W ContextImpl: Calling a method in the system process without a qualified user: android.app.ContextImpl.sendBroadcast:966 com.anjou.beautysystemservice.BeautySystemService.setSystemNavigationBarVisibility:108 com.anjou.beautysystemservice.IBeautySystemService$Stub.onTransact:75 android.os.Binder.execTransact:697 <bottom of call stack> 
09-06 18:17:43.607   544   544 D StatusBar: Receiver broadcast to set navigation bar to 0
09-06 18:17:43.607   544   544 D StatusBar: conflict: Navigation is Hide Now!
09-06 18:17:43.611   219   219 E hwc_rk  : hwc_get_handle_layername:cann't get value from gralloc
09-06 18:17:43.628   219   219 E hwc_rk  : hwc_get_handle_layername:cann't get value from gralloc
09-06 18:17:43.629   929  1557 I chatty  : uid=1000(system) com.anjou.cbl001.cn expire 28 lines
09-06 18:17:43.644   219   219 E hwc_rk  : hwc_get_handle_layername:cann't get value from gralloc
