09-06 17:17:06.598   321   707 E FFPlayer: isBluray(), extension = .apk
09-06 17:17:06.598   321   707 E FFPlayerHelper: isBDDirectory() ,path = /system/framework/framework-res.apk
09-06 17:17:06.598   321   707 E FFPlayerHelper: isBDDirectory(): no BDMV
09-06 17:17:06.598   212   364 E CameraHal_Marvin: CAMERIC_ISP_FLT_DRV: CamerIcIspFltSetFilterParameter: 444 (exit)
09-06 17:17:06.599   321   707 D RkMemConfig: RkMemConfig init
09-06 17:17:06.599   321   707 E RockFFPlayerBase: FFMPlayerBase:eDisplayIdMain
09-06 17:17:06.599   321   707 D FFPlayerHelper: MediaServer is SP_FOREGROUND, tid=707
09-06 17:17:06.599   212   364 E CameraHal: disconnectCamera(1830): getFocusLimits failed!
09-06 17:17:06.600   544   659 I vol.Events: writeEvent level_changed STREAM_RING 7
09-06 17:17:06.601   544   659 I vol.Events: writeEvent level_changed STREAM_MUSIC 15
09-06 17:17:06.606   544   659 I vol.Events: writeEvent level_changed STREAM_ALARM 7
09-06 17:17:06.610   544   659 I vol.Events: writeEvent level_changed STREAM_BLUETOOTH_SCO 15
09-06 17:17:06.616   321   321 W Binder:321_2: type=1400 audit(0.0:8): avc: denied { read } for name="rk_ext_subtitle" dev="dm-0" ino=1184 scontext=u:r:mediaserver:s0 tcontext=u:object_r:system_data_file:s0 tclass=dir permissive=0
09-06 17:17:06.616   321   321 W Binder:321_2: type=1400 audit(0.0:9): avc: denied { read } for name="rk_ext_subtitle" dev="dm-0" ino=1184 scontext=u:r:mediaserver:s0 tcontext=u:object_r:system_data_file:s0 tclass=dir permissive=0
09-06 17:17:06.618   321   707 D RkExtensionPlayer: RkExtensionPlayer in
09-06 17:17:06.618   321   707 D RkExtensionPlayer: checkDirectoryAccess: Directory[0] = /tmp/rk_ext_subtitle/, AccessPermission = -1
09-06 17:17:06.619   321   707 D RkExtensionPlayer: checkDirectoryAccess: Directory[1] = /data/rk_ext_subtitle/, AccessPermission = -1
09-06 17:17:06.619   321   707 D RkExtensionPlayer: checkDirectoryAccess: Directory[2] = /data/media/0/rk_ext_subtitle/, AccessPermission = -1
09-06 17:17:06.619   321   707 E RkExtensionPlayer: createDirectory(), path = /tmp/rk_ext_subtitle/
09-06 17:17:06.620   321   707 E RkExtensionPlayer: createDirectory(), create directory = /tmp/rk_ext_subtitle/ fail,reson = No such file or directory
09-06 17:17:06.620   321   707 E RkExtensionPlayer: createDirectory(), path = /data/rk_ext_subtitle/
09-06 17:17:06.620   321   707 E RkExtensionPlayer: createDirectory(), create directory = /data/rk_ext_subtitle/ fail,reson = File exists
09-06 17:17:06.620   321   707 E RkExtensionPlayer: createDirectory(), path = /data/media/0/rk_ext_subtitle/
09-06 17:17:06.620   321   707 E RkExtensionPlayer: createDirectory(), path = /data/media/0/rk_ext_subtitle/a8ab3a80/
09-06 17:17:06.621   321   707 D RkExtensionPlayer: checkDirectoryAccess: Use [/data/media/0/rk_ext_subtitle/a8ab3a80/] as Temp Subtile Directory
09-06 17:17:06.627   321   707 E TraceThread: TraceThread::randomUID() --> [UID=4c227ff1]
09-06 17:17:06.627   321   723 E TraceThread:     VsyncReciver(tid = 2793814384)--> [UID=4c227ff1] VsyncReciver::startthread
09-06 17:17:06.627   321   707 E TraceThread:     RockFFPlayer(tid = 2800032112)--> [UID=4c227ff1] FFMPlayer Construction; object=0xa8ac1000
09-06 17:17:06.627   321   707 D RockFFPlayer: setDataSource fd = 13, offset =3636812,length = 14611
09-06 17:17:06.628   321   707 D RockFFPlayer: start:create thread
09-06 17:17:06.628   321   724 D RockFFPlayer: RkMessageQueue::run()
09-06 17:17:06.628   321   707 D RockFFPlayer: start:create thread ok,mThreadStatus=0
09-06 17:17:06.628   321   707 D RockFFPlayer: enter enqueueMessage
09-06 17:17:06.628   321   707 D RockFFPlayer: enqueueMessage:****1
09-06 17:17:06.628   321   707 D RockFFPlayer: enqueueMessage:****2
09-06 17:17:06.628   321   707 D RockFFPlayer: enqueueMessage:****3
09-06 17:17:06.628   321   707 D RockFFPlayer: enqueueMessage:Message 1,set signal
09-06 17:17:06.628   321   707 D RockFFPlayer: enqueueMessage:sync wait
09-06 17:17:06.628   321   724 D RockFFPlayer: deliverMessage 
09-06 17:17:06.628   321   724 D RockFFPlayer: run : dequeueMessage Message 20
09-06 17:17:06.628   321   724 D RockFFPlayer: CMD_CURRENTSTATUS
09-06 17:17:06.628   321   724 D RockFFPlayerBase: dumpStatus(): Initialized
09-06 17:17:06.628   321   724 D RockFFPlayer: run : dequeueMessage Message 20 OK
09-06 17:17:06.629   321   724 D RockFFPlayer: Messagecomplete type [20]
09-06 17:17:06.629   321   724 D RockFFPlayer: run : Message 20 complete
09-06 17:17:06.629   321   707 D RockFFPlayer: enqueueMessage:sync wait ok
09-06 17:17:06.630   321   707 D RockFFPlayer: setLooping(): loop = 0
09-06 17:17:06.631   321   707 D RockFFPlayer: prepareAsync in
09-06 17:17:06.631   321   707 D RockFFPlayerBase: dumpStatus(): Initialized
09-06 17:17:06.631   321   707 D RockFFPlayerBase: dumpStatus(): Preparing
09-06 17:17:06.631   321   725 I FFPlayer_Version: ******************************************
09-06 17:17:06.631   321   725 I FFPlayer_Version: 
09-06 17:17:06.631   321   725 I FFPlayer_Version: starting main player: v2.1 2018-08-03-14:21:50.aa2b199d.Zho
09-06 17:17:06.631   321   725 I FFPlayer_Version: ffplayer running on: rk3288
09-06 17:17:06.631   321   725 I FFPlayer_Version: 
09-06 17:17:06.631   321   725 I FFPlayer_Version: ******************************************
09-06 17:17:06.631   321   725 I RockFFPlayer: setDataSource(url =file/fd::13,offset::3636812,length::14611)
09-06 17:17:06.631   321   725 I RockFFPlayer: setDataSource(fileurl =/system/framework/framework-res.apk)
09-06 17:17:06.631   321   707 D RockFFPlayer: prepareAsync ok
09-06 17:17:06.631   321   725 E RockFFPlayerBase: openContext : in
09-06 17:17:06.635   321   725 E RockFFPlayer: ffmpeg version v2.1: git-2018-07-06-b76426a
09-06 17:17:06.642   321   725 E RockFFPlayer: av_probe_input_buffer:avio_read
09-06 17:17:06.642   321   725 I RockFFPlayer: flv_probe get probe score: 0
09-06 17:17:06.642   321   725 E RockFFPlayer: Hery, probe size = 0
09-06 17:17:06.648   321   725 E RockFFPlayer: avformat_open_input:read_header
09-06 17:17:06.653   321   725 E RockFFPlayer: file_read: offset=9915504, c->offset=3636812, c->length=14611
09-06 17:17:06.653   321   725 E RockFFPlayer: file_read: offset=9915504, c->offset=3636812, c->length=14611
09-06 17:17:06.653   321   725 E RockFFPlayer: avformat_open_input:read_header ok
09-06 17:17:06.653   321   725 D RkExtensionPlayer: openContext in
09-06 17:17:06.653   321   725 E RkExtensionPlayer: autoDetect(): path = /system/framework/framework-res.apk
09-06 17:17:06.653   321   725 E FFPlayerHelper: isNetWorkUrl: url = /system/framework/framework-res.apk
09-06 17:17:06.653   321   725 E FFPlayerHelper: isBDDirectory() ,path = /system/framework
09-06 17:17:06.654   321   725 E FFPlayerHelper: isBDDirectory(): no BDMV
09-06 17:17:06.654   321   725 E FFPlayerHelper: isBDDirectory() ,path = /system/framework
09-06 17:17:06.654   321   725 E FFPlayerHelper: isBDDirectory(): no BDMV
09-06 17:17:06.654   321   725 E FFPlayerHelper: isBDDirectory() ,path = /system/framework
09-06 17:17:06.654   321   725 E FFPlayerHelper: isBDDirectory(): no BDMV
09-06 17:17:06.654   321   725 E FFPlayerHelper: isBDDirectory() ,path = /system/framework
09-06 17:17:06.654   321   725 E FFPlayerHelper: isBDDirectory(): no BDMV
09-06 17:17:06.654   321   725 E FFPlayerHelper: isBDDirectory() ,path = /system/framework
09-06 17:17:06.654   321   725 E FFPlayerHelper: isBDDirectory(): no BDMV
09-06 17:17:06.654   321   725 E FFPlayerHelper: isBDDirectory() ,path = /system/framework
09-06 17:17:06.654   321   725 E FFPlayerHelper: isBDDirectory(): no BDMV
09-06 17:17:06.654   321   725 E FFPlayerHelper: isBDDirectory() ,path = /system/framework
09-06 17:17:06.654   321   725 E FFPlayerHelper: isBDDirectory(): no BDMV
09-06 17:17:06.654   321   725 E FFPlayerHelper: isBDDirectory() ,path = /system/framework
09-06 17:17:06.654   321   725 E FFPlayerHelper: isBDDirectory(): no BDMV
09-06 17:17:06.654   321   725 E FFPlayerHelper: isBDDirectory() ,path = /system/framework
09-06 17:17:06.654   321   725 E FFPlayerHelper: isBDDirectory(): no BDMV
09-06 17:17:06.654   321   725 E FFPlayerHelper: isBDDirectory() ,path = /system/framework
09-06 17:17:06.655   321   725 E FFPlayerHelper: isBDDirectory(): no BDMV
09-06 17:17:06.656   321   725 E FFPlayerHelper: isBDDirectory() ,path = /system/framework
09-06 17:17:06.656   321   725 E FFPlayerHelper: isBDDirectory(): no BDMV
09-06 17:17:06.656   321   725 E FFPlayerHelper: isBDDirectory() ,path = /system/framework
09-06 17:17:06.657   321   725 E FFPlayerHelper: isBDDirectory(): no BDMV
09-06 17:17:06.657   321   725 E FFPlayerHelper: isBDDirectory() ,path = /system/framework
09-06 17:17:06.657   321   725 E FFPlayerHelper: isBDDirectory(): no BDMV
09-06 17:17:06.657   321   725 E FFPlayerHelper: isBDDirectory() ,path = /system/framework
09-06 17:17:06.657   321   725 E FFPlayerHelper: isBDDirectory(): no BDMV
09-06 17:17:06.657   321   725 E FFPlayerHelper: isBDDirectory() ,path = /system/framework
09-06 17:17:06.657   321   725 E FFPlayerHelper: isBDDirectory(): no BDMV
09-06 17:17:06.657   321   725 E FFPlayerHelper: isBDDirectory() ,path = /system/framework
09-06 17:17:06.657   321   725 E FFPlayerHelper: isBDDirectory(): no BDMV
09-06 17:17:06.657   321   725 E FFPlayerHelper: isBDDirectory() ,path = /system/framework
09-06 17:17:06.657   321   725 E FFPlayerHelper: isBDDirectory(): no BDMV
09-06 17:17:06.657   321   725 E FFPlayerHelper: isBDDirectory() ,path = /system/framework
09-06 17:17:06.657   321   725 E FFPlayerHelper: isBDDirectory(): no BDMV
09-06 17:17:06.657   321   725 E FFPlayerHelper: isBDDirectory() ,path = /system/framework
09-06 17:17:06.657   321   725 E FFPlayerHelper: isBDDirectory(): no BDMV
09-06 17:17:06.657   321   725 E FFPlayerHelper: isBDDirectory() ,path = /system/framework
09-06 17:17:06.657   321   725 E FFPlayerHelper: isBDDirectory(): no BDMV
09-06 17:17:06.657   321   725 E FFPlayerHelper: isBDDirectory() ,path = /system/framework
09-06 17:17:06.657   321   725 E FFPlayerHelper: isBDDirectory(): no BDMV
09-06 17:17:06.657   321   725 E FFPlayerHelper: isBDDirectory() ,path = /system/framework
09-06 17:17:06.657   321   725 E FFPlayerHelper: isBDDirectory(): no BDMV
09-06 17:17:06.657   321   725 E FFPlayerHelper: isBDDirectory() ,path = /system/framework
09-06 17:17:06.658   321   725 E FFPlayerHelper: isBDDirectory(): no BDMV
09-06 17:17:06.658   321   725 E FFPlayerHelper: isBDDirectory() ,path = /system/framework
09-06 17:17:06.658   321   725 E FFPlayerHelper: isBDDirectory(): no BDMV
09-06 17:17:06.659   321   725 E FFPlayerHelper: isBDDirectory() ,path = /system/framework
09-06 17:17:06.659   321   725 E FFPlayerHelper: isBDDirectory(): no BDMV
09-06 17:17:06.659   321   725 E FFPlayerHelper: isBDDirectory() ,path = /system/framework
09-06 17:17:06.659   321   725 E FFPlayerHelper: isBDDirectory(): no BDMV
09-06 17:17:06.659   321   725 E FFPlayerHelper: isBDDirectory() ,path = /system/framework
09-06 17:17:06.659   321   725 E FFPlayerHelper: isBDDirectory(): no BDMV
09-06 17:17:06.659   321   725 E FFPlayerHelper: isBDDirectory() ,path = /system/framework
09-06 17:17:06.659   321   725 E FFPlayerHelper: isBDDirectory(): no BDMV
09-06 17:17:06.659   321   725 E FFPlayerHelper: isBDDirectory() ,path = /system/framework
09-06 17:17:06.659   321   725 E FFPlayerHelper: isBDDirectory(): no BDMV
09-06 17:17:06.659   321   725 E FFPlayerHelper: isBDDirectory() ,path = /system/framework
09-06 17:17:06.659   321   725 E FFPlayerHelper: isBDDirectory(): no BDMV
09-06 17:17:06.659   321   725 E FFPlayerHelper: isBDDirectory() ,path = /system/framework
09-06 17:17:06.659   321   725 E FFPlayerHelper: isBDDirectory(): no BDMV
09-06 17:17:06.659   321   725 E FFPlayerHelper: isBDDirectory() ,path = /system/framework
09-06 17:17:06.659   321   725 E FFPlayerHelper: isBDDirectory(): no BDMV
09-06 17:17:06.659   321   725 E FFPlayerHelper: isBDDirectory() ,path = /system/framework
09-06 17:17:06.659   321   725 E FFPlayerHelper: isBDDirectory(): no BDMV
09-06 17:17:06.659   321   725 E FFPlayerHelper: isBDDirectory() ,path = /system/framework
09-06 17:17:06.659   321   725 E FFPlayerHelper: isBDDirectory(): no BDMV
09-06 17:17:06.659   321   725 E FFPlayerHelper: isBDDirectory() ,path = /system/framework
09-06 17:17:06.659   321   725 E FFPlayerHelper: isBDDirectory(): no BDMV
09-06 17:17:06.660   321   725 E FFPlayerHelper: isBDDirectory() ,path = /system/framework
09-06 17:17:06.660   321   725 E FFPlayerHelper: isBDDirectory(): no BDMV
09-06 17:17:06.660   321   725 E FFPlayerHelper: isBDDirectory() ,path = /system/framework
09-06 17:17:06.660   321   725 E FFPlayerHelper: isBDDirectory(): no BDMV
09-06 17:17:06.660   321   725 E FFPlayerHelper: isBDDirectory() ,path = /system/framework
09-06 17:17:06.660   321   725 E FFPlayerHelper: isBDDirectory(): no BDMV
09-06 17:17:06.660   321   725 E FFPlayerHelper: isBDDirectory() ,path = /system/framework
09-06 17:17:06.660   321   725 E FFPlayerHelper: isBDDirectory(): no BDMV
09-06 17:17:06.660   321   725 E FFPlayerHelper: isBDDirectory() ,path = /system/framework
09-06 17:17:06.660   321   725 E FFPlayerHelper: isBDDirectory(): no BDMV
09-06 17:17:06.660   321   725 E FFPlayerHelper: isBDDirectory() ,path = /system/framework
09-06 17:17:06.660   321   725 E FFPlayerHelper: isBDDirectory(): no BDMV
09-06 17:17:06.660   321   725 E FFPlayerHelper: isBDDirectory() ,path = /system/framework
09-06 17:17:06.660   321   725 E FFPlayerHelper: isBDDirectory(): no BDMV
09-06 17:17:06.660   321   725 E FFPlayerHelper: isBDDirectory() ,path = /system/framework
09-06 17:17:06.660   321   725 E FFPlayerHelper: isBDDirectory(): no BDMV
09-06 17:17:06.660   321   725 E FFPlayerHelper: isBDDirectory() ,path = /system/framework
09-06 17:17:06.660   321   725 E FFPlayerHelper: isBDDirectory(): no BDMV
09-06 17:17:06.660   321   725 E FFPlayerHelper: isBDDirectory() ,path = /system/framework
09-06 17:17:06.660   321   725 E FFPlayerHelper: isBDDirectory(): no BDMV
09-06 17:17:06.660   321   725 E FFPlayerHelper: isBDDirectory() ,path = /system/framework
09-06 17:17:06.660   321   725 E FFPlayerHelper: isBDDirectory(): no BDMV
09-06 17:17:06.660   321   725 E FFPlayerHelper: isBDDirectory() ,path = /system/framework
09-06 17:17:06.660   321   725 E FFPlayerHelper: isBDDirectory(): no BDMV
09-06 17:17:06.660   321   725 E FFPlayerHelper: isBDDirectory() ,path = /system/framework
09-06 17:17:06.660   321   725 E FFPlayerHelper: isBDDirectory(): no BDMV
09-06 17:17:06.661   321   725 E FFPlayerHelper: isBDDirectory() ,path = /system/framework
09-06 17:17:06.661   321   725 E FFPlayerHelper: isBDDirectory(): no BDMV
09-06 17:17:06.661   321   725 D RkExtensionPlayer: openContext out,mTrackInfos size = 0
09-06 17:17:06.661   321   725 E RockFFPlayerBase: openContext : out,ret = 0
09-06 17:17:06.661   321   725 D RockFFPlayer: the source format name: ogg
09-06 17:17:06.661   321   725 D RockFFPlayer: find av stream info in
09-06 17:17:06.685   321   725 E RockFFPlayer: All info may be found, format: ogg
09-06 17:17:06.685   321   725 E RockFFPlayer: All info found, format: ogg
09-06 17:17:06.685   321   725 E RockFFPlayer: read_size = 38
09-06 17:17:06.686   321   725 E RockFFPlayer: update_stream_timings: st[-1465335088].duration = 27977036
09-06 17:17:06.686   321   725 E RockFFPlayer: estimate_timings:0: start_time: 0.000 duration: 27.977,base_time.den=44100,base_time.num=1
09-06 17:17:06.686   321   725 E RockFFPlayer: stream: start_time: 0.000 duration: 634.400 bitrate=79 kb/s
09-06 17:17:06.686   321   725 E RockFFPlayer: avformat_find_stream_info:find_stream_info_err:free info,ok
09-06 17:17:06.686   321   725 D RockFFPlayer: find av stream info ok
09-06 17:17:06.686   321   725 D RockFFPlayer: AudioStartTime=0,VideoStartTime=-1,tmpTime=-1
09-06 17:17:06.686   321   725 E RockFFPlayer: Hery, s->duration = 634399909.000000
09-06 17:17:06.686   321   725 I RockFFPlayer: Input #0, ogg, from 'file/fd::13,offset::3636812,length::14611':
09-06 17:17:06.686   321   725 I RockFFPlayer:   Duration: 
09-06 17:17:06.686   321   725 I RockFFPlayer: 00:10:34.40
09-06 17:17:06.686   321   725 I RockFFPlayer: , start: 
09-06 17:17:06.686   321   725 I RockFFPlayer: 0.000000
09-06 17:17:06.686   321   725 I RockFFPlayer: , bitrate: 
09-06 17:17:06.686   321   725 I RockFFPlayer: 79 kb/s
09-06 17:17:06.686   321   725 I RockFFPlayer: 
09-06 17:17:06.686   321   725 I RockFFPlayer:     Stream #0:0
09-06 17:17:06.687   321   725 I RockFFPlayer: : Audio: vorbis, 44100 Hz, mono, s16, 80 kb/s
09-06 17:17:06.687   321   725 I RockFFPlayer: 
09-06 17:17:06.687   321   725 I RockFFPlayer:     Metadata:
09-06 17:17:06.687   321   725 I RockFFPlayer:       ANDROID_LOOP    : 
09-06 17:17:06.687   321   725 I RockFFPlayer: false
09-06 17:17:06.687   321   725 I RockFFPlayer: 
09-06 17:17:06.687   321   725 I RockFFPlayer:       TITLE           : 
09-06 17:17:06.687   321   725 I RockFFPlayer: Cobalt
09-06 17:17:06.687   321   725 I RockFFPlayer: 
09-06 17:17:06.687   321   725 D RockFFPlayer: send do-prepare message in
09-06 17:17:06.687   321   725 D RockFFPlayer: enter enqueueMessage
09-06 17:17:06.687   321   725 D RockFFPlayer: enqueueMessage:****1
09-06 17:17:06.687   321   725 D RockFFPlayer: enqueueMessage:****2
09-06 17:17:06.687   321   725 D RockFFPlayer: enqueueMessage:****3
09-06 17:17:06.687   321   725 D RockFFPlayer: enqueueMessage:Message 1,set signal
09-06 17:17:06.687   321   725 D RockFFPlayer: enqueueMessage:sync wait
09-06 17:17:06.687   321   724 D RockFFPlayer: deliverMessage 
09-06 17:17:06.687   321   724 D RockFFPlayer: run : dequeueMessage Message 1
09-06 17:17:06.687   321   724 D RockFFPlayer: CMD_PREPARE
09-06 17:17:06.687   321   724 I RockFFPlayer: doPrepare in
09-06 17:17:06.687   321   724 I RockFFPlayer: prepareVideo
09-06 17:17:06.687   321   724 E RockFFPlayer: mVideoStreamIndex is -1
09-06 17:17:06.687   321   724 I RockFFPlayer: prepareAudio
09-06 17:17:06.687   321   724 E RockFFPlayer: audio stream codec_id = 86021
09-06 17:17:06.688   321   724 D RockFFPlayerBase: open MediaDecoder.cfg failed,so can't config anything
09-06 17:17:06.688   321   724 D RockFFPlayerBase: File not exists!
09-06 17:17:06.688   321   724 D RkBitstreamManager: isBypass: 
09-06 17:17:06.696   321   321 W RkMsgQueue: type=1400 audit(0.0:10): avc: denied { read } for name="rk_ext_subtitle" dev="dm-0" ino=1184 scontext=u:r:mediaserver:s0 tcontext=u:object_r:system_data_file:s0 tclass=dir permissive=0
09-06 17:17:06.696   321   321 W RkMsgQueue: type=1400 audit(0.0:11): avc: denied { create } for name="trace_thread.log" scontext=u:r:mediaserver:s0 tcontext=u:object_r:system_data_file:s0 tclass=file permissive=0
09-06 17:17:06.697   321   724 D RockFFPlayer: initAudioPlayer
09-06 17:17:06.697   321   724 D RkBitstreamManager: isBypass: 
09-06 17:17:06.697   321   724 D RockFFPlayer: AudioPlayer getOutputMode : 0, SPDIF mode : -1
09-06 17:17:06.697   321   724 D RockFFPlayerBase: setAudioOutputMode output_mode : 0
09-06 17:17:06.697   321   724 D RockFFPlayerBase: set SPDIF output mode : -1
09-06 17:17:06.697   321   724 D AudioPlayerApi: audio player mode in: 0
09-06 17:17:06.698   321   724 D AudioPlayerApi: audio player mode out: 0
09-06 17:17:06.698   321   724 D RockFFPlayer: initAudioPlayer out
09-06 17:17:06.698   321   724 D RkExtensionPlayer: prepareExtendSubtitle in
09-06 17:17:06.698   321   724 E RockFFPlayer: Failed to prepare external subtitle
09-06 17:17:06.698   321   724 D RkExtensionPlayer: ~RkExtensionPlayer in
09-06 17:17:06.698   321   724 D RkExtensionPlayer: RkExtensionPlayer::closeExtendSubDecoder in
09-06 17:17:06.698   321   724 E FFExtensionSource: ~FFExtensionSource in
09-06 17:17:06.698   321   724 D RockFFPlayer: FFMediaSource context null. 
09-06 17:17:06.698   321   724 E FFExtensionSource: ~FFExtensionSource out
09-06 17:17:06.698   321   724 D RockFFPlayer: ~FFMediaSource
09-06 17:17:06.698   321   724 D RockFFPlayer: FFMediaSource context null. 
09-06 17:17:06.698   321   724 D RkExtensionPlayer: closeExtendSubDecoder out
09-06 17:17:06.698   321   724 E RkExtensionPlayer: deleteAllFileInDirectory(),/tmp/rk_ext_subtitle/ is not exist
09-06 17:17:06.698   321   724 E RkExtensionPlayer: deleteAllFileInDirectory(),/data/rk_ext_subtitle/ is not exist
09-06 17:17:06.699   321   724 I RockFFPlayer: prepareSubtitle in
09-06 17:17:06.699   321   724 E RockFFPlayer: hasSubtitle return fail
09-06 17:17:06.699   321   724 D AudioDecoder: decodeaudio AudioOutputMode : 0, SPDIF_MODE : -1, PlayerMode : 0
09-06 17:17:06.699   321   724 D AudioDecoder: mStream->codec->channels = 1  mStream->codec->sample_rate = 44100
09-06 17:17:06.699   321   724 D AudioDecoder: mStream->codec->channels = 1  mStream->codec->sample_rate = 44100
09-06 17:17:06.699   321   724 D RockFFPlayer: createAudioDecoder: create audio decoder ok
09-06 17:17:06.699   321   724 E RockFFPlayer: createVideoDecoder: no video stream
09-06 17:17:06.699   321   724 E RockFFPlayer: createSubtitleDecoder: no subtitle stream
09-06 17:17:06.699   321   724 E TraceThread: TraceThread::dumpTrace() FileName:/mnt/sdcard/trace_thread.log
09-06 17:17:06.699   321   724 D RockFFPlayerBase: dumpStatus(): Preapared
09-06 17:17:06.700   321   724 D RockFFPlayer: Sync master clock type - 1
09-06 17:17:06.700   321   724 I RockFFPlayer: doPrepareFinish ok
09-06 17:17:06.700   321   724 D RockFFPlayer: run : dequeueMessage Message 1 OK
09-06 17:17:06.700   321   724 D RockFFPlayer: Messagecomplete type [1]
09-06 17:17:06.700   321   724 D RockFFPlayer: run : Message 1 complete
09-06 17:17:06.700   321   725 D RockFFPlayer: enqueueMessage:sync wait ok
09-06 17:17:06.700   321   725 D RockFFPlayer: send do-prepare message ok
09-06 17:17:06.700   321   725 I RockFFPlayer: decodeMovie:getCurrentStatus() = 8
09-06 17:17:06.700   321   725 D FFPlayerHelper: MediaServer is SP_FOREGROUND, tid=725
09-06 17:17:06.702   321   707 E RockFFPlayer: doGetTrackInfo: track size = 1
09-06 17:17:06.706   321   707 D RockFFPlayer: setLooping(): loop = 0
09-06 17:17:06.706   321   321 D RockFFPlayer: setLooping(): loop = 0
09-06 17:17:06.706   321   321 D RockFFPlayer: start: in
09-06 17:17:06.706   321   321 D RockFFPlayerBase: dumpStatus(): Preapared
09-06 17:17:06.706   321   321 D RockFFPlayer: enter enqueueMessage
09-06 17:17:06.707   321   321 D RockFFPlayer: enqueueMessage:****1
09-06 17:17:06.707   321   321 D RockFFPlayer: enqueueMessage:****2
09-06 17:17:06.707   321   321 D RockFFPlayer: enqueueMessage:****3
09-06 17:17:06.707   321   321 D RockFFPlayer: enqueueMessage:Message 1,set signal
09-06 17:17:06.707   321   321 D RockFFPlayer: enqueueMessage:sync wait
09-06 17:17:06.707   321   724 D RockFFPlayer: deliverMessage 
09-06 17:17:06.707   321   724 D RockFFPlayer: run : dequeueMessage Message 2
09-06 17:17:06.707   321   724 D RockFFPlayer: CMD_START
09-06 17:17:06.707   321   724 D RockFFPlayer: doStart()************
09-06 17:17:06.707   321   724 D RockFFPlayerBase: dumpStatus(): Preapared
09-06 17:17:06.707   321   724 D RockFFPlayerBase: dumpStatus(): Started
09-06 17:17:06.707   321   724 D RockFFPlayerBase: allocDecoderBuffer***********
09-06 17:17:06.707   321   724 D RockFFPlayerBase: allocDecoderBuffer**********mNativeWindow == NULL
09-06 17:17:06.707   321   724 D RkAudioPlayer: audio mode: 0
09-06 17:17:06.707   321   724 D RkAudioPlayer: mAudioSink->open in mSampleRate = 44100 channels = 1
09-06 17:17:06.713   321   724 D AudioTrack: Client defaulted notificationFrames to 1176 for frameCount 3528
09-06 17:17:06.716   321   724 D FFMpegThread: startAsync:threadname=DecoderAudio
09-06 17:17:06.716   321   730 D FFMpegThread: DecoderAudio:starting thread
09-06 17:17:06.716   321   730 D AudioDecoder: Prepare audio decoder in
09-06 17:17:06.716   321   724 D RockFFPlayer: No surface to delay start video decoder thread
09-06 17:17:06.716   321   724 D RockFFPlayer: doStart(): mSeekTimeUs = -1
09-06 17:17:06.716   321   724 D RockFFPlayer: doStart ok
09-06 17:17:06.716   321   724 D RockFFPlayer: run : dequeueMessage Message 2 OK
09-06 17:17:06.716   321   724 D RockFFPlayer: Messagecomplete type [2]
09-06 17:17:06.716   321   321 D RockFFPlayer: enqueueMessage:sync wait ok
09-06 17:17:06.716   321   730 D AudioDecoder: Prepare audio decoder ok
09-06 17:17:06.717   321   724 D RockFFPlayer: run : Message 2 complete
09-06 17:17:06.717   321   730 E TraceThread:     DecoderAudio(tid = 2782943600)--> [UID=4c227ff1] DecoderAudio::decode
09-06 17:17:06.717   212   364 E CameraHal_Marvin: OV7251: Sensor_IsiCheckSensorConnectionIss RevId = 0x00007750, value = 0x00007750 
09-06 17:17:06.717   321   729 D RockFFClock: MasterClock - sync pts -127081, mPauseSysClock -1
09-06 17:17:06.718   212   364 E CameraHal_Marvin: HAL-MOCKUP: I2c bus #3 write failed
09-06 17:17:06.718   212   364 D CameraHal_Marvin: 
09-06 17:17:06.718   212   364 D CameraHal_Marvin: 
09-06 17:17:06.718   212   364 D CameraHal_Marvin: 
09-06 17:17:06.718   212   364 D CameraHal_Marvin: CameraHal Version Check:
09-06 17:17:06.718   212   364 D CameraHal_Marvin:     CamSys_Head.h version: 
09-06 17:17:06.718   212   364 D CameraHal_Marvin:        kernel: (0x) v1.0.0
09-06 17:17:06.718   212   364 D CameraHal_Marvin:        libisp_siliconimage_isp.so: (0x) v1.0.0
09-06 17:17:06.718   212   364 D CameraHal_Marvin:     LibIsp version: 
09-06 17:17:06.718   212   364 D CameraHal_Marvin:        local: (0x) v2.4.0
09-06 17:17:06.718   212   364 D CameraHal_Marvin:        camera.rk30board.so: (0x) v2.4.0
09-06 17:17:06.718   212   364 D CameraHal_Marvin:     Sensor ISI version: 
09-06 17:17:06.718   212   364 D CameraHal_Marvin:         libisp_isi_drv_XXX: (0x) v0.d.0
09-06 17:17:06.718   212   364 D CameraHal_Marvin:         libisp_siliconimage_isp.so: (0x) v0.d.0
09-06 17:17:06.718   212   364 D CameraHal_Marvin:     Tunning XML version:
09-06 17:17:06.718   212   364 D CameraHal_Marvin:         libisp_isi_drv_XXX: (22-May-2014_OUYANG_OV7251_FX288_v1.0)
09-06 17:17:06.718   212   364 D CameraHal_Marvin:         Calibdb: (11-04-2014_Rockchip-Gv0.3.0_OV7251_CHT-842B-MD_v0.3.0)
09-06 17:17:06.718   212   364 D CameraHal_Marvin:     sensor name OV7251: 
09-06 17:17:06.718   212   364 D CameraHal_Marvin:        sensor drv version: (0x) v0.4.0
09-06 17:17:06.718   212   364 D CameraHal_Marvin: 
09-06 17:17:06.718   212   364 D CameraHal_Marvin: 
09-06 17:17:06.718   212   364 D CameraHal_Marvin: 
09-06 17:17:06.718   212   364 D CameraHal_Marvin: Request 640x480, Exp(>= -0.000000), Fps(>= 15fps) 
09-06 17:17:06.718   212   364 D CameraHal_Marvin: getPreferedSensorRes is 640x480@30fps
09-06 17:17:06.718   212   364 D CameraHal: setupPreview(333): isp out put format is YUV420SP.
09-06 17:17:06.718   212   364 D CameraHal: setupPreview(345): Sensor output: 640x480 --(0,0,640,480)--> User request: 640x480
09-06 17:17:06.720   212   364 E CameraHal_Marvin: OV7251: Sensor_IsiCheckSensorConnectionIss RevId = 0x00007750, value = 0x00007750 
09-06 17:17:06.720   209   381 D AudioHardwareTiny: adev_set_parameters: kvpairs = orientation=landscape
09-06 17:17:06.733   321   725 E RockFFPlayer: file_read: offset=3651423, c->offset=3636812, c->length=14611
09-06 17:17:06.733   321   725 I chatty  : uid=1013(media) /system/bin/mediaserver identical 1 line
09-06 17:17:06.733   321   725 E RockFFPlayer: file_read: offset=3651423, c->offset=3636812, c->length=14611
09-06 17:17:06.733   321   725 D RockFFPlayer: url_feof=1,err=0
09-06 17:17:06.733   321   725 I RockFFPlayer: av_read_frame end of stream ret = -541478725
09-06 17:17:06.793   209   731 W StreamHAL: Error from HAL stream in function get_presentation_position: Operation not permitted
09-06 17:17:06.793   209   731 W StreamHAL: Error from HAL stream in function get_presentation_position: Operation not permitted
09-06 17:17:06.809   212   364 E CameraHal_Marvin: OV7251: Sensor_SetupOutputWindowInternal: success to set one lane ISI_RES_VGAP30 
09-06 17:17:06.822   212   364 E CameraHal_Marvin: OV7251: Sensor_get_PCLK pre_div:4,Ref_CLK:12000000,VCO:480000000,PLL2_div_2x:2,PLL2_sys_div:10, sysclk:48000000
09-06 17:17:06.823   212   364 E CameraHal_Marvin: OV7251: Sensor_IsiSetOTPInfo:  --AWB(RG,BG) in IQ file is (0x0, 0x0)
09-06 17:17:06.823   212   364 E CameraHal_Marvin: OV7251: Sensor_IsiSetOTPInfo:  --Finally, AWB(RG,BG) is (0x16f, 0x16f)
09-06 17:17:06.825   414   414 D BluetoothManagerService: Trying to bind to profile: 1, while Bluetooth was disabled
09-06 17:17:06.829   212   364 D CameraHal: cam_mem_gralloc_ops_alloc(401): alloc graphic buffer sucess,mem 0xa9f8fb20, vir_addr 0xa5a30000,fd 29
09-06 17:17:06.829   212   364 D CameraHal: cam_mem_gralloc_ops_iommu_map(442): mem 0xa9f8fb20, fd 29
09-06 17:17:06.830   414   733 I Telecom : BluetoothRouteManager: getBluetoothAudioConnectedDevice: no headset service available.
09-06 17:17:06.834   212   364 D CameraHal: cam_mem_gralloc_ops_alloc(401): alloc graphic buffer sucess,mem 0xa9f8fb80, vir_addr 0xa59bf000,fd 33
09-06 17:17:06.834   212   364 D CameraHal: cam_mem_gralloc_ops_iommu_map(442): mem 0xa9f8fb80, fd 33
09-06 17:17:06.835   414   414 I Telecom : SystemStateProvider: Registering car mode receiver: android.content.IntentFilter@4873b0f: TS.init@AAA
09-06 17:17:06.839   212   364 D CameraHal: cam_mem_gralloc_ops_alloc(401): alloc graphic buffer sucess,mem 0xa9f8fbc0, vir_addr 0xa594e000,fd 36
09-06 17:17:06.839   212   364 D CameraHal: cam_mem_gralloc_ops_iommu_map(442): mem 0xa9f8fbc0, fd 36
09-06 17:17:06.844   212   364 D CameraHal: cam_mem_gralloc_ops_alloc(401): alloc graphic buffer sucess,mem 0xa9f8fc00, vir_addr 0xa58dd000,fd 39
09-06 17:17:06.844   212   364 D CameraHal: cam_mem_gralloc_ops_iommu_map(442): mem 0xa9f8fc00, fd 39
09-06 17:17:06.849   212   364 D CameraHal: cam_mem_gralloc_ops_alloc(401): alloc graphic buffer sucess,mem 0xa9f8fc40, vir_addr 0xa586c000,fd 42
09-06 17:17:06.849   212   364 D CameraHal: cam_mem_gralloc_ops_iommu_map(442): mem 0xa9f8fc40, fd 42
09-06 17:17:06.851   414   734 I Telecom : Logging.Events: Non-call EVENT: AUDIO_ROUTE, Entering state QuiescentHeadsetRoute
09-06 17:17:06.853   212   364 D CameraHal: cam_mem_gralloc_ops_alloc(401): alloc graphic buffer sucess,mem 0xa9f8fc80, vir_addr 0xa57fb000,fd 45
09-06 17:17:06.853   212   364 D CameraHal: cam_mem_gralloc_ops_iommu_map(442): mem 0xa9f8fc80, fd 45
09-06 17:17:06.859   212   364 D CameraHal: cam_mem_gralloc_ops_alloc(401): alloc graphic buffer sucess,mem 0xa9f8fcc0, vir_addr 0xa578a000,fd 48
09-06 17:17:06.859   212   364 D CameraHal: cam_mem_gralloc_ops_iommu_map(442): mem 0xa9f8fcc0, fd 48
09-06 17:17:06.863   212   364 D CameraHal: cam_mem_gralloc_ops_alloc(401): alloc graphic buffer sucess,mem 0xa9f8fd00, vir_addr 0xa5719000,fd 51
09-06 17:17:06.863   212   364 D CameraHal: cam_mem_gralloc_ops_iommu_map(442): mem 0xa9f8fd00, fd 51
09-06 17:17:06.864   212   364 E CameraHal_Marvin: OV7251: Sensor_SetupOutputWindowInternal: success to set one lane ISI_RES_VGAP30 
09-06 17:17:06.865   414   736 I Telecom : CallAudioModeStateMachine: Message received: null.: TS.init->CAMSM.pM_1@AAA
09-06 17:17:06.872   414   414 I Telecom : MissedCallNotifierImpl: Boot not yet complete -- call log db may not be available. Deferring loading until boot complete.: TS.init@AAA
09-06 17:17:06.876   414   414 D BluetoothManagerService: Trying to bind to profile: 1, while Bluetooth was disabled
09-06 17:17:06.877   212   364 E CameraHal_Marvin: OV7251: Sensor_get_PCLK pre_div:4,Ref_CLK:12000000,VCO:480000000,PLL2_div_2x:2,PLL2_sys_div:10, sysclk:48000000
09-06 17:17:06.877   212   364 E CameraHal_Marvin: OV7251: Sensor_IsiExposureControlIss: NewGain=4.001008, NewIntegrationTime=0.009589
09-06 17:17:06.877   212   364 E CameraHal_Marvin: OV7251: Sensor_IsiSetIntegrationTimeIss: CoarseIntegrationTime(0x1f0) 
09-06 17:17:06.880   212   364 E CameraHal_Marvin: OV7251: Sensor_IsiExposureControlIss: set: pSetGain=4.000000, pSetIntegrationTime=0.009589, skip=1
09-06 17:17:06.880   212   364 E CameraHal_Marvin: ADPF: AdpfCalculateStrength: (gain=1.000000 fStrength=0.387298, R:165, G:165, B:165)
09-06 17:17:06.880   212   364 E CameraHal_Marvin: HAL-MOCKUP: I2c bus #3 write failed
09-06 17:17:06.881   212   364 E CameraHal_Marvin: HAL-MOCKUP: I2c bus #3 read failed
09-06 17:17:06.881   212   364 E CameraHal_Marvin: CAMERIC_ISP_FLT_DRV: CamerIcIspFltSetFilterParameter: 444 (exit)
09-06 17:17:06.881   414   414 I Telecom : Class: TelecomSystem.INSTANCE being set
09-06 17:17:06.882   212   364 E CameraHal_Marvin: OV7251: Sensor_IsiCheckSensorConnectionIss RevId = 0x00007750, value = 0x00007750 
09-06 17:17:06.884   212   364 E CameraHal_Marvin: HAL-MOCKUP: I2c bus #3 write failed
09-06 17:17:06.885   212   364 E CameraHal_Marvin: HAL-MOCKUP: I2c bus #3 read failed
09-06 17:17:06.885   212   364 D CameraHal: getCallingProcess(62): Calling process from sys.camera.callprocess is: cameraserver
09-06 17:17:06.885   414   414 W ContextImpl: Calling a method in the system process without a qualified user: android.app.ContextImpl.startService:1476 android.content.ContextWrapper.startService:650 com.android.server.telecom.components.TelecomService.initializeTelecomSystem:180 com.android.server.telecom.components.TelecomService.onBind:64 android.app.ActivityThread.handleBindService:3366 
09-06 17:17:06.885   212   364 D CameraHal: initDefaultParameters(1363): Support Preview format: yuv420sp,yuv420p    yuv420sp(default)
09-06 17:17:06.885   212   364 D CameraHal: initDefaultParameters(1365): Support Preview sizes: 176x144,320x240,352x288,640x480    640x480(default)    0x0(force)
09-06 17:17:06.885   212   364 D CameraHal: initDefaultParameters(1366): Support Preview FPS range: (5000,19000),(19000,19000),(24000,24000)
09-06 17:17:06.885   212   364 D CameraHal: initDefaultParameters(1367): Support Preview framerate: 10,15,19,24,30
09-06 17:17:06.886   212   364 D CameraHal: initDefaultParameters(1368): Support Picture sizes: 640x480,640x480,320x240    640x480(default)
09-06 17:17:06.886   212   364 D CameraHal: initDefaultParameters(1369): Support Focus: fixed  Focus zone: 0
09-06 17:17:06.886   212   364 D CameraHal: initDefaultParameters(1372): Support AWB: auto,incandescent,fluorescent,daylight 
09-06 17:17:06.886   212   364 D CameraHal: initDefaultParameters(1373): Support FOV test h(60.000000) v(60.000000)
09-06 17:17:06.886   212   364 D CameraHal: isNeedToRestartPreview(143): mPreviewFrame2AppW (640x480)
09-06 17:17:06.886   212   364 D CameraHal: isNeedToRestartPreview(144): mCamPreviewW (640x480)
09-06 17:17:06.886   212   364 D CameraHal: isNeedToRestartPreview(145): video width (640x480)
09-06 17:17:06.886   314   362 I CameraHardwareInterface: Destroying camera 0
09-06 17:17:06.887   414   427 I chatty  : uid=1000(system) android.bg expire 118 lines
09-06 17:17:06.890   414   414 W ContextImpl: Calling a method in the system process without a qualified user: android.app.ContextImpl.startService:1476 com.android.server.content.SyncManager$13.run:722 android.os.Handler.handleCallback:790 android.os.Handler.dispatchMessage:99 android.os.Looper.loop:164 
09-06 17:17:06.890   212   738 D CameraHal: commandThread(958): commandThread(958):receive CMD_PREVIEW_STOP
09-06 17:17:06.890   212   738 D CameraHal: commandThread(979): commandThread(979): CMD_PREVIEW_STOP out
09-06 17:17:06.890   212   363 D CameraHal: stopPreview(398): stop preview OK.
09-06 17:17:06.892   212   738 D CameraHal: commandThread(1030): commandThread(1030): receive CMD_PREVIEW_CAPTURE_CANCEL
09-06 17:17:06.893   212   738 D CameraHal: isNeedToRestartPreview(143): mPreviewFrame2AppW (640x480)
09-06 17:17:06.893   212   738 D CameraHal: isNeedToRestartPreview(144): mCamPreviewW (640x480)
09-06 17:17:06.893   212   738 D CameraHal: isNeedToRestartPreview(145): video width (640x480)
09-06 17:17:06.893   212   738 D CameraHal: commandThread(1038): commandThread(1038): CMD_PREVIEW_CAPTURE_CANCEL out
09-06 17:17:06.895   212   363 D CameraHal: cancelPicture(603): cancel picture OK.
09-06 17:17:06.895   414   433 D UsbDeviceManager: Clear notification
09-06 17:17:06.896   212   363 I CamDev@1.0-impl: Closing camera 0
09-06 17:17:06.896   212   363 D CameraHal: camera_device_close(455): camera_device_close
09-06 17:17:06.896   212   714 D CameraHal: displayThread(650): displayThread(650): receive CMD_DISPLAY_STOP
09-06 17:17:06.896   212   714 D CameraHal: cameraDisplayBufferDestory(417): cameraDisplayBufferDestory(417): mANativeWindow is NULL, destory is ignore
09-06 17:17:06.897   316   316 D installd: Found storage mount /data/media at /mnt/runtime/default/emulated
09-06 17:17:06.898   212   716 D CameraHal: encProcessThread(2152): encProcessThread(2152): receive CMD_ENCPROCESS_EXIT
09-06 17:17:06.899   212   363 E CameraHal_Marvin: HAL-MOCKUP: I2c bus #3 write failed
09-06 17:17:06.925   414   414 V WiredAccessoryManager: init()
09-06 17:17:06.935   414   414 V NotificationListeners: enabling notification listener for 0: ComponentInfo{com.android.launcher3/com.android.launcher3.notification.NotificationListener}
09-06 17:17:06.935   414   414 V NotificationListeners: binding: Intent { act=android.service.notification.NotificationListenerService cmp=com.android.launcher3/.notification.NotificationListener (has extras) }
09-06 17:17:06.935   414   414 W ActivityManager: Unable to start service Intent { act=android.service.notification.NotificationListenerService cmp=com.android.launcher3/.notification.NotificationListener } U=0: not found
09-06 17:17:06.935   414   414 W NotificationListeners: Unable to bind notification listener service: Intent { act=android.service.notification.NotificationListenerService cmp=com.android.launcher3/.notification.NotificationListener (has extras) }
09-06 17:17:06.938   209   356 W DeviceHAL: Device 0xab03d000 set_mic_mute: Function not implemented
09-06 17:17:06.938   209   356 W DeviceHAL: Device 0xab042040 set_mic_mute: Function not implemented
09-06 17:17:06.945   414   414 D ConditionProviders.SCP: onSubscribe condition://android/schedule?days=1.2.3.4.5&start=22.0&end=7.0&exitAtAlarm=false
09-06 17:17:06.946   414   414 D ConditionProviders.SCP: setRegistered true
09-06 17:17:06.947   414   414 D ConditionProviders.SCP: notifyCondition condition://android/schedule?days=1.2.3.4.5&start=22.0&end=7.0&exitAtAlarm=false STATE_FALSE reason=!meetsSchedule
09-06 17:17:06.948   414   495 E ActivityThread: Failed to find provider info for com.android.calendar
09-06 17:17:06.949   414   495 E ActivityThread: Failed to find provider info for com.android.calendar
09-06 17:17:06.961   414   414 D ConditionProviders.SCP: Scheduling evaluate for Fri Sep 06 22:00:00 GMT+08:00 2019 (1567778400000), in +4h42m53s54ms, now=Fri Sep 06 17:17:06 GMT+08:00 2019 (1567761426946)
09-06 17:17:06.961   414   414 D ConditionProviders.SCP: onSubscribe condition://android/schedule?days=6.7&start=23.30&end=10.0&exitAtAlarm=false
09-06 17:17:06.961   414   414 D ConditionProviders.SCP: notifyCondition condition://android/schedule?days=6.7&start=23.30&end=10.0&exitAtAlarm=false STATE_FALSE reason=!meetsSchedule
09-06 17:17:06.962   414   414 D ConditionProviders.SCP: notifyCondition condition://android/schedule?days=1.2.3.4.5&start=22.0&end=7.0&exitAtAlarm=false STATE_FALSE reason=!meetsSchedule
09-06 17:17:06.962   414   414 D ConditionProviders.SCP: Scheduling evaluate for Fri Sep 06 22:00:00 GMT+08:00 2019 (1567778400000), in +4h42m53s39ms, now=Fri Sep 06 17:17:06 GMT+08:00 2019 (1567761426961)
09-06 17:17:06.962   414   414 D BluetoothManagerService: BluetoothServiceConnection: com.android.bluetooth.btservice.AdapterService
09-06 17:17:06.963   414   434 D BluetoothManagerService: MESSAGE_BLUETOOTH_SERVICE_CONNECTED: 1
09-06 17:17:06.963   414   434 D BluetoothManagerService: MESSAGE_GET_NAME_AND_ADDRESS
09-06 17:17:06.967   414   434 D BluetoothManagerService: unbindAndFinish(): android.bluetooth.IBluetooth$Stub$Proxy@337c2db mBinding = false mUnbinding = false
09-06 17:17:06.967   321   321 E RockFFPlayer: doGetTrackInfo: track size = 1
09-06 17:17:06.973   514   514 D BluetoothAdapterService: onUnbind() - calling cleanup
09-06 17:17:06.974   514   514 D BluetoothAdapterService: cleanup()
09-06 17:17:06.975   514   514 W BluetoothSdpJni: Cleaning up Bluetooth SDP Interface...
09-06 17:17:06.975   514   514 W BluetoothSdpJni: Cleaning up Bluetooth SDP object
09-06 17:17:06.975   514   514 D BluetoothAdapterService: cleanup() - Cleaning up adapter native
09-06 17:17:06.975   514   614 I bt_stack_manager: event_clean_up_stack is cleaning up the stack
09-06 17:17:06.975   514   614 I bt_btif_core: btif_cleanup_bluetooth entered
09-06 17:17:06.976   223   223 I WifiHAL : Got channel list with 13 channels
09-06 17:17:06.977   514   614 E BluetoothServiceJni: Callback: 'callback_thread_event' is not called on the correct thread
09-06 17:17:06.978   223   223 I WifiHAL : Got channel list with 0 channels
09-06 17:17:06.978   223   223 W WifiHAL : Ignoring invalid attribute type = 37, size = 0
09-06 17:17:06.980   223   223 I WifiHAL : Got channel list with 0 channels
09-06 17:17:06.980   223   223 W WifiHAL : Ignoring invalid attribute type = 37, size = 0
09-06 17:17:06.981   514   614 I bt_btif_queue: btif_queue_release
09-06 17:17:06.981   514   619 I bt_btif_core: run_message_loop finished
09-06 17:17:06.981   514   619 W bt_osi_thread: run_thread: thread id 619, thread name bt_jni_workqueue exited
09-06 17:17:06.981   514   614 I bt_core_module: module_clean_up Cleaning up module "stack_config_module"
09-06 17:17:06.982   514   614 I bt_core_module: module_clean_up Cleanup of module "stack_config_module" completed
09-06 17:17:06.982   514   614 I bt_core_module: module_clean_up Cleaning up module "interop_module"
09-06 17:17:06.982   514   614 I bt_core_module: module_clean_up Cleanup of module "interop_module" completed
09-06 17:17:06.982   514   614 I bt_btif_core: btif_cleanup_bluetooth finished
09-06 17:17:06.982   514   614 I bt_core_module: module_clean_up Cleaning up module "btif_config_module"
09-06 17:17:06.982   414   414 I Telecom : WiredHeadsetManager: ACTION_HEADSET_PLUG event, plugged in: true, : WHC.oADA@AAE
09-06 17:17:06.986   514   614 I bt_core_module: module_clean_up Cleanup of module "btif_config_module" completed
09-06 17:17:06.986   514   614 I bt_core_module: module_clean_up Cleaning up module "bt_utils_module"
09-06 17:17:06.986   514   614 I bt_core_module: module_clean_up Cleanup of module "bt_utils_module" completed
09-06 17:17:06.987   514   614 I bt_core_module: module_clean_up Cleaning up module "osi_module"
09-06 17:17:06.987   514   618 D bt_osi_alarm: callback_dispatch Callback thread exited
09-06 17:17:06.987   514   618 W bt_osi_thread: run_thread: thread id 618, thread name alarm_dispatcher exited
09-06 17:17:06.987   514   617 W bt_osi_thread: run_thread: thread id 617, thread name alarm_default_ca exited
09-06 17:17:06.987   514   614 I bt_core_module: module_clean_up Cleanup of module "osi_module" completed
09-06 17:17:06.988   514   614 I bt_stack_manager: event_clean_up_stack finished
09-06 17:17:06.988   514   514 I BluetoothServiceJni: cleanupNative: return from cleanup
09-06 17:17:06.988   514   514 D BluetoothAdapterService: onDestroy()
09-06 17:17:06.989   514   514 I BluetoothAdapterService: Force exit to cleanup internal state in Bluetooth stack
09-06 17:17:06.989   414   427 I SyncManager: Got SyncJobService instance.
09-06 17:17:06.994   414   414 I AutofillManagerService: Updating Autofill for user 0: disabled=false
09-06 17:17:06.994   514   514 I zygote  : System.exit called, status: 0
09-06 17:17:06.994   514   514 I AndroidRuntime: VM exiting with result code 0, cleanup skipped.
09-06 17:17:06.997   414   493 I chatty  : uid=1000(system) notification-sq expire 1 line
09-06 17:17:07.000   212   720 D CameraHal_Marvin: HAL-MOCKUP:  free memops buffer(phy=0xffc00000) successful
09-06 17:17:07.001   212   720 D CameraHal_Marvin: HAL-MOCKUP:  free memops buffer(phy=0xffc80000) successful
09-06 17:17:07.002   212   720 D CameraHal_Marvin: HAL-MOCKUP:  free memops buffer(phy=0xffd00000) successful
09-06 17:17:07.003   212   720 D CameraHal_Marvin: HAL-MOCKUP:  free memops buffer(phy=0xffd80000) successful
09-06 17:17:07.008   212   720 D CameraHal_Marvin: HAL-MOCKUP:  free memops buffer(phy=0xffe00000) successful
09-06 17:17:07.009   212   720 D CameraHal_Marvin: HAL-MOCKUP:  free memops buffer(phy=0xffe80000) successful
09-06 17:17:07.015   212   720 D CameraHal_Marvin: HAL-MOCKUP:  free memops buffer(phy=0xfff00000) successful
09-06 17:17:07.016   212   720 D CameraHal_Marvin: HAL-MOCKUP:  free memops buffer(phy=0xfff80000) successful
09-06 17:17:07.017   212   363 E CameraHal_Marvin: OV7251:  STREAM OFF ++++++++++++++
09-06 17:17:07.025   414   430 I chatty  : uid=1000(system) ActivityManager expire 12 lines
09-06 17:17:07.025   414   464 I ActivityManager: Process com.android.bluetooth (pid 514) has died: fore SVC 
09-06 17:17:07.041   212   738 D CameraHal: commandThread(1141): commandThread(1141): receive CMD_EXIT
09-06 17:17:07.041   212   363 D CameraHal: ~CameraHal(329): CameraHal destory success
09-06 17:17:07.042   314   412 I CameraService: disconnect: Disconnected client for camera 0 for PID 314
09-06 17:17:07.042   321   321 D NuPlayerDriver: reset(0xa8a8b200) at state 2
09-06 17:17:07.044   321   321 D NuPlayerDriver: notifyListener_l(0xa8a8b200), (8, 0, 0, -1), loop setting(0, 0)
09-06 17:17:07.044   321   702 D NuPlayerDriver: notifyResetComplete(0xa8a8b200)
09-06 17:17:07.044   321   321 D NuPlayerDriver: reset(0xa8a8b480) at state 2
09-06 17:17:07.045   321   321 D NuPlayerDriver: notifyListener_l(0xa8a8b480), (8, 0, 0, -1), loop setting(0, 0)
09-06 17:17:07.045   321   708 D NuPlayerDriver: notifyResetComplete(0xa8a8b480)
09-06 17:17:07.045   321   321 D NuPlayerDriver: reset(0xa8a8b680) at state 2
09-06 17:17:07.045   321   321 D NuPlayerDriver: notifyListener_l(0xa8a8b680), (8, 0, 0, -1), loop setting(0, 0)
09-06 17:17:07.045   321   712 D NuPlayerDriver: notifyResetComplete(0xa8a8b680)
09-06 17:17:07.046   212   363 D CameraHal: camera_get_camera_info(1447): camera_get_camera_info(1447): camera_0 facing(0), orientation(0)
09-06 17:17:07.063   544   544 I StatusBar: isKeyguardShowing() called before startKeyguard(), returning true
09-06 17:17:07.068   544   544 W StatusBar: isKeyguardSecure() called before startKeyguard(), returning false
09-06 17:17:07.068   544   544 W StatusBar: java.lang.Throwable
09-06 17:17:07.068   544   544 W StatusBar: 	at com.android.systemui.statusbar.phone.StatusBar.isKeyguardSecure(StatusBar.java:7627)
09-06 17:17:07.068   544   544 W StatusBar: 	at com.android.systemui.statusbar.phone.StatusBar.isCameraAllowedByAdmin(StatusBar.java:5512)
09-06 17:17:07.068   544   544 W StatusBar: 	at com.android.systemui.statusbar.phone.KeyguardBottomAreaView$DefaultRightButton.getIcon(KeyguardBottomAreaView.java:856)
09-06 17:17:07.068   544   544 W StatusBar: 	at com.android.systemui.statusbar.phone.KeyguardBottomAreaView.updateCameraVisibility(KeyguardBottomAreaView.java:382)
09-06 17:17:07.068   544   544 W StatusBar: 	at com.android.systemui.statusbar.phone.KeyguardBottomAreaView.setStatusBar(KeyguardBottomAreaView.java:351)
09-06 17:17:07.068   544   544 W StatusBar: 	at com.android.systemui.statusbar.phone.NotificationPanelView.setStatusBar(NotificationPanelView.java:253)
09-06 17:17:07.068   544   544 W StatusBar: 	at com.android.systemui.statusbar.phone.StatusBar.makeStatusBarView(StatusBar.java:1094)
09-06 17:17:07.068   544   544 W StatusBar: 	at com.android.systemui.statusbar.phone.StatusBar.addStatusBarWindow(StatusBar.java:3740)
09-06 17:17:07.068   544   544 W StatusBar: 	at com.android.systemui.statusbar.phone.StatusBar.createAndAddWindows(StatusBar.java:3736)
09-06 17:17:07.068   544   544 W StatusBar: 	at com.android.systemui.statusbar.phone.StatusBar.start(StatusBar.java:960)
09-06 17:17:07.068   544   544 W StatusBar: 	at com.android.systemui.SystemBars.createStatusBarFromConfig(SystemBars.java:71)
09-06 17:17:07.068   544   544 W StatusBar: 	at com.android.systemui.SystemBars.start(SystemBars.java:42)
09-06 17:17:07.068   544   544 W StatusBar: 	at com.android.systemui.SystemUIApplication.startServicesIfNeeded(SystemUIApplication.java:215)
09-06 17:17:07.068   544   544 W StatusBar: 	at com.android.systemui.SystemUIApplication.startServicesIfNeeded(SystemUIApplication.java:164)
09-06 17:17:07.068   544   544 W StatusBar: 	at com.android.systemui.SystemUIService.onCreate(SystemUIService.java:33)
09-06 17:17:07.068   544   544 W StatusBar: 	at android.app.ActivityThread.handleCreateService(ActivityThread.java:3339)
09-06 17:17:07.068   544   544 W StatusBar: 	at android.app.ActivityThread.-wrap4(Unknown Source:0)
09-06 17:17:07.068   544   544 W StatusBar: 	at android.app.ActivityThread$H.handleMessage(ActivityThread.java:1677)
09-06 17:17:07.068   544   544 W StatusBar: 	at android.os.Handler.dispatchMessage(Handler.java:106)
09-06 17:17:07.068   544   544 W StatusBar: 	at android.os.Looper.loop(Looper.java:164)
09-06 17:17:07.068   544   544 W StatusBar: 	at android.app.ActivityThread.main(ActivityThread.java:6494)
09-06 17:17:07.068   544   544 W StatusBar: 	at java.lang.reflect.Method.invoke(Native Method)
09-06 17:17:07.068   544   544 W StatusBar: 	at com.android.internal.os.RuntimeInit$MethodAndArgsCaller.run(RuntimeInit.java:438)
09-06 17:17:07.068   544   544 W StatusBar: 	at com.android.internal.os.ZygoteInit.main(ZygoteInit.java:807)
09-06 17:17:07.118   544   544 I StatusBar: isKeyguardShowing() called before startKeyguard(), returning true
09-06 17:17:07.119   544   544 W StatusBar: isKeyguardSecure() called before startKeyguard(), returning false
09-06 17:17:07.119   544   544 W StatusBar: java.lang.Throwable
